07-03 08:57:07.556  1052  2788 E ActivityThread: Failed to find provider info for com.qihoo360.apm.apmdatamanager.ApmDataProvider
07-03 08:57:07.568  1052  1052 E ActivityThread: Failed to find provider info for com.qihoo360.apm.apmdatamanager.ApmDataProvider
07-03 08:57:07.584  1052  1052 E ActivityThread: Failed to find provider info for com.qihoo360.apm.apmdatamanager.ApmDataProvider
07-03 08:57:07.593  1052  1052 E ActivityThread: Failed to find provider info for com.qihoo360.apm.apmdatamanager.ApmDataProvider
07-03 08:57:07.599  1052  1052 E ActivityThread: Failed to find provider info for com.qihoo360.apm.apmdatamanager.ApmDataProvider
07-03 08:57:07.746   600   649 D ConnectivityService: Sending DISCONNECTED broadcast for type 1 NetworkAgentInfo [WIFI () - 110] isDefaultNetwork=true
07-03 08:57:10.188  1052  1052 E ActivityThread: Failed to find provider info for com.qihoo360.apm.apmdatamanager.ApmDataProvider
07-03 08:57:10.193  1052  1052 E ActivityThread: Failed to find provider info for com.qihoo360.apm.apmdatamanager.ApmDataProvider
07-03 08:57:10.307  1052  1052 E ActivityThread: Failed to find provider info for com.qihoo360.apm.apmdatamanager.ApmDataProvider
07-03 08:57:10.322  1052  1052 E ActivityThread: Failed to find provider info for com.qihoo360.apm.apmdatamanager.ApmDataProvider
07-03 08:57:10.387  1052  1052 E ActivityThread: Failed to find provider info for com.qihoo360.apm.apmdatamanager.ApmDataProvider
07-03 08:57:10.394  1052  1052 E ActivityThread: Failed to find provider info for com.qihoo360.apm.apmdatamanager.ApmDataProvider
07-03 08:57:10.415   600   645 D ConnectivityService: registerNetworkAgent NetworkAgentInfo{ ni{[type: WIFI[], state: CONNECTING/CONNECTING, reason: (unspecified), extra: "Zenjoy", failover: false, available: true, roaming: false, metered: false]}  network{111}  nethandle{476757805790}  lp{{LinkAddresses: []  Routes: [] DnsAddresses: [] Domains: null MTU: 0}}  nc{[ Transports: WIFI Capabilities: NOT_METERED&INTERNET&NOT_RESTRICTED&TRUSTED&NOT_VPN LinkUpBandwidth>=1048576Kbps LinkDnBandwidth>=1048576Kbps]}  Score{20}  everValidated{false}  lastValidated{false}  created{false} lingering{false} explicitlySelected{false} acceptUnvalidated{false} everCaptivePortalDetected{false} lastCaptivePortalDetected{false} }
07-03 08:57:10.416   600   649 D ConnectivityService: NetworkAgentInfo [WIFI () - 111] EVENT_NETWORK_INFO_CHANGED, going from null to CONNECTING
07-03 08:57:10.426  1052  1052 E ActivityThread: Failed to find provider info for com.qihoo360.apm.apmdatamanager.ApmDataProvider
07-03 08:57:10.443  1052  1052 E ActivityThread: Failed to find provider info for com.qihoo360.apm.apmdatamanager.ApmDataProvider
07-03 08:57:10.447  1052  1052 E ActivityThread: Failed to find provider info for com.qihoo360.apm.apmdatamanager.ApmDataProvider
07-03 08:57:10.460  1052  1052 E ActivityThread: Failed to find provider info for com.qihoo360.apm.apmdatamanager.ApmDataProvider
07-03 08:57:10.474  1052  2788 E ActivityThread: Failed to find provider info for com.qihoo360.apm.apmdatamanager.ApmDataProvider
07-03 08:57:10.478  1052  1052 E ActivityThread: Failed to find provider info for com.qihoo360.apm.apmdatamanager.ApmDataProvider
07-03 08:57:10.487  1052  1052 E ActivityThread: Failed to find provider info for com.qihoo360.apm.apmdatamanager.ApmDataProvider
07-03 08:57:10.492  1052  2788 E ActivityThread: Failed to find provider info for com.qihoo360.apm.apmdatamanager.ApmDataProvider
07-03 08:57:10.500  1052  1052 E ActivityThread: Failed to find provider info for com.qihoo360.apm.apmdatamanager.ApmDataProvider
07-03 08:57:10.508  1052  1052 E ActivityThread: Failed to find provider info for com.qihoo360.apm.apmdatamanager.ApmDataProvider
07-03 08:57:10.523  1052  1052 E ActivityThread: Failed to find provider info for com.qihoo360.apm.apmdatamanager.ApmDataProvider
07-03 08:57:10.527  1052  1052 E ActivityThread: Failed to find provider info for com.qihoo360.apm.apmdatamanager.ApmDataProvider
07-03 08:57:10.606   600   649 D ConnectivityService: NetworkAgentInfo [WIFI () - 111] EVENT_NETWORK_INFO_CHANGED, going from CONNECTING to CONNECTED
07-03 08:57:10.607   600   649 D ConnectivityService: Adding iface wlan0 to network 111
07-03 08:57:10.619  1052  1052 E ActivityThread: Failed to find provider info for com.qihoo360.apm.apmdatamanager.ApmDataProvider
07-03 08:57:10.627  1052  1052 E ActivityThread: Failed to find provider info for com.qihoo360.apm.apmdatamanager.ApmDataProvider
07-03 08:57:10.643  1052  1052 E ActivityThread: Failed to find provider info for com.qihoo360.apm.apmdatamanager.ApmDataProvider
07-03 08:57:10.659  1052  1052 E ActivityThread: Failed to find provider info for com.qihoo360.apm.apmdatamanager.ApmDataProvider
07-03 08:57:10.740   600   649 D ConnectivityService: Setting DNS servers for network 111 to [/192.168.15.11, /182.92.170.82, /14.215.128.159, /202.106.0.20]
07-03 08:57:10.765  1052  1052 E ActivityThread: Failed to find provider info for com.qihoo360.apm.apmdatamanager.ApmDataProvider
07-03 08:57:10.773  1052  1052 E ActivityThread: Failed to find provider info for com.qihoo360.apm.apmdatamanager.ApmDataProvider
07-03 08:57:10.789   600   649 D ConnectivityService: Switching to new default network: NetworkAgentInfo{ ni{[type: WIFI[], state: CONNECTED/CONNECTED, reason: (unspecified), extra: "Zenjoy", failover: false, available: true, roaming: false, metered: false]}  network{111}  nethandle{476757805790}  lp{{InterfaceName: wlan0 LinkAddresses: [fe80::b6ce:f6ff:fe9e:4157/64,192.168.10.178/23,]  Routes: [fe80::/64 -> :: wlan0,192.168.10.0/23 -> 0.0.0.0 wlan0,0.0.0.0/0 -> 192.168.11.254 wlan0,] DnsAddresses: [192.168.15.11,182.92.170.82,14.215.128.159,202.106.0.20,] Domains: zenjoy.net MTU: 0 TcpBufferSizes: 524288,1048576,2097152,262144,524288,1048576}}  nc{[ Transports: WIFI Capabilities: NOT_METERED&INTERNET&NOT_RESTRICTED&TRUSTED&NOT_VPN&FOREGROUND LinkUpBandwidth>=1048576Kbps LinkDnBandwidth>=1048576Kbps SignalStrength: -58]}  Score{20}  everValidated{false}  lastValidated{false}  created{true} lingering{false} explicitlySelected{false} acceptUnvalidated{false} everCaptivePortalDetected{false} lastCaptivePortalDetected{false} }
07-03 08:57:10.978  1052  1052 E ActivityThread: Failed to find provider info for com.qihoo360.apm.apmdatamanager.ApmDataProvider
07-03 08:57:10.984  1052  1052 E ActivityThread: Failed to find provider info for com.qihoo360.apm.apmdatamanager.ApmDataProvider
07-03 08:57:11.001   600   649 D ConnectivityService: Sending CONNECTED broadcast for type 1 NetworkAgentInfo [WIFI () - 111] isDefaultNetwork=true
07-03 08:57:11.131   600   649 D NetworkNotificationManager: clearNotification id=111
07-03 08:57:11.131   600   649 D ConnectivityService: NetworkAgentInfo [WIFI () - 111] validation passed
07-03 08:57:11.291  1052  1052 E ActivityThread: Failed to find provider info for com.qihoo360.apm.apmdatamanager.ApmDataProvider
07-03 08:57:11.308  1052  1052 E ActivityThread: Failed to find provider info for com.qihoo360.apm.apmdatamanager.ApmDataProvider
07-03 08:57:11.316  1052  2788 E ActivityThread: Failed to find provider info for com.qihoo360.apm.apmdatamanager.ApmDataProvider
07-03 08:57:13.506  1052  1052 E ActivityThread: Failed to find provider info for com.qihoo360.apm.apmdatamanager.ApmDataProvider
07-03 08:57:13.519  1052  1052 E ActivityThread: Failed to find provider info for com.qihoo360.apm.apmdatamanager.ApmDataProvider
07-03 08:57:13.527  1052  1052 E ActivityThread: Failed to find provider info for com.qihoo360.apm.apmdatamanager.ApmDataProvider
07-03 08:57:13.564  1052  2788 E ActivityThread: Failed to find provider info for com.qihoo360.apm.apmdatamanager.ApmDataProvider
07-03 08:57:14.770  1052  1052 E ActivityThread: Failed to find provider info for com.qihoo360.apm.apmdatamanager.ApmDataProvider
07-03 08:57:37.370   600   616 E BatteryStatsService: modem info is invalid: ModemActivityInfo{ mTimestamp=0 mSleepTimeMs=0 mIdleTimeMs=0 mTxTimeMs[]=[0, 0, 0, 0, 0] mRxTimeMs=0 mEnergyUsed=0}
07-03 08:59:20.059   600  5132 I ActivityManager: START u0 {flg=0x10000000 cmp=com.newstart.dragonio/com.zentertain.newstart.Main} from uid 2000 on display 0
07-03 08:59:26.840   600 13077 W InputManager: Input event injection from pid 8450 failed.
07-03 08:59:30.412   600   600 V NotificationService: pkg=com.qihoo.appstore canInterrupt=false intercept=true
07-03 08:59:30.442   600   600 V NotificationService: pkg=com.qihoo.appstore canInterrupt=false intercept=true
07-03 08:59:56.665   600  1310 W InputManager: Input event injection from pid 8450 failed.
07-03 09:00:30.590   600 13078 W InputManager: Input event injection from pid 8450 failed.
07-03 09:00:37.372   600   616 E BatteryStatsService: modem info is invalid: ModemActivityInfo{ mTimestamp=0 mSleepTimeMs=0 mIdleTimeMs=0 mTxTimeMs[]=[0, 0, 0, 0, 0] mRxTimeMs=0 mEnergyUsed=0}
07-03 09:01:01.324   600 13078 W InputManager: Input event injection from pid 8450 failed.
07-03 09:01:31.486   600   610 W InputManager: Input event injection from pid 8450 failed.
07-03 09:01:52.498   600   612 I UsageStatsService: User[0] Flushing usage stats to disk
07-03 09:04:30.689   600   600 V NotificationService: pkg=com.qihoo.appstore canInterrupt=false intercept=true
07-03 09:04:30.728   600   600 V NotificationService: pkg=com.qihoo.appstore canInterrupt=false intercept=true
07-03 09:04:37.377   600   616 E BatteryStatsService: modem info is invalid: ModemActivityInfo{ mTimestamp=0 mSleepTimeMs=0 mIdleTimeMs=0 mTxTimeMs[]=[0, 0, 0, 0, 0] mRxTimeMs=0 mEnergyUsed=0}
07-03 09:07:45.809   600   616 E BatteryStatsService: modem info is invalid: ModemActivityInfo{ mTimestamp=0 mSleepTimeMs=0 mIdleTimeMs=0 mTxTimeMs[]=[0, 0, 0, 0, 0] mRxTimeMs=0 mEnergyUsed=0}
07-03 09:08:26.383  1052  1052 E ActivityThread: Failed to find provider info for com.qihoo360.apm.apmdatamanager.ApmDataProvider
07-03 09:08:26.399  1052  1052 E ActivityThread: Failed to find provider info for com.qihoo360.apm.apmdatamanager.ApmDataProvider
07-03 09:08:26.409  1052  2788 E ActivityThread: Failed to find provider info for com.qihoo360.apm.apmdatamanager.ApmDataProvider
07-03 09:08:26.417  1052  1052 E ActivityThread: Failed to find provider info for com.qihoo360.apm.apmdatamanager.ApmDataProvider
07-03 09:08:26.435  1052  1052 E ActivityThread: Failed to find provider info for com.qihoo360.apm.apmdatamanager.ApmDataProvider
07-03 09:08:26.905  1052  2788 E ActivityThread: Failed to find provider info for com.qihoo360.apm.apmdatamanager.ApmDataProvider
07-03 09:08:37.378   600   616 E BatteryStatsService: modem info is invalid: ModemActivityInfo{ mTimestamp=0 mSleepTimeMs=0 mIdleTimeMs=0 mTxTimeMs[]=[0, 0, 0, 0, 0] mRxTimeMs=0 mEnergyUsed=0}
07-03 09:08:53.328   600 13073 W AlarmManager: Suspiciously short interval 3000 millis; expanding to 60 seconds
07-03 09:08:54.570   600 13071 W AlarmManager: Suspiciously short interval 3000 millis; expanding to 60 seconds
07-03 09:08:58.120   600   613 I ProcessStatsService: Prepared write state in 2ms
07-03 09:08:59.571   600   634 W ActivityManager: Unable to start service Intent { flg=0x4 pkg=com.zentertain.doublexcasino cmp=com.zentertain.doublexcasino/net.zenjoy.lockscreen.LockService$InitLockScreenTask (has extras) } U=0: not found
07-03 09:08:59.572   600   634 W ActivityManager: Unable to start service Intent { flg=0x4 pkg=com.zentertain.vegasgrandslots cmp=com.zentertain.vegasgrandslots/net.zenjoy.lockscreen.LockService$InitLockScreenTask (has extras) } U=0: not found
07-03 09:09:17.268   600  1160 W ActivityManager: Unable to start service Intent { act=service_action_LOOPER_VALUE pkg=com.qihoo.gameassist } U=0: not found
07-03 09:09:30.937   600   600 V NotificationService: pkg=com.qihoo.appstore canInterrupt=false intercept=true
07-03 09:09:30.958   600   600 V NotificationService: pkg=com.qihoo.appstore canInterrupt=false intercept=true
07-03 09:11:37.372   600   616 E BatteryStatsService: modem info is invalid: ModemActivityInfo{ mTimestamp=0 mSleepTimeMs=0 mIdleTimeMs=0 mTxTimeMs[]=[0, 0, 0, 0, 0] mRxTimeMs=0 mEnergyUsed=0}
07-03 09:13:04.436   600  5132 I ActivityManager: Start proc 25968:com.google.android.talk/u0a55 for service com.google.android.talk/com.google.android.apps.hangouts.concurrent.impl.GcmTriggeredNotifier
07-03 09:13:05.545   600  1160 D CryptdConnector: SND -> {55 cryptfs getpwtype}
07-03 09:13:05.546   187   193 D VoldCryptCmdListener: cryptfs getpwtype
07-03 09:13:05.546   600   639 D CryptdConnector: RCV <- {213 55 default}
07-03 09:13:07.793   600 13079 E BatteryStatsService: modem info is invalid: ModemActivityInfo{ mTimestamp=0 mSleepTimeMs=0 mIdleTimeMs=0 mTxTimeMs[]=[0, 0, 0, 0, 0] mRxTimeMs=0 mEnergyUsed=0}
07-03 09:13:24.589   600  1694 I ActivityManager: Start proc 26038:com.google.android.gms.ui/u0a9 for service com.google.android.gms/.chimera.UiIntentOperationService
07-03 09:13:33.708   600 13075 I ActivityManager: Killing 18377:com.google.android.apps.walletnfcrel/u0a77 (adj 906): empty for 3355s
07-03 09:13:33.810   600  2380 D ActivityManager: cleanUpApplicationRecord -- 18377
07-03 09:13:35.574   600 13079 I Telecom : PhoneAccountRegistrar: SimCallManager queried, returning: null: TSI.gSCM@AB4
07-03 09:13:58.261   600   874 I ActivityManager: Killing 18572:com.google.android.apps.photos/u0a64 (adj 906): empty for 3316s
07-03 09:13:58.658   600  2378 D ActivityManager: cleanUpApplicationRecord -- 18572
07-03 09:14:31.098   600   600 V NotificationService: pkg=com.qihoo.appstore canInterrupt=false intercept=true
07-03 09:14:31.128   600   600 V NotificationService: pkg=com.qihoo.appstore canInterrupt=false intercept=true
07-03 09:17:37.404   600   616 E BatteryStatsService: modem info is invalid: ModemActivityInfo{ mTimestamp=0 mSleepTimeMs=0 mIdleTimeMs=0 mTxTimeMs[]=[0, 0, 0, 0, 0] mRxTimeMs=0 mEnergyUsed=0}
07-03 09:17:38.467   600   661 I ActivityManager: Start proc 26099:com.google.android.apps.walletnfcrel/u0a77 for service com.google.android.apps.walletnfcrel/com.google.commerce.tapandpay.android.handsfree.ble.BleScanTaskService
07-03 09:17:39.201   600   874 D CryptdConnector: SND -> {56 cryptfs getpwtype}
07-03 09:17:39.202   187   193 D VoldCryptCmdListener: cryptfs getpwtype
07-03 09:17:39.202   600   639 D CryptdConnector: RCV <- {213 56 default}
07-03 09:18:00.015   600   600 I ActivityManager: Killing 23956:com.google.android.videos/u0a74 (adj 906): empty for 2145s
07-03 09:18:00.091   600  1161 D ActivityManager: cleanUpApplicationRecord -- 23956
07-03 09:19:31.189   600   600 V NotificationService: pkg=com.qihoo.appstore canInterrupt=false intercept=true
07-03 09:19:31.216   600   600 V NotificationService: pkg=com.qihoo.appstore canInterrupt=false intercept=true
07-03 09:24:31.293   600   600 V NotificationService: pkg=com.qihoo.appstore canInterrupt=false intercept=true
07-03 09:24:31.305   600   600 V NotificationService: pkg=com.qihoo.appstore canInterrupt=false intercept=true
07-03 09:25:11.148   600  2380 I ActivityManager: START u0 {flg=0x10000000 cmp=com.newstart.dragonio/com.zentertain.newstart.Main} from uid 2000 on display 0
07-03 09:25:37.361   600   616 E BatteryStatsService: modem info is invalid: ModemActivityInfo{ mTimestamp=0 mSleepTimeMs=0 mIdleTimeMs=0 mTxTimeMs[]=[0, 0, 0, 0, 0] mRxTimeMs=0 mEnergyUsed=0}
07-03 09:25:37.373   600   613 W ProcessCpuTracker: Skipping unknown process pid 26391
07-03 09:25:44.559   600   612 I UsageStatsService: User[0] Flushing usage stats to disk
07-03 09:25:57.361   600  1160 W InputManager: Input event injection from pid 8450 failed.
07-03 09:26:39.566   600   874 W InputManager: Input event injection from pid 8450 failed.
07-03 09:27:05.053   600   649 D ConnectivityService: NetworkAgentInfo [WIFI () - 111] EVENT_NETWORK_INFO_CHANGED, going from CONNECTED to DISCONNECTED
07-03 09:27:05.053   600   649 D ConnectivityService: NetworkAgentInfo [WIFI () - 111] got DISCONNECTED, was satisfying 6
07-03 09:27:05.080  1052  1052 E ActivityThread: Failed to find provider info for com.qihoo360.apm.apmdatamanager.ApmDataProvider
07-03 09:27:05.121  1052  1052 E ActivityThread: Failed to find provider info for com.qihoo360.apm.apmdatamanager.ApmDataProvider
07-03 09:27:05.133  1052  2788 E ActivityThread: Failed to find provider info for com.qihoo360.apm.apmdatamanager.ApmDataProvider
07-03 09:27:05.152  1052  1052 E ActivityThread: Failed to find provider info for com.qihoo360.apm.apmdatamanager.ApmDataProvider
07-03 09:27:05.163  1052  1052 E ActivityThread: Failed to find provider info for com.qihoo360.apm.apmdatamanager.ApmDataProvider
07-03 09:27:05.175  1052  1052 E ActivityThread: Failed to find provider info for com.qihoo360.apm.apmdatamanager.ApmDataProvider
07-03 09:27:05.219  1052  1052 E ActivityThread: Failed to find provider info for com.qihoo360.apm.apmdatamanager.ApmDataProvider
07-03 09:27:05.385   600   649 D ConnectivityService: Sending DISCONNECTED broadcast for type 1 NetworkAgentInfo [WIFI () - 111] isDefaultNetwork=true
07-03 09:27:07.761  1052  1052 E ActivityThread: Failed to find provider info for com.qihoo360.apm.apmdatamanager.ApmDataProvider
07-03 09:27:07.771  1052  1052 E ActivityThread: Failed to find provider info for com.qihoo360.apm.apmdatamanager.ApmDataProvider
07-03 09:27:07.894  1052  1052 E ActivityThread: Failed to find provider info for com.qihoo360.apm.apmdatamanager.ApmDataProvider
07-03 09:27:07.901  1052  1052 E ActivityThread: Failed to find provider info for com.qihoo360.apm.apmdatamanager.ApmDataProvider
07-03 09:27:07.984  1052  1052 E ActivityThread: Failed to find provider info for com.qihoo360.apm.apmdatamanager.ApmDataProvider
07-03 09:27:07.987  1052  1052 E ActivityThread: Failed to find provider info for com.qihoo360.apm.apmdatamanager.ApmDataProvider
07-03 09:27:07.995  1052  1052 E ActivityThread: Failed to find provider info for com.qihoo360.apm.apmdatamanager.ApmDataProvider
07-03 09:27:08.003  1052  1052 E ActivityThread: Failed to find provider info for com.qihoo360.apm.apmdatamanager.ApmDataProvider
07-03 09:27:08.018  1052  1052 E ActivityThread: Failed to find provider info for com.qihoo360.apm.apmdatamanager.ApmDataProvider
07-03 09:27:08.022   600   645 D ConnectivityService: registerNetworkAgent NetworkAgentInfo{ ni{[type: WIFI[], state: CONNECTING/CONNECTING, reason: (unspecified), extra: "Zenjoy", failover: false, available: true, roaming: false, metered: false]}  network{112}  nethandle{481052773086}  lp{{LinkAddresses: []  Routes: [] DnsAddresses: [] Domains: null MTU: 0}}  nc{[ Transports: WIFI Capabilities: NOT_METERED&INTERNET&NOT_RESTRICTED&TRUSTED&NOT_VPN LinkUpBandwidth>=1048576Kbps LinkDnBandwidth>=1048576Kbps]}  Score{20}  everValidated{false}  lastValidated{false}  created{false} lingering{false} explicitlySelected{false} acceptUnvalidated{false} everCaptivePortalDetected{false} lastCaptivePortalDetected{false} }
07-03 09:27:08.022   600   649 D ConnectivityService: NetworkAgentInfo [WIFI () - 112] EVENT_NETWORK_INFO_CHANGED, going from null to CONNECTING
07-03 09:27:08.022  1052  1052 E ActivityThread: Failed to find provider info for com.qihoo360.apm.apmdatamanager.ApmDataProvider
07-03 09:27:08.033  1052  2788 E ActivityThread: Failed to find provider info for com.qihoo360.apm.apmdatamanager.ApmDataProvider
07-03 09:27:08.044  1052  1052 E ActivityThread: Failed to find provider info for com.qihoo360.apm.apmdatamanager.ApmDataProvider
07-03 09:27:08.058  1052  1052 E ActivityThread: Failed to find provider info for com.qihoo360.apm.apmdatamanager.ApmDataProvider
07-03 09:27:08.062  1052  1052 E ActivityThread: Failed to find provider info for com.qihoo360.apm.apmdatamanager.ApmDataProvider
07-03 09:27:08.073  1052  1052 E ActivityThread: Failed to find provider info for com.qihoo360.apm.apmdatamanager.ApmDataProvider
07-03 09:27:08.197  1052  1052 E ActivityThread: Failed to find provider info for com.qihoo360.apm.apmdatamanager.ApmDataProvider
07-03 09:27:08.200  1052  1052 E ActivityThread: Failed to find provider info for com.qihoo360.apm.apmdatamanager.ApmDataProvider
07-03 09:27:08.214  1052  2788 E ActivityThread: Failed to find provider info for com.qihoo360.apm.apmdatamanager.ApmDataProvider
07-03 09:27:08.233   600   649 D ConnectivityService: NetworkAgentInfo [WIFI () - 112] EVENT_NETWORK_INFO_CHANGED, going from CONNECTING to CONNECTED
07-03 09:27:08.234   600   649 D ConnectivityService: Adding iface wlan0 to network 112
07-03 09:27:08.248  1052  1052 E ActivityThread: Failed to find provider info for com.qihoo360.apm.apmdatamanager.ApmDataProvider
07-03 09:27:08.253  1052  1052 E ActivityThread: Failed to find provider info for com.qihoo360.apm.apmdatamanager.ApmDataProvider
07-03 09:27:08.259  1052  1052 E ActivityThread: Failed to find provider info for com.qihoo360.apm.apmdatamanager.ApmDataProvider
07-03 09:27:08.263  1052  1052 E ActivityThread: Failed to find provider info for com.qihoo360.apm.apmdatamanager.ApmDataProvider
07-03 09:27:08.347   600   649 D ConnectivityService: Setting DNS servers for network 112 to [/192.168.15.11, /182.92.170.82, /14.215.128.159, /202.106.0.20]
07-03 09:27:08.367  1052  1052 E ActivityThread: Failed to find provider info for com.qihoo360.apm.apmdatamanager.ApmDataProvider
07-03 09:27:08.374  1052  1052 E ActivityThread: Failed to find provider info for com.qihoo360.apm.apmdatamanager.ApmDataProvider
07-03 09:27:08.387   600   649 D ConnectivityService: Switching to new default network: NetworkAgentInfo{ ni{[type: WIFI[], state: CONNECTED/CONNECTED, reason: (unspecified), extra: "Zenjoy", failover: false, available: true, roaming: false, metered: false]}  network{112}  nethandle{481052773086}  lp{{InterfaceName: wlan0 LinkAddresses: [fe80::b6ce:f6ff:fe9e:4157/64,192.168.10.178/23,]  Routes: [fe80::/64 -> :: wlan0,192.168.10.0/23 -> 0.0.0.0 wlan0,0.0.0.0/0 -> 192.168.11.254 wlan0,] DnsAddresses: [192.168.15.11,182.92.170.82,14.215.128.159,202.106.0.20,] Domains: zenjoy.net MTU: 0 TcpBufferSizes: 524288,1048576,2097152,262144,524288,1048576}}  nc{[ Transports: WIFI Capabilities: NOT_METERED&INTERNET&NOT_RESTRICTED&TRUSTED&NOT_VPN&FOREGROUND LinkUpBandwidth>=1048576Kbps LinkDnBandwidth>=1048576Kbps SignalStrength: -61]}  Score{20}  everValidated{false}  lastValidated{false}  created{true} lingering{false} explicitlySelected{false} acceptUnvalidated{false} everCaptivePortalDetected{false} lastCaptivePortalDetected{false} }
07-03 09:27:08.580  1052  1052 E ActivityThread: Failed to find provider info for com.qihoo360.apm.apmdatamanager.ApmDataProvider
07-03 09:27:08.583  1052  1052 E ActivityThread: Failed to find provider info for com.qihoo360.apm.apmdatamanager.ApmDataProvider
07-03 09:27:08.601   600   649 D ConnectivityService: Sending CONNECTED broadcast for type 1 NetworkAgentInfo [WIFI () - 112] isDefaultNetwork=true
07-03 09:27:08.888  1052  1052 E ActivityThread: Failed to find provider info for com.qihoo360.apm.apmdatamanager.ApmDataProvider
07-03 09:27:08.896  1052  1052 E ActivityThread: Failed to find provider info for com.qihoo360.apm.apmdatamanager.ApmDataProvider
07-03 09:27:08.905  1052  2788 E ActivityThread: Failed to find provider info for com.qihoo360.apm.apmdatamanager.ApmDataProvider
07-03 09:27:08.967   600   649 D NetworkNotificationManager: clearNotification id=112
07-03 09:27:08.967   600   649 D ConnectivityService: NetworkAgentInfo [WIFI () - 112] validation passed
07-03 09:27:11.676  1052  1052 E ActivityThread: Failed to find provider info for com.qihoo360.apm.apmdatamanager.ApmDataProvider
07-03 09:27:11.695  1052  1052 E ActivityThread: Failed to find provider info for com.qihoo360.apm.apmdatamanager.ApmDataProvider
07-03 09:27:11.708  1052  1052 E ActivityThread: Failed to find provider info for com.qihoo360.apm.apmdatamanager.ApmDataProvider
07-03 09:27:11.745  1052  1052 E ActivityThread: Failed to find provider info for com.qihoo360.apm.apmdatamanager.ApmDataProvider
07-03 09:27:11.806  1052  2788 E ActivityThread: Failed to find provider info for com.qihoo360.apm.apmdatamanager.ApmDataProvider
07-03 09:27:14.651  1052  1052 E ActivityThread: Failed to find provider info for com.qihoo360.apm.apmdatamanager.ApmDataProvider
07-03 09:27:14.665  1052  1052 E ActivityThread: Failed to find provider info for com.qihoo360.apm.apmdatamanager.ApmDataProvider
07-03 09:27:14.676  1052  1052 E ActivityThread: Failed to find provider info for com.qihoo360.apm.apmdatamanager.ApmDataProvider
07-03 09:27:15.128  1052  2788 E ActivityThread: Failed to find provider info for com.qihoo360.apm.apmdatamanager.ApmDataProvider
07-03 09:27:15.135  1052  1052 E ActivityThread: Failed to find provider info for com.qihoo360.apm.apmdatamanager.ApmDataProvider
07-03 09:27:28.564   600   611 W InputManager: Input event injection from pid 8450 failed.
07-03 09:27:37.371   600   616 E BatteryStatsService: modem info is invalid: ModemActivityInfo{ mTimestamp=0 mSleepTimeMs=0 mIdleTimeMs=0 mTxTimeMs[]=[0, 0, 0, 0, 0] mRxTimeMs=0 mEnergyUsed=0}
07-03 09:27:55.292   600  2378 W InputManager: Input event injection from pid 8450 failed.
07-03 09:28:20.745   600  1310 W InputManager: Input event injection from pid 8450 failed.
07-03 09:29:17.609   600  1160 W InputManager: Input event injection from pid 8450 failed.
07-03 09:29:31.363   600   600 V NotificationService: pkg=com.qihoo.appstore canInterrupt=false intercept=true
07-03 09:29:31.395   600   600 V NotificationService: pkg=com.qihoo.appstore canInterrupt=false intercept=true
07-03 09:29:37.383   600   616 E BatteryStatsService: modem info is invalid: ModemActivityInfo{ mTimestamp=0 mSleepTimeMs=0 mIdleTimeMs=0 mTxTimeMs[]=[0, 0, 0, 0, 0] mRxTimeMs=0 mEnergyUsed=0}
07-03 09:29:46.401   600 14754 W InputManager: Input event injection from pid 8450 failed.
07-03 09:30:17.253   600  2379 W InputManager: Input event injection from pid 8450 failed.
07-03 09:30:46.010   600 13076 W InputManager: Input event injection from pid 8450 failed.
07-03 09:31:17.661   600  2376 W InputManager: Input event injection from pid 8450 failed.
07-03 09:31:49.032   600   611 W InputManager: Input event injection from pid 8450 failed.
07-03 09:32:22.250   600 13074 W InputManager: Input event injection from pid 8450 failed.
07-03 09:33:20.837   600   874 I ActivityManager: START u0 {flg=0x10000000 cmp=com.newstart.dragonio/com.zentertain.newstart.Main} from uid 2000 on display 0
07-03 09:33:28.105   600 14754 W InputManager: Input event injection from pid 8450 failed.
07-03 09:33:37.383   600   616 E BatteryStatsService: modem info is invalid: ModemActivityInfo{ mTimestamp=0 mSleepTimeMs=0 mIdleTimeMs=0 mTxTimeMs[]=[0, 0, 0, 0, 0] mRxTimeMs=0 mEnergyUsed=0}
07-03 09:34:05.798   600 13074 W InputManager: Input event injection from pid 8450 failed.
07-03 09:34:31.576   600   600 V NotificationService: pkg=com.qihoo.appstore canInterrupt=false intercept=true
07-03 09:34:31.618   600   600 V NotificationService: pkg=com.qihoo.appstore canInterrupt=false intercept=true
07-03 09:34:50.658   600 13074 I ActivityManager: START u0 {flg=0x10000000 cmp=com.newstart.dragonio/com.zentertain.newstart.Main} from uid 2000 on display 0
07-03 09:35:28.487   600 13076 W InputManager: Input event injection from pid 8450 failed.
07-03 09:36:31.067   600  2380 W InputManager: Input event injection from pid 8450 failed.
07-03 09:37:05.648   600   778 W InputManager: Input event injection from pid 8450 failed.
07-03 09:37:37.381   600   616 E BatteryStatsService: modem info is invalid: ModemActivityInfo{ mTimestamp=0 mSleepTimeMs=0 mIdleTimeMs=0 mTxTimeMs[]=[0, 0, 0, 0, 0] mRxTimeMs=0 mEnergyUsed=0}
07-03 09:37:43.465   600  5132 W InputManager: Input event injection from pid 8450 failed.
07-03 09:37:45.826   600   616 E BatteryStatsService: modem info is invalid: ModemActivityInfo{ mTimestamp=0 mSleepTimeMs=0 mIdleTimeMs=0 mTxTimeMs[]=[0, 0, 0, 0, 0] mRxTimeMs=0 mEnergyUsed=0}
07-03 09:38:16.695   600 13077 W InputManager: Input event injection from pid 8450 failed.
07-03 09:38:35.812  1052  1052 E ActivityThread: Failed to find provider info for com.qihoo360.apm.apmdatamanager.ApmDataProvider
07-03 09:38:35.830  1052  1052 E ActivityThread: Failed to find provider info for com.qihoo360.apm.apmdatamanager.ApmDataProvider
07-03 09:38:35.868  1052  2788 E ActivityThread: Failed to find provider info for com.qihoo360.apm.apmdatamanager.ApmDataProvider
07-03 09:38:35.873  1052  1052 E ActivityThread: Failed to find provider info for com.qihoo360.apm.apmdatamanager.ApmDataProvider
07-03 09:38:35.891  1052  1052 E ActivityThread: Failed to find provider info for com.qihoo360.apm.apmdatamanager.ApmDataProvider
07-03 09:38:37.147  1052  2788 E ActivityThread: Failed to find provider info for com.qihoo360.apm.apmdatamanager.ApmDataProvider
07-03 09:38:59.539   600   613 I ProcessStatsService: Prepared write state in 3ms
07-03 09:39:18.602   600  1693 W ActivityManager: Unable to start service Intent { act=service_action_LOOPER_VALUE pkg=com.qihoo.gameassist } U=0: not found
07-03 09:39:25.160   600  2378 W InputManager: Input event injection from pid 8450 failed.
07-03 09:39:31.905   600   600 V NotificationService: pkg=com.qihoo.appstore canInterrupt=false intercept=true
07-03 09:39:31.935   600   600 V NotificationService: pkg=com.qihoo.appstore canInterrupt=false intercept=true
07-03 09:39:37.404   600   621 W ProcessCpuTracker: Skipping unknown process pid 29626
07-03 09:39:57.785   600   778 W InputManager: Input event injection from pid 8450 failed.
07-03 09:41:08.476   600  5132 I ActivityManager: START u0 {flg=0x10000000 cmp=com.newstart.dragonio/com.zentertain.newstart.Main} from uid 2000 on display 0
07-03 09:41:37.377   600   616 E BatteryStatsService: modem info is invalid: ModemActivityInfo{ mTimestamp=0 mSleepTimeMs=0 mIdleTimeMs=0 mTxTimeMs[]=[0, 0, 0, 0, 0] mRxTimeMs=0 mEnergyUsed=0}
07-03 09:41:48.656   600   778 W InputManager: Input event injection from pid 8450 failed.
07-03 09:42:17.195   600   661 I ActivityManager: START u0 {flg=0x10000000 cmp=com.newstart.dragonio/com.zentertain.newstart.Main} from uid 2000 on display 0
07-03 09:42:25.246   600   610 W InputManager: Input event injection from pid 8450 failed.
--------- beginning of main
07-03 09:42:34.148 10379 10379 W AppWatcher: type=1400 audit(0.0:3177): avc: denied { getattr } for path="/proc/sysrq-trigger" dev="proc" ino=4026536540 scontext=u:r:untrusted_app:s0:c512,c768 tcontext=u:object_r:proc_sysrq:s0 tclass=file permissive=0
07-03 09:42:34.148 10379 10379 W AppWatcher: type=1400 audit(0.0:3178): avc: denied { getattr } for path="/proc/iomem" dev="proc" ino=4026536468 scontext=u:r:untrusted_app:s0:c512,c768 tcontext=u:object_r:proc_iomem:s0 tclass=file permissive=0
07-03 09:42:34.185 23739 24123 I chatty  : uid=10996(com.newstart.dragonio) expire 5920 lines
07-03 09:42:41.486   600   609 I art     : Background partial concurrent mark sweep GC freed 128745(4MB) AllocSpace objects, 7(140KB) LOS objects, 33% free, 21MB/32MB, paused 2.170ms total 310.313ms
07-03 09:42:44.574 10379 10379 W AppWatcher: type=1400 audit(0.0:3179): avc: denied { getattr } for path="/proc/sysrq-trigger" dev="proc" ino=4026536540 scontext=u:r:untrusted_app:s0:c512,c768 tcontext=u:object_r:proc_sysrq:s0 tclass=file permissive=0
07-03 09:42:44.585 23739 24123 I chatty  : uid=10996(com.newstart.dragonio) expire 629 lines
07-03 09:42:44.694 10379 10379 W AppWatcher: type=1400 audit(0.0:3180): avc: denied { getattr } for path="/proc/iomem" dev="proc" ino=4026536468 scontext=u:r:untrusted_app:s0:c512,c768 tcontext=u:object_r:proc_iomem:s0 tclass=file permissive=0
07-03 09:42:44.854 30044 30044 D AndroidRuntime: >>>>>> START com.android.internal.os.RuntimeInit uid 2000 <<<<<<
07-03 09:42:44.877 30044 30044 D AndroidRuntime: CheckJNI is OFF
07-03 09:42:45.333 30044 30044 D ICU     : No timezone override file found: /data/misc/zoneinfo/current/icu/icu_tzdata.dat
07-03 09:42:45.469 30044 30044 I Radio-JNI: register_android_hardware_Radio DONE
07-03 09:42:45.525 30044 30044 D AndroidRuntime: Calling main entry com.android.commands.am.Am
07-03 09:42:45.580   600 13079 I ActivityManager: START u0 {flg=0x10000000 cmp=com.newstart.dragonio/com.zentertain.newstart.Main} from uid 2000 on display 0
07-03 09:42:45.582 23739 23739 I chatty  : uid=10996(com.newstart.dragonio) expire 7 lines
07-03 09:42:45.649 30044 30044 D AndroidRuntime: Shutting down VM
07-03 09:42:45.939 23739 30000 I chatty  : uid=10996(com.newstart.dragonio) expire 1 line
07-03 09:42:47.050 23739 24123 I chatty  : uid=10996(com.newstart.dragonio) expire 5079 lines
07-03 09:42:47.349  8450 30077 D UIAutomatorStub: URI: /screenshot/0, Method: GET, Header: {remote-addr=127.0.0.1, host=127.0.0.1:9008, accept-encoding=identity, http-client-ip=127.0.0.1, user-agent=Python-urllib/2.7, connection=close}, params, {NanoHttpd.QUERY_STRING=scale=1.000000&quality=100.000000, quality=100.000000, scale=1.000000}, files: {}
07-03 09:42:47.368  8450 30078 D UIAutomatorStub: URI: /jsonrpc/0, Method: POST, Header: {accept=*/*, host=127.0.0.1:9008, accept-encoding=gzip, deflate, http-client-ip=127.0.0.1, content-type=application/json, content-length=140, remote-addr=127.0.0.1, user-agent=python-requests/2.18.1, connection=keep-alive}, params, {NanoHttpd.QUERY_STRING=null}, files: {postData={"params": ["uiautomator-screenshot.png", 1.0, 100], "jsonrpc": "2.0", "method": "takeScreenshot", "id": "8178433fe9de3dd9902ad3fe377c20d5"}}
07-03 09:42:50.729  8450 30088 D UIAutomatorStub: URI: /screenshot/0, Method: GET, Header: {remote-addr=127.0.0.1, host=127.0.0.1:9008, accept-encoding=identity, http-client-ip=127.0.0.1, user-agent=Python-urllib/2.7, connection=close}, params, {NanoHttpd.QUERY_STRING=scale=1.000000&quality=100.000000, quality=100.000000, scale=1.000000}, files: {}
07-03 09:42:50.757  8450 30089 D UIAutomatorStub: URI: /jsonrpc/0, Method: POST, Header: {accept=*/*, host=127.0.0.1:9008, accept-encoding=gzip, deflate, http-client-ip=127.0.0.1, content-type=application/json, content-length=140, remote-addr=127.0.0.1, user-agent=python-requests/2.18.1, connection=keep-alive}, params, {NanoHttpd.QUERY_STRING=null}, files: {postData={"params": ["uiautomator-screenshot.png", 1.0, 100], "jsonrpc": "2.0", "method": "takeScreenshot", "id": "b9a5411b3ece9a0295c51866520277c7"}}
07-03 09:42:53.936  8450 30099 D UIAutomatorStub: URI: /screenshot/0, Method: GET, Header: {remote-addr=127.0.0.1, host=127.0.0.1:9008, accept-encoding=identity, http-client-ip=127.0.0.1, user-agent=Python-urllib/2.7, connection=close}, params, {NanoHttpd.QUERY_STRING=scale=1.000000&quality=100.000000, quality=100.000000, scale=1.000000}, files: {}
07-03 09:42:53.949  8450 30100 D UIAutomatorStub: URI: /jsonrpc/0, Method: POST, Header: {accept=*/*, host=127.0.0.1:9008, accept-encoding=gzip, deflate, http-client-ip=127.0.0.1, content-type=application/json, content-length=140, remote-addr=127.0.0.1, user-agent=python-requests/2.18.1, connection=keep-alive}, params, {NanoHttpd.QUERY_STRING=null}, files: {postData={"params": ["uiautomator-screenshot.png", 1.0, 100], "jsonrpc": "2.0", "method": "takeScreenshot", "id": "b34ab79c0d33e68afbca789b1dc2c33f"}}
07-03 09:42:55.468 10379 10379 W AppWatcher: type=1400 audit(0.0:3181): avc: denied { getattr } for path="/proc/sysrq-trigger" dev="proc" ino=4026536540 scontext=u:r:untrusted_app:s0:c512,c768 tcontext=u:object_r:proc_sysrq:s0 tclass=file permissive=0
07-03 09:42:55.588 10379 10379 W AppWatcher: type=1400 audit(0.0:3182): avc: denied { getattr } for path="/proc/iomem" dev="proc" ino=4026536468 scontext=u:r:untrusted_app:s0:c512,c768 tcontext=u:object_r:proc_iomem:s0 tclass=file permissive=0
07-03 09:42:57.233  8450 30110 D UIAutomatorStub: URI: /screenshot/0, Method: GET, Header: {remote-addr=127.0.0.1, host=127.0.0.1:9008, accept-encoding=identity, http-client-ip=127.0.0.1, user-agent=Python-urllib/2.7, connection=close}, params, {NanoHttpd.QUERY_STRING=scale=1.000000&quality=100.000000, quality=100.000000, scale=1.000000}, files: {}
07-03 09:42:57.249  8450 30111 D UIAutomatorStub: URI: /jsonrpc/0, Method: POST, Header: {accept=*/*, host=127.0.0.1:9008, accept-encoding=gzip, deflate, http-client-ip=127.0.0.1, content-type=application/json, content-length=140, remote-addr=127.0.0.1, user-agent=python-requests/2.18.1, connection=keep-alive}, params, {NanoHttpd.QUERY_STRING=null}, files: {postData={"params": ["uiautomator-screenshot.png", 1.0, 100], "jsonrpc": "2.0", "method": "takeScreenshot", "id": "1db6ce7c2c9e5c969c3b525288fa2d22"}}
07-03 09:42:57.254 23739 24123 I chatty  : uid=10996(com.newstart.dragonio) expire 7017 lines
07-03 09:43:00.430  8450 30121 D UIAutomatorStub: URI: /screenshot/0, Method: GET, Header: {remote-addr=127.0.0.1, host=127.0.0.1:9008, accept-encoding=identity, http-client-ip=127.0.0.1, user-agent=Python-urllib/2.7, connection=close}, params, {NanoHttpd.QUERY_STRING=scale=1.000000&quality=100.000000, quality=100.000000, scale=1.000000}, files: {}
07-03 09:43:00.445  8450 30122 D UIAutomatorStub: URI: /jsonrpc/0, Method: POST, Header: {accept=*/*, host=127.0.0.1:9008, accept-encoding=gzip, deflate, http-client-ip=127.0.0.1, content-type=application/json, content-length=140, remote-addr=127.0.0.1, user-agent=python-requests/2.18.1, connection=keep-alive}, params, {NanoHttpd.QUERY_STRING=null}, files: {postData={"params": ["uiautomator-screenshot.png", 1.0, 100], "jsonrpc": "2.0", "method": "takeScreenshot", "id": "413f566aca6174ab57e9193ca59f47d0"}}
07-03 09:43:03.084  8450 30126 D UIAutomatorStub: URI: /jsonrpc/0, Method: POST, Header: {accept=*/*, host=127.0.0.1:9008, accept-encoding=gzip, deflate, http-client-ip=127.0.0.1, content-type=application/json, content-length=101, remote-addr=127.0.0.1, user-agent=python-requests/2.18.1, connection=keep-alive}, params, {NanoHttpd.QUERY_STRING=null}, files: {postData={"params": [536, 992], "jsonrpc": "2.0", "method": "click", "id": "6cf0e5161305a59eb7155d812ae2a34c"}}
07-03 09:43:03.089  8450 30126 D InteractionController: clickNoSync (536, 992)
07-03 09:43:03.677  8450 30133 D UIAutomatorStub: URI: /screenshot/0, Method: GET, Header: {remote-addr=127.0.0.1, host=127.0.0.1:9008, accept-encoding=identity, http-client-ip=127.0.0.1, user-agent=Python-urllib/2.7, connection=close}, params, {NanoHttpd.QUERY_STRING=scale=1.000000&quality=100.000000, quality=100.000000, scale=1.000000}, files: {}
07-03 09:43:03.700  8450 30134 D UIAutomatorStub: URI: /jsonrpc/0, Method: POST, Header: {accept=*/*, host=127.0.0.1:9008, accept-encoding=gzip, deflate, http-client-ip=127.0.0.1, content-type=application/json, content-length=140, remote-addr=127.0.0.1, user-agent=python-requests/2.18.1, connection=keep-alive}, params, {NanoHttpd.QUERY_STRING=null}, files: {postData={"params": ["uiautomator-screenshot.png", 1.0, 100], "jsonrpc": "2.0", "method": "takeScreenshot", "id": "701314b4ed115f464ef8f6d9281b678e"}}
07-03 09:43:06.181 10379 10379 W AppWatcher: type=1400 audit(0.0:3183): avc: denied { getattr } for path="/proc/sysrq-trigger" dev="proc" ino=4026536540 scontext=u:r:untrusted_app:s0:c512,c768 tcontext=u:object_r:proc_sysrq:s0 tclass=file permissive=0
07-03 09:43:06.184 10379 10379 W AppWatcher: type=1400 audit(0.0:3184): avc: denied { getattr } for path="/proc/iomem" dev="proc" ino=4026536468 scontext=u:r:untrusted_app:s0:c512,c768 tcontext=u:object_r:proc_iomem:s0 tclass=file permissive=0
07-03 09:43:06.631  8450 30138 D UIAutomatorStub: URI: /jsonrpc/0, Method: POST, Header: {accept=*/*, host=127.0.0.1:9008, accept-encoding=gzip, deflate, http-client-ip=127.0.0.1, content-type=application/json, content-length=103, remote-addr=127.0.0.1, user-agent=python-requests/2.18.1, connection=keep-alive}, params, {NanoHttpd.QUERY_STRING=null}, files: {postData={"params": [1703, 1411], "jsonrpc": "2.0", "method": "click", "id": "2e5b935abd94170d4cd941af8d4d0866"}}
07-03 09:43:06.636  8450 30138 D InteractionController: clickNoSync (1703, 1411)
07-03 09:43:07.093  8450 30145 D UIAutomatorStub: URI: /screenshot/0, Method: GET, Header: {remote-addr=127.0.0.1, host=127.0.0.1:9008, accept-encoding=identity, http-client-ip=127.0.0.1, user-agent=Python-urllib/2.7, connection=close}, params, {NanoHttpd.QUERY_STRING=scale=1.000000&quality=100.000000, quality=100.000000, scale=1.000000}, files: {}
07-03 09:43:07.114  8450 30146 D UIAutomatorStub: URI: /jsonrpc/0, Method: POST, Header: {accept=*/*, host=127.0.0.1:9008, accept-encoding=gzip, deflate, http-client-ip=127.0.0.1, content-type=application/json, content-length=140, remote-addr=127.0.0.1, user-agent=python-requests/2.18.1, connection=keep-alive}, params, {NanoHttpd.QUERY_STRING=null}, files: {postData={"params": ["uiautomator-screenshot.png", 1.0, 100], "jsonrpc": "2.0", "method": "takeScreenshot", "id": "9b343e6a8173054deb2b7283e209bdd4"}}
07-03 09:43:10.187  8450 30150 D UIAutomatorStub: URI: /jsonrpc/0, Method: POST, Header: {accept=*/*, host=127.0.0.1:9008, accept-encoding=gzip, deflate, http-client-ip=127.0.0.1, content-type=application/json, content-length=102, remote-addr=127.0.0.1, user-agent=python-requests/2.18.1, connection=keep-alive}, params, {NanoHttpd.QUERY_STRING=null}, files: {postData={"params": [1550, 908], "jsonrpc": "2.0", "method": "click", "id": "2b605f0cd25354768266f60931165b29"}}
07-03 09:43:10.193  8450 30150 D InteractionController: clickNoSync (1550, 908)
07-03 09:43:10.201 23739 24123 I chatty  : uid=10996(com.newstart.dragonio) expire 144 lines
07-03 09:43:10.400 23739 24123 D cocos2d-x debug info: +++++ FoodFieldFoodField.prototype.addFoods, 0.0047888957479843616
07-03 09:43:10.400 23739 24123 D cocos2d-x debug info: +++++ FoodFieldBattleField.prototype.onViewNotify dragonVFooRect, 0.0003367192322801504
07-03 09:43:10.401 23739 24123 D cocos2d-x debug info: +++++ FoodFieldFoodField.prototype.addFoodSprite, 0.024655330452513235
07-03 09:43:10.401 23739 24123 D cocos2d-x debug info: +++++ FoodFieldBattleField.prototype.onViewNotify ADDFood, 0.025328768917073537
07-03 09:43:10.401 23739 24123 D cocos2d-x debug info: +++++ FoodFieldBattleField.prototype.onViewNotify EatFood, 0.00020577286417120303
07-03 09:43:10.401 23739 24123 D cocos2d-x debug info: +++++ FoodFieldBattleField.prototype.onViewNotify REMOVEFood, 0.018931103503750678
07-03 09:43:10.401 23739 24123 D cocos2d-x debug info: +++++ FoodFieldFoodField.prototype.eatFood, 0.0014965299212451129
07-03 09:43:10.401 23739 24123 D cocos2d-x debug info: +++++ FoodFieldFoodField.prototype.removeFoods, 0.0002993059842490226
07-03 09:43:10.401 23739 24123 D cocos2d-x debug info: +++++FoodField methodStat+++++
07-03 09:43:10.404 23739 24123 D cocos2d-x debug info: *******ProtocolSPong recvTime:1499042590404 format:2017-07-03 09:43:10:404*******
07-03 09:43:10.404 23739 24123 D cocos2d-x debug info: ********serverRTT:0*****************
07-03 09:43:10.405 23739 24123 D cocos2d-x debug info: 
07-03 09:43:10.405 23739 24123 D cocos2d-x debug info: 
07-03 09:43:10.423 23739 24123 D cocos2d-x debug info: 
07-03 09:43:10.424 23739 24123 D cocos2d-x debug info: +++++BattleField methodStat+++++
07-03 09:43:10.424 23739 24123 D cocos2d-x debug info: +++++ BattleFieldBattleField.prototype.addSector, 0.00013094391859029517
07-03 09:43:10.424 23739 24123 D cocos2d-x debug info: +++++ BattleFieldBattleField.prototype.removeSector, 0.00041153802985521344
07-03 09:43:10.424 23739 24123 D cocos2d-x debug info: +++++BattleField methodStat+++++
07-03 09:43:10.424 23739 24123 D cocos2d-x debug info: +++++FoodField methodStat+++++
07-03 09:43:10.425 23739 24123 D cocos2d-x debug info: +++++ FoodFieldFoodField.prototype.addFoods, 0.004788806165587938
07-03 09:43:10.425 23739 24123 D cocos2d-x debug info: +++++ FoodFieldBattleField.prototype.onViewNotify dragonVFooRect, 0.0003367129335179019
07-03 09:43:10.425 23739 24123 D cocos2d-x debug info: +++++ FoodFieldFoodField.prototype.addFoodSprite, 0.02465486924314415
07-03 09:43:10.425 23739 24123 D cocos2d-x debug info: +++++ FoodFieldBattleField.prototype.onViewNotify ADDFood, 0.025328295110179953
07-03 09:43:10.425 23739 24123 D cocos2d-x debug info: +++++ FoodFieldBattleField.prototype.onViewNotify EatFood, 0.00020576901492760672
07-03 09:43:10.425 23739 24123 D cocos2d-x debug info: +++++ FoodFieldBattleField.prototype.onViewNotify REMOVEFood, 0.018930749373339818
07-03 09:43:10.425 23739 24123 D cocos2d-x debug info: +++++ FoodFieldFoodField.prototype.eatFood, 0.0014965019267462307
07-03 09:43:10.425 23739 24123 D cocos2d-x debug info: +++++ FoodFieldFoodField.prototype.removeFoods, 0.0002993003853492461
07-03 09:43:10.425 23739 24123 D cocos2d-x debug info: +++++FoodField methodStat+++++
07-03 09:43:10.427 23739 24123 D cocos2d-x debug info: 
07-03 09:43:10.427 23739 24123 D cocos2d-x debug info: 
07-03 09:43:10.446 23739 24123 D cocos2d-x debug info: 
07-03 09:43:10.447 23739 24123 D cocos2d-x debug info: +++++BattleField methodStat+++++
07-03 09:43:10.447 23739 24123 D cocos2d-x debug info: +++++ BattleFieldBattleField.prototype.addSector, 0.00013094146916328402
07-03 09:43:10.447 23739 24123 D cocos2d-x debug info: +++++ BattleFieldBattleField.prototype.removeSector, 0.0004115303316560355
07-03 09:43:10.447 23739 24123 D cocos2d-x debug info: +++++BattleField methodStat+++++
07-03 09:43:10.447 23739 24123 D cocos2d-x debug info: +++++FoodField methodStat+++++
07-03 09:43:10.447 23739 24123 D cocos2d-x debug info: +++++ FoodFieldFoodField.prototype.addFoods, 0.0047887165865429585
07-03 09:43:10.447 23739 24123 D cocos2d-x debug info: +++++ FoodFieldBattleField.prototype.onViewNotify dragonVFooRect, 0.00035541255915748517
07-03 09:43:10.448 23739 24123 D cocos2d-x debug info: +++++ FoodFieldFoodField.prototype.addFoodSprite, 0.02465440805102976
07-03 09:43:10.448 23739 24123 D cocos2d-x debug info: +++++ FoodFieldBattleField.prototype.onViewNotify ADDFood, 0.025327821321012363
07-03 09:43:10.448 23739 24123 D cocos2d-x debug info: +++++ FoodFieldBattleField.prototype.onViewNotify EatFood, 0.00020576516582801775
07-03 09:43:10.448 23739 24123 D cocos2d-x debug info: +++++ FoodFieldBattleField.prototype.onViewNotify REMOVEFood, 0.01893039525617763
07-03 09:43:10.448 23739 24123 D cocos2d-x debug info: +++++ FoodFieldFoodField.prototype.eatFood, 0.0014964739332946745
07-03 09:43:10.448 23739 24123 D cocos2d-x debug info: +++++ FoodFieldFoodField.prototype.removeFoods, 0.0002992947866589349
07-03 09:43:10.448 23739 24123 D cocos2d-x debug info: +++++FoodField methodStat+++++
07-03 09:43:10.449 23739 24123 D cocos2d-x debug info: 
07-03 09:43:10.449 23739 24123 D cocos2d-x debug info: 
07-03 09:43:10.472 23739 24123 D cocos2d-x debug info: 
07-03 09:43:10.473 23739 24123 D cocos2d-x debug info: +++++BattleField methodStat+++++
07-03 09:43:10.473 23739 24123 D cocos2d-x debug info: +++++ BattleFieldBattleField.prototype.addSector, 0.0001309390198279087
07-03 09:43:10.473 23739 24123 D cocos2d-x debug info: +++++ BattleFieldBattleField.prototype.removeSector, 0.00041152263374485596
07-03 09:43:10.473 23739 24123 D cocos2d-x debug info: +++++BattleField methodStat+++++
07-03 09:43:10.473 23739 24123 D cocos2d-x debug info: +++++FoodField methodStat+++++
07-03 09:43:10.475 23739 24123 D cocos2d-x debug info: +++++ FoodFieldFoodField.prototype.addFoods, 0.004788627010849233
07-03 09:43:10.475 23739 24123 D cocos2d-x debug info: +++++ FoodFieldBattleField.prototype.onViewNotify dragonVFooRect, 0.0003554059109614665
07-03 09:43:10.475 23739 24123 D cocos2d-x debug info: +++++ FoodFieldFoodField.prototype.addFoodSprite, 0.0246539468761691
07-03 09:43:10.475 23739 24123 D cocos2d-x debug info: +++++ FoodFieldBattleField.prototype.onViewNotify ADDFood, 0.02532734754956977
07-03 09:43:10.475 23739 24123 D cocos2d-x debug info: +++++ FoodFieldBattleField.prototype.onViewNotify EatFood, 0.00020576131687242798
07-03 09:43:10.475 23739 24123 D cocos2d-x debug info: +++++ FoodFieldBattleField.prototype.onViewNotify REMOVEFood, 0.018930041152263374
07-03 09:43:10.475 23739 24123 D cocos2d-x debug info: +++++ FoodFieldFoodField.prototype.eatFood, 0.0014964459408903852
07-03 09:43:10.475 23739 24123 D cocos2d-x debug info: +++++ FoodFieldFoodField.prototype.removeFoods, 0.00029928918817807707
07-03 09:43:10.475 23739 24123 D cocos2d-x debug info: +++++FoodField methodStat+++++
07-03 09:43:10.476 23739 24123 D cocos2d-x debug info: 
07-03 09:43:10.476 23739 24123 D cocos2d-x debug info: 
07-03 09:43:10.494 23739 24123 D cocos2d-x debug info: 
07-03 09:43:10.495 23739 24123 D cocos2d-x debug info: +++++BattleField methodStat+++++
07-03 09:43:10.495 23739 24123 D cocos2d-x debug info: +++++ BattleFieldBattleField.prototype.addSector, 0.00013093657058416415
07-03 09:43:10.495 23739 24123 D cocos2d-x debug info: +++++ BattleFieldBattleField.prototype.removeSector, 0.0004115149361216588
07-03 09:43:10.495 23739 24123 D cocos2d-x debug info: +++++BattleField methodStat+++++
07-03 09:43:10.495 23739 24123 D cocos2d-x debug info: +++++FoodField methodStat+++++
07-03 09:43:10.495 23739 24123 D cocos2d-x debug info: +++++ FoodFieldFoodField.prototype.addFoods, 0.004788537438506575
07-03 09:43:10.495 23739 24123 D cocos2d-x debug info: +++++ FoodFieldBattleField.prototype.onViewNotify dragonVFooRect, 0.0003553992630141599
07-03 09:43:10.495 23739 24123 D cocos2d-x debug info: +++++ FoodFieldFoodField.prototype.addFoodSprite, 0.024653485718561192
07-03 09:43:10.496 23739 24123 D cocos2d-x debug info: +++++ FoodFieldBattleField.prototype.onViewNotify ADDFood, 0.02532687379585118
07-03 09:43:10.496 23739 24123 D cocos2d-x debug info: +++++ FoodFieldBattleField.prototype.onViewNotify EatFood, 0.0002057574680608294
07-03 09:43:10.496 23739 24123 D cocos2d-x debug info: +++++ FoodFieldBattleField.prototype.onViewNotify REMOVEFood, 0.018929687061596305
07-03 09:43:10.496 23739 24123 D cocos2d-x debug info: +++++ FoodFieldFoodField.prototype.eatFood, 0.0014964179495333047
