--------- beginning of system
07-03 05:07:55.015   187   187 I vold    : Vold 3.0 (the awakening) firing up
07-03 05:07:55.016   187   187 V vold    : Detected support for: ext4 f2fs vfat
07-03 05:07:55.321   187   193 D vold    : e4crypt_init_user0
07-03 05:07:55.322   187   193 D vold    : e4crypt_prepare_user_storage for volume null, user 0, serial 0, flags 1
07-03 05:07:55.322   187   193 D vold    : Preparing: /data/system/users/0
07-03 05:07:55.322   187   193 D vold    : Preparing: /data/misc/profiles/cur/0
07-03 05:07:55.322   187   193 D vold    : Preparing: /data/misc/profiles/cur/0/foreign-dex
07-03 05:07:55.323   187   193 D vold    : Preparing: /data/system_de/0
07-03 05:07:55.324   187   193 D vold    : Preparing: /data/misc_de/0
07-03 05:07:55.324   187   193 D vold    : Preparing: /data/user_de/0
07-03 05:07:55.324   187   193 D vold    : e4crypt_unlock_user_key 0 serial=0 token_present=0
07-03 05:07:55.324   187   193 E vold    : Failed to chmod /data/system_ce/0: No such file or directory
07-03 05:07:55.324   187   193 E vold    : Failed to chmod /data/misc_ce/0: No such file or directory
07-03 05:07:55.324   187   193 E vold    : Failed to chmod /data/media/0: No such file or directory
07-03 05:07:55.554   187   193 D VoldCryptCmdListener: cryptfs mountdefaultencrypted
07-03 05:07:55.565   187   201 I Cryptfs : cryptfs_check_passwd
07-03 05:07:55.566   187   201 D Cryptfs : crypt_ftr->fs_size = 23175168
07-03 05:07:55.566   187   201 I Cryptfs : Using scrypt with keymaster for cryptfs KDF
07-03 05:07:56.018   187   201 I Cryptfs : keymaster module name is Trusty Keymaster HAL
07-03 05:07:56.018   187   201 I Cryptfs : keymaster version is 3
07-03 05:07:56.018   187   201 I Cryptfs : Found keymaster0 module, using keymaster0 API.
07-03 05:07:56.019   187   201 I Cryptfs : Signing safely-padded object
07-03 05:07:56.425   187   201 I Cryptfs : Enabling support for allow_discards in dmcrypt.
07-03 05:07:56.426   187   191 D vold    : Disk at 253:2 changed
07-03 05:07:56.851   187   201 I Cryptfs : Password matches
07-03 05:07:56.852   187   201 D Cryptfs : test_mount_encrypted_fs(): Master key saved
07-03 05:07:56.852   187   201 I Cryptfs : keymaster module name is Trusty Keymaster HAL
07-03 05:07:56.852   187   201 I Cryptfs : keymaster version is 3
07-03 05:07:56.852   187   201 I Cryptfs : Found keymaster0 module, using keymaster0 API.
07-03 05:07:56.853   187   201 D Cryptfs : Password is default - restarting filesystem
07-03 05:07:56.853   187   201 D Cryptfs : unmounting /data succeeded
07-03 05:07:57.104   187   201 D Cryptfs : Just triggered post_fs_data
07-03 05:07:57.187   187   193 D vold    : e4crypt_init_user0
07-03 05:07:57.187   187   193 D vold    : e4crypt_prepare_user_storage for volume null, user 0, serial 0, flags 1
07-03 05:07:57.187   187   193 D vold    : Preparing: /data/system/users/0
07-03 05:07:57.189   187   193 D vold    : Preparing: /data/misc/profiles/cur/0
07-03 05:07:57.191   187   193 D vold    : Preparing: /data/misc/profiles/cur/0/foreign-dex
07-03 05:07:57.194   187   193 D vold    : Preparing: /data/system_de/0
07-03 05:07:57.196   187   193 D vold    : Preparing: /data/misc_de/0
07-03 05:07:57.198   187   193 D vold    : Preparing: /data/user_de/0
07-03 05:07:57.200   187   193 D vold    : e4crypt_unlock_user_key 0 serial=0 token_present=0
07-03 05:07:57.305   187   201 D Cryptfs : post_fs_data done
07-03 05:07:57.305   187   201 D Cryptfs : Just triggered restart_framework
07-03 05:08:03.625   600   600 I chatty  : uid=1000 system_server expire 224 lines
07-03 05:08:04.338   600   620 I chatty  : uid=1000(system) android.display expire 4 lines
07-03 05:08:17.445   600   600 I chatty  : uid=1000 system_server expire 482 lines
07-03 05:08:19.329   600   616 I chatty  : uid=1000(system) batterystats-sy expire 2 lines
07-03 05:08:19.521   600   600 I chatty  : uid=1000 system_server expire 36 lines
07-03 05:08:19.684   600   620 I chatty  : uid=1000(system) android.display expire 2 lines
07-03 05:08:20.083   600   637 I chatty  : uid=1000(system) MountService expire 212 lines
07-03 05:08:20.097   600   639 I chatty  : uid=1000(system) CryptdConnector expire 2 lines
07-03 05:08:20.120   600   638 I chatty  : uid=1000(system) VoldConnector expire 2 lines
07-03 05:08:20.127   600   637 I chatty  : uid=1000(system) MountService expire 221 lines
07-03 05:08:20.242   600   600 I chatty  : uid=1000 system_server expire 25 lines
07-03 05:08:20.271   600   640 I chatty  : uid=1000(system) NetdConnector expire 1 line
07-03 05:08:20.336   600   612 I chatty  : uid=1000(system) android.bg expire 7 lines
07-03 05:08:20.736   600   600 I chatty  : uid=1000 system_server expire 137 lines
07-03 05:08:21.085   600   637 I chatty  : uid=1000(system) MountService expire 9 lines
07-03 05:08:21.087   600   638 I chatty  : uid=1000(system) VoldConnector expire 14 lines
07-03 05:08:21.089   187   668 D vold    : Starting trim of /cache
07-03 05:08:21.252   187   668 I vold    : Trimmed 259403776 bytes on /cache in 163ms
07-03 05:08:21.254   187   668 D vold    : Starting trim of /data
07-03 05:08:23.659   187   668 I vold    : Trimmed 1386217472 bytes on /data in 2404ms
07-03 05:08:23.734   600   649 I chatty  : uid=1000(system) ConnectivitySer expire 3 lines
07-03 05:08:23.762   600   622 I chatty  : uid=1000(system) PowerManagerSer expire 1 line
07-03 05:08:23.826   600   618 I chatty  : uid=1000(system) android.fg expire 2 lines
07-03 05:08:23.841   600   620 I chatty  : uid=1000(system) android.display expire 5 lines
07-03 05:08:24.062   600   619 I chatty  : uid=1000(system) android.io expire 56 lines
07-03 05:08:24.190   187   193 D vold    : e4crypt_unlock_user_key 0 serial=0 token_present=0
07-03 05:08:24.193   600   639 I chatty  : uid=1000(system) CryptdConnector expire 1 line
07-03 05:08:24.207   600   613 I chatty  : uid=1000(system) ActivityManager expire 2 lines
07-03 05:08:24.212   187   192 V vold    : Waiting for FUSE to spin up...
07-03 05:08:24.216   600   656 I chatty  : uid=1000(system) AudioService expire 1 line
07-03 05:08:24.262   187   192 V vold    : Waiting for FUSE to spin up...
07-03 05:08:24.313   187   192 V vold    : Waiting for FUSE to spin up...
07-03 05:08:24.363   187   192 V vold    : Waiting for FUSE to spin up...
07-03 05:08:24.763   600   614 I chatty  : uid=1000(system) android.ui expire 3 lines
07-03 05:08:24.854   689   689 V FingerprintManager: FingerprintManagerService was null
07-03 05:08:25.502   600   643 I chatty  : uid=1000(system) WifiP2pService expire 2 lines
07-03 05:08:25.634   600   611 I chatty  : uid=1000(system) Binder:600_2 expire 1 line
07-03 05:08:25.882   600   846 I chatty  : uid=1000(system) uteStateMachine expire 1 line
07-03 05:08:25.894   600   848 I chatty  : uid=1000(system) AsyncQueryWorke expire 1 line
07-03 05:08:25.901   600   847 I chatty  : uid=1000(system) CallAudioModeSt expire 1 line
07-03 05:08:26.545   600   655 I chatty  : uid=1000(system) onProviders.ECP expire 2 lines
07-03 05:08:26.713   600   778 I chatty  : uid=1000(system) Binder:600_4 expire 1 line
07-03 05:08:26.733   600   610 I chatty  : uid=1000(system) Binder:600_1 expire 2 lines
07-03 05:08:26.745   817   878 E ActivityThread: Failed to find provider info for com.android.contacts
07-03 05:08:26.830   689   896 E ActivityThread: Failed to find provider info for com.android.contacts
07-03 05:08:27.013   600   874 I chatty  : uid=1000(system) Binder:600_5 expire 1 line
07-03 05:08:27.245   600   644 I chatty  : uid=1000(system) WifiService expire 1 line
07-03 05:08:27.789   600   619 I chatty  : uid=1000(system) android.io expire 21 lines
07-03 05:08:27.796   600   600 I chatty  : uid=1000 system_server expire 12 lines
07-03 05:08:27.809   823   823 W ContextImpl: Calling a method in the system process without a qualified user: android.app.ContextImpl.startService:1357 android.content.ContextWrapper.startService:613 android.content.ContextWrapper.startService:613 com.android.settings.bluetooth.DockEventReceiver.beginStartingService:134 com.android.settings.bluetooth.DockEventReceiver.onReceive:115 
07-03 05:08:27.824   600   611 I chatty  : uid=1000(system) Binder:600_2 expire 10 lines
07-03 05:08:27.877   600   661 I chatty  : uid=1000(system) Binder:600_3 expire 6 lines
07-03 05:08:28.964   600   612 I chatty  : uid=1000(system) android.bg expire 10 lines
07-03 05:08:28.982   600  1012 I chatty  : uid=1000(system) IPC Thread expire 1 line
07-03 05:08:34.320   600   620 I chatty  : uid=1000(system) android.display expire 8 lines
07-03 05:08:34.347   187   193 D vold    : e4crypt_prepare_user_storage for volume null, user 0, serial 0, flags 2
07-03 05:08:34.348   187   193 D vold    : Preparing: /data/system_ce/0
07-03 05:08:34.348   187   193 D vold    : Preparing: /data/misc_ce/0
07-03 05:08:34.348   187   193 D vold    : Preparing: /data/media/0
07-03 05:08:34.348   187   193 D vold    : Preparing: /data/data
07-03 05:08:34.348   600   639 I chatty  : uid=1000(system) CryptdConnector expire 9 lines
07-03 05:08:34.544   689   689 V DeadZone: consuming errant click: (99.96745,0.9301758)
07-03 05:08:34.600   600   613 I chatty  : uid=1000(system) ActivityManager expire 13 lines
07-03 05:08:34.602   600   649 I chatty  : uid=1000(system) ConnectivitySer expire 10 lines
07-03 05:08:34.602   187   192 D vold    : Linking /storage/emulated/0 to /mnt/user/0/primary
07-03 05:08:34.603   600   638 I chatty  : uid=1000(system) VoldConnector expire 1 line
07-03 05:08:34.604   600   637 I chatty  : uid=1000(system) MountService expire 1 line
07-03 05:08:35.305   600   874 I chatty  : uid=1000(system) Binder:600_5 expire 6 lines
07-03 05:08:35.611   600   610 I chatty  : uid=1000(system) Binder:600_1 expire 8 lines
07-03 05:08:36.204   600   843 I chatty  : uid=1000 system_server expire 1 line
07-03 05:08:37.607   600   616 I chatty  : uid=1000(system) batterystats-sy expire 1 line
07-03 05:08:37.717   600   645 I chatty  : uid=1000(system) WifiStateMachin expire 1 line
07-03 05:08:38.829   600  1161 I chatty  : uid=1000(system) Binder:600_7 expire 6 lines
07-03 05:08:41.884  1052  1449 W PackageParser: Ignoring duplicate uses-permissions/uses-permissions-sdk-m: android.permission.INTERNET in package: com.qihoo.gameunion.s at: Binary XML file line #13
07-03 05:08:41.900   600   600 I chatty  : uid=1000 system_server expire 19 lines
07-03 05:08:42.694   600  1037 I chatty  : uid=1000(system) backup expire 1 line
07-03 05:08:42.728  1052  1449 W PackageParser: Ignoring duplicate uses-permissions/uses-permissions-sdk-m: com.android.launcher.permission.INSTALL_SHORTCUT in package: com.qihoo.appstore.battery at: Binary XML file line #36
07-03 05:08:42.728  1052  1449 W PackageParser: Ignoring duplicate uses-permissions/uses-permissions-sdk-m: android.permission.READ_PHONE_STATE in package: com.qihoo.appstore.battery at: Binary XML file line #39
07-03 05:08:42.728  1052  1449 W PackageParser: Ignoring duplicate uses-permissions/uses-permissions-sdk-m: android.permission.INTERNET in package: com.qihoo.appstore.battery at: Binary XML file line #41
07-03 05:08:42.728  1052  1449 W PackageParser: Ignoring duplicate uses-permissions/uses-permissions-sdk-m: android.permission.READ_EXTERNAL_STORAGE in package: com.qihoo.appstore.battery at: Binary XML file line #42
07-03 05:08:42.728  1052  1449 W PackageParser: Ignoring duplicate uses-permissions/uses-permissions-sdk-m: android.permission.WRITE_EXTERNAL_STORAGE in package: com.qihoo.appstore.battery at: Binary XML file line #43
07-03 05:08:42.728  1052  1449 W PackageParser: Ignoring duplicate uses-permissions/uses-permissions-sdk-m: android.permission.WAKE_LOCK in package: com.qihoo.appstore.battery at: Binary XML file line #46
07-03 05:08:42.728  1052  1449 W PackageParser: Ignoring duplicate uses-permissions/uses-permissions-sdk-m: android.permission.READ_SYNC_SETTINGS in package: com.qihoo.appstore.battery at: Binary XML file line #57
07-03 05:08:42.728  1052  1449 W PackageParser: Ignoring duplicate uses-permissions/uses-permissions-sdk-m: android.permission.WRITE_SYNC_SETTINGS in package: com.qihoo.appstore.battery at: Binary XML file line #58
07-03 05:08:42.882  1052  1449 W PackageParser: Ignoring duplicate uses-permissions/uses-permissions-sdk-m: android.permission.READ_PHONE_STATE in package: com.qihoo360.mobilesafe.chargescreen at: Binary XML file line #21
07-03 05:08:43.245   600  1160 I chatty  : uid=1000(system) Binder:600_6 expire 10 lines
07-03 05:08:45.308   600  1614 I chatty  : uid=1000 system_server expire 2 lines
07-03 05:08:48.248  1526  1526 V FingerprintManager: FingerprintManagerService was null
07-03 05:08:48.336   600   619 I chatty  : uid=1000(system) android.io expire 4 lines
07-03 05:08:49.023   600  1316 I chatty  : uid=1000(system) Binder:600_9 expire 2 lines
07-03 05:08:49.910   600  1694 I chatty  : uid=1000(system) Binder:600_B expire 7 lines
07-03 05:08:50.531   600   778 I chatty  : uid=1000(system) Binder:600_4 expire 7 lines
07-03 05:08:51.166   600  1310 I chatty  : uid=1000(system) Binder:600_8 expire 6 lines
07-03 05:08:54.885  1993  2190 W PackageParser: Ignoring duplicate uses-permissions/uses-permissions-sdk-m: android.permission.INTERNET in package: com.qihoo.ggift at: Binary XML file line #13
07-03 05:08:54.887  1993  2190 W PackageParser: Ignoring duplicate uses-permissions/uses-permissions-sdk-m: com.android.launcher.permission.INSTALL_SHORTCUT in package: com.qihoo.ggift at: Binary XML file line #25
07-03 05:08:55.613  1993  2190 W PackageParser: Ignoring duplicate uses-permissions/uses-permissions-sdk-m: android.permission.INTERACT_ACROSS_USERS_FULL in package: com.qihoo.gameuniondjq at: Binary XML file line #26
07-03 05:08:55.613  1993  2190 W PackageParser: Ignoring duplicate uses-permissions/uses-permissions-sdk-m: com.android.launcher.permission.READ_SETTINGS in package: com.qihoo.gameuniondjq at: Binary XML file line #57
07-03 05:08:55.613  1993  2190 W PackageParser: Ignoring duplicate uses-permissions/uses-permissions-sdk-m: com.android.launcher.permission.WRITE_SETTINGS in package: com.qihoo.gameuniondjq at: Binary XML file line #58
07-03 05:08:56.927   600  1693 I chatty  : uid=1000(system) Binder:600_A expire 5 lines
07-03 05:08:56.972   600   615 I chatty  : uid=1000(system) ActivityManager expire 1 line
07-03 05:08:57.360   600   634 I chatty  : uid=1000(system) AlarmManager expire 2 lines
07-03 05:08:58.062   600   613 I chatty  : uid=1000(system) ActivityManager expire 17 lines
07-03 05:08:59.396   187   193 D VoldCryptCmdListener: cryptfs getpwtype
07-03 05:09:00.275   187   193 D VoldCryptCmdListener: cryptfs getpwtype
07-03 05:09:03.418  2290  2290 V FingerprintManager: FingerprintManagerService was null
07-03 05:09:05.185   600  2379 I chatty  : uid=1000(system) Binder:600_E expire 3 lines
07-03 05:09:06.413   600  2376 I chatty  : uid=1000(system) Binder:600_C expire 5 lines
07-03 05:09:06.740   600  2378 I chatty  : uid=1000(system) Binder:600_D expire 5 lines
07-03 05:09:06.824   187   193 D VoldCryptCmdListener: cryptfs getpwtype
07-03 05:09:07.572   187   193 D VoldCryptCmdListener: cryptfs getpwtype
07-03 05:09:08.381   187   193 D VoldCryptCmdListener: cryptfs getpwtype
07-03 05:09:08.917   600   625 I chatty  : uid=1000(system) PackageManager expire 1 line
07-03 05:09:10.001   187   193 D VoldCryptCmdListener: cryptfs getpwtype
07-03 05:09:10.614   187   193 D VoldCryptCmdListener: cryptfs getpwtype
07-03 05:09:11.120  1052  1052 E ActivityThread: Failed to find provider info for com.qihoo360.apm.apmdatamanager.ApmDataProvider
07-03 05:09:11.126  1052  1052 E ActivityThread: Failed to find provider info for com.qihoo360.apm.apmdatamanager.ApmDataProvider
07-03 05:09:11.129  1052  1052 E ActivityThread: Failed to find provider info for com.qihoo360.apm.apmdatamanager.ApmDataProvider
07-03 05:09:11.165  1052  1052 E ActivityThread: Failed to find provider info for com.qihoo360.apm.apmdatamanager.ApmDataProvider
07-03 05:09:11.171  1052  1052 E ActivityThread: Failed to find provider info for com.qihoo360.apm.apmdatamanager.ApmDataProvider
07-03 05:09:11.175  1052  1052 E ActivityThread: Failed to find provider info for com.qihoo360.apm.apmdatamanager.ApmDataProvider
07-03 05:09:11.190  1052  1052 E ActivityThread: Failed to find provider info for com.qihoo360.apm.apmdatamanager.ApmDataProvider
07-03 05:09:11.194  1052  1052 E ActivityThread: Failed to find provider info for com.qihoo360.apm.apmdatamanager.ApmDataProvider
07-03 05:09:11.204  1052  1052 E ActivityThread: Failed to find provider info for com.qihoo360.apm.apmdatamanager.ApmDataProvider
07-03 05:09:11.240  1052  2788 E ActivityThread: Failed to find provider info for com.qihoo360.apm.apmdatamanager.ApmDataProvider
07-03 05:09:11.787  1052  1052 E ActivityThread: Failed to find provider info for com.qihoo360.apm.apmdatamanager.ApmDataProvider
07-03 05:09:11.789  1052  1052 E ActivityThread: Failed to find provider info for com.qihoo360.apm.apmdatamanager.ApmDataProvider
07-03 05:09:11.793  1052  1052 E ActivityThread: Failed to find provider info for com.qihoo360.apm.apmdatamanager.ApmDataProvider
07-03 05:09:11.815  1052  2788 E ActivityThread: Failed to find provider info for com.qihoo360.apm.apmdatamanager.ApmDataProvider
07-03 05:09:12.159   600  2380 I chatty  : uid=1000(system) Binder:600_F expire 3 lines
07-03 05:09:12.394   600   600 I chatty  : uid=1000 system_server expire 6 lines
07-03 05:09:13.393  2910  2939 D ActivityThread: Loading provider com.google.android.gmail.provider;com.android.mail.notifier;com.google.android.gm.email.provider;com.google.android.gm.tasks.provider;com.google.android.gm.email.notifier: com.android.email.provider.EmailProvider
07-03 05:09:13.953   600  1160 I chatty  : uid=1000(system) Binder:600_6 expire 2 lines
07-03 05:09:14.132   600   613 I chatty  : uid=1000(system) ActivityManager expire 1 line
07-03 05:09:18.473   187   193 D VoldCryptCmdListener: cryptfs getpwtype
07-03 05:09:18.814   600   611 I chatty  : uid=1000(system) Binder:600_2 expire 10 lines
07-03 05:09:19.829   600  1316 I chatty  : uid=1000(system) Binder:600_9 expire 6 lines
07-03 05:09:20.520   600   612 I chatty  : uid=1000(system) android.bg expire 9 lines
07-03 05:09:21.268   600  2379 I chatty  : uid=1000(system) Binder:600_E expire 8 lines
07-03 05:09:21.269   187   193 D VoldCryptCmdListener: cryptfs getpwtype
07-03 05:09:21.269   600   639 I chatty  : uid=1000(system) CryptdConnector expire 10 lines
07-03 05:09:21.513   600  2380 I chatty  : uid=1000(system) Binder:600_F expire 5 lines
07-03 05:09:22.169   600  1161 I chatty  : uid=1000(system) Binder:600_7 expire 8 lines
07-03 05:09:22.437   600  1693 I chatty  : uid=1000(system) Binder:600_A expire 11 lines
07-03 05:09:22.560   600   661 I chatty  : uid=1000(system) Binder:600_3 expire 8 lines
07-03 05:09:22.621  1544  3059 E ActivityThread: Failed to find provider info for com.google.android.wearable.settings
07-03 05:09:22.702   600   600 I chatty  : uid=1000 system_server expire 28 lines
07-03 05:09:22.865   600  2376 I chatty  : uid=1000(system) Binder:600_C expire 8 lines
07-03 05:09:23.428   600  1160 I chatty  : uid=1000(system) Binder:600_6 expire 10 lines
07-03 05:09:24.008   600  1310 I chatty  : uid=1000(system) Binder:600_8 expire 6 lines
07-03 05:09:24.242   600   778 I chatty  : uid=1000(system) Binder:600_4 expire 8 lines
07-03 05:09:24.260   600  2378 I chatty  : uid=1000(system) Binder:600_D expire 11 lines
07-03 05:09:24.346   600   610 I chatty  : uid=1000(system) Binder:600_1 expire 6 lines
07-03 05:09:26.125   600   613 I chatty  : uid=1000(system) ActivityManager expire 5 lines
07-03 05:09:26.891   187   193 D VoldCryptCmdListener: cryptfs getpwtype
07-03 05:09:30.504   187   193 D VoldCryptCmdListener: cryptfs getpwtype
07-03 05:09:33.284  1544  3059 E ActivityThread: Failed to find provider info for com.google.android.wearable.settings
07-03 05:09:33.941   187   193 D VoldCryptCmdListener: cryptfs getpwtype
07-03 05:09:35.212   600  1694 I chatty  : uid=1000(system) Binder:600_B expire 7 lines
07-03 05:09:35.215   600   874 I chatty  : uid=1000(system) Binder:600_5 expire 10 lines
07-03 05:09:37.611  1052  1052 E ActivityThread: Failed to find provider info for com.qihoo360.apm.apmdatamanager.ApmDataProvider
07-03 05:09:37.641  1052  1052 E ActivityThread: Failed to find provider info for com.qihoo360.apm.apmdatamanager.ApmDataProvider
07-03 05:09:37.684  1052  1052 E ActivityThread: Failed to find provider info for com.qihoo360.apm.apmdatamanager.ApmDataProvider
07-03 05:09:37.780  1052  1052 E ActivityThread: Failed to find provider info for com.qihoo360.apm.apmdatamanager.ApmDataProvider
07-03 05:09:37.822  1052  2788 E ActivityThread: Failed to find provider info for com.qihoo360.apm.apmdatamanager.ApmDataProvider
07-03 05:09:50.491  3896  3915 D ActivityThread: Loading provider com.google.android.gmail.provider;com.android.mail.notifier;com.google.android.gm.email.provider;com.google.android.gm.tasks.provider;com.google.android.gm.email.notifier: com.android.email.provider.EmailProvider
07-03 05:09:51.565   187   193 D VoldCryptCmdListener: cryptfs getpwtype
07-03 05:09:56.766   187   193 D VoldCryptCmdListener: cryptfs getpwtype
07-03 05:09:57.081   600   600 I chatty  : uid=1000 system_server expire 42 lines
07-03 05:09:57.782   600  2378 I chatty  : uid=1000(system) Binder:600_D expire 4 lines
07-03 05:09:58.311   187   193 D VoldCryptCmdListener: cryptfs getpwtype
07-03 05:09:59.176   600  1693 I chatty  : uid=1000(system) Binder:600_A expire 3 lines
07-03 05:10:01.610   600   649 I chatty  : uid=1000(system) ConnectivitySer expire 1 line
07-03 05:10:02.362   187   193 D VoldCryptCmdListener: cryptfs getpwtype
07-03 05:10:05.532   187   193 D VoldCryptCmdListener: cryptfs getpwtype
07-03 05:10:13.705   600   619 I chatty  : uid=1000(system) android.io expire 2 lines
07-03 05:10:14.441   600   611 I chatty  : uid=1000(system) Binder:600_2 expire 2 lines
07-03 05:10:16.217   187   193 D VoldCryptCmdListener: cryptfs getpwtype
07-03 05:10:16.243  4530  4547 V FingerprintManager: FingerprintManagerService was null
07-03 05:10:16.336   600   600 I chatty  : uid=1000 system_server expire 2 lines
07-03 05:10:17.766   187   193 D VoldCryptCmdListener: cryptfs getpwtype
07-03 05:10:17.767   600   639 I chatty  : uid=1000(system) CryptdConnector expire 10 lines
07-03 05:10:18.459  1650  2662 E ActivityThread: Failed to find provider info for com.facebook.appmanager.attribution
07-03 05:10:20.399   600   600 I chatty  : uid=1000 system_server expire 22 lines
07-03 05:10:20.420   600   619 I chatty  : uid=1000(system) android.io expire 2 lines
07-03 05:10:20.727   600   610 I chatty  : uid=1000(system) Binder:600_1 expire 5 lines
07-03 05:10:21.801   600  2378 I chatty  : uid=1000(system) Binder:600_D expire 6 lines
07-03 05:10:21.904   600   661 I chatty  : uid=1000(system) Binder:600_3 expire 6 lines
07-03 05:10:22.093   600  2379 I chatty  : uid=1000(system) Binder:600_E expire 3 lines
07-03 05:10:22.093   187   193 D VoldCryptCmdListener: cryptfs getpwtype
07-03 05:10:22.495   600  1160 I chatty  : uid=1000(system) Binder:600_6 expire 6 lines
07-03 05:10:22.647   600   611 I chatty  : uid=1000(system) Binder:600_2 expire 10 lines
07-03 05:10:23.789   600  1316 I chatty  : uid=1000(system) Binder:600_9 expire 10 lines
07-03 05:10:24.551   600   614 I chatty  : uid=1000(system) android.ui expire 2 lines
07-03 05:10:25.109   600  2380 I chatty  : uid=1000(system) Binder:600_F expire 6 lines
07-03 05:10:25.114   600   874 I chatty  : uid=1000(system) Binder:600_5 expire 9 lines
07-03 05:10:25.114   187   193 D VoldCryptCmdListener: cryptfs getpwtype
07-03 05:10:30.078   600   613 I chatty  : uid=1000(system) ActivityManager expire 22 lines
07-03 05:10:30.551   600  1310 I chatty  : uid=1000(system) Binder:600_8 expire 6 lines
07-03 05:10:33.034   600  1161 I chatty  : uid=1000(system) Binder:600_7 expire 10 lines
07-03 05:10:33.889   600  1693 I chatty  : uid=1000(system) Binder:600_A expire 7 lines
07-03 05:10:34.883   600  2376 I chatty  : uid=1000(system) Binder:600_C expire 2 lines
07-03 05:10:36.312   600  1694 I chatty  : uid=1000(system) Binder:600_B expire 5 lines
07-03 05:10:40.780   600   612 I chatty  : uid=1000(system) android.bg expire 7 lines
07-03 05:10:41.720   600   778 I chatty  : uid=1000(system) Binder:600_4 expire 7 lines
07-03 05:10:46.659  1052  1052 E ActivityThread: Failed to find provider info for com.qihoo360.apm.apmdatamanager.ApmDataProvider
07-03 05:10:48.985   600   600 I chatty  : uid=1000 system_server expire 33 lines
07-03 05:10:49.225   600  5132 I chatty  : uid=1000(system) Binder:600_10 expire 14 lines
07-03 05:10:49.428   600   615 I chatty  : uid=1000(system) ActivityManager expire 1 line
07-03 05:10:50.593   187   193 D VoldCryptCmdListener: cryptfs getpwtype
07-03 05:10:52.555   600   649 I chatty  : uid=1000(system) ConnectivitySer expire 2 lines
07-03 05:10:54.566  1288  1288 E ActivityThread: Service com.android.providers.downloads.DownloadJobService has leaked ServiceConnection android.media.MediaScannerConnection@3263d74 that was originally bound here
07-03 05:10:54.566  1288  1288 E ActivityThread: android.app.ServiceConnectionLeaked: Service com.android.providers.downloads.DownloadJobService has leaked ServiceConnection android.media.MediaScannerConnection@3263d74 that was originally bound here
07-03 05:10:54.566  1288  1288 E ActivityThread: 	at android.app.LoadedApk$ServiceDispatcher.<init>(LoadedApk.java:1336)
07-03 05:10:54.566  1288  1288 E ActivityThread: 	at android.app.LoadedApk.getServiceDispatcher(LoadedApk.java:1231)
07-03 05:10:54.566  1288  1288 E ActivityThread: 	at android.app.ContextImpl.bindServiceCommon(ContextImpl.java:1450)
07-03 05:10:54.566  1288  1288 E ActivityThread: 	at android.app.ContextImpl.bindService(ContextImpl.java:1422)
07-03 05:10:54.566  1288  1288 E ActivityThread: 	at android.content.ContextWrapper.bindService(ContextWrapper.java:636)
07-03 05:10:54.566  1288  1288 E ActivityThread: 	at android.media.MediaScannerConnection.connect(MediaScannerConnection.java:119)
07-03 05:10:54.566  1288  1288 E ActivityThread: 	at com.android.providers.downloads.DownloadScanner.requestScan(DownloadScanner.java:130)
07-03 05:10:54.566  1288  1288 E ActivityThread: 	at com.android.providers.downloads.DownloadScanner.requestScanBlocking(DownloadScanner.java:85)
07-03 05:10:54.566  1288  1288 E ActivityThread: 	at com.android.providers.downloads.DownloadThread.run(DownloadThread.java:386)
07-03 05:10:57.412   600  1161 I chatty  : uid=1000(system) Binder:600_7 expire 4 lines
07-03 05:11:21.820   187   193 D VoldCryptCmdListener: cryptfs getpwtype
07-03 05:11:25.502   187   193 D VoldCryptCmdListener: cryptfs getpwtype
07-03 05:11:28.628  1052  1052 E ActivityThread: Failed to find provider info for com.qihoo360.apm.apmdatamanager.ApmDataProvider
07-03 05:11:28.654  1052  1052 E ActivityThread: Failed to find provider info for com.qihoo360.apm.apmdatamanager.ApmDataProvider
07-03 05:11:28.687  1052  2788 E ActivityThread: Failed to find provider info for com.qihoo360.apm.apmdatamanager.ApmDataProvider
07-03 05:11:29.707   600   600 I chatty  : uid=1000 system_server expire 1 line
07-03 05:11:31.187   187   193 D VoldCryptCmdListener: cryptfs getpwtype
07-03 05:11:32.976   600  1316 I chatty  : uid=1000(system) Binder:600_9 expire 5 lines
07-03 05:11:33.931   187   193 D VoldCryptCmdListener: cryptfs getpwtype
07-03 05:11:37.451   600   616 I chatty  : uid=1000(system) batterystats-sy expire 1 line
07-03 05:11:40.566   600   611 I chatty  : uid=1000(system) Binder:600_2 expire 1 line
07-03 05:11:42.553   187   193 D VoldCryptCmdListener: cryptfs getpwtype
07-03 05:11:44.679   187   193 D VoldCryptCmdListener: cryptfs getpwtype
07-03 05:11:51.149   187   193 D VoldCryptCmdListener: cryptfs getpwtype
07-03 05:11:51.149   600   639 I chatty  : uid=1000(system) CryptdConnector expire 5 lines
07-03 05:11:55.815   600   778 I chatty  : uid=1000(system) Binder:600_4 expire 4 lines
07-03 05:11:55.840   600   649 I chatty  : uid=1000(system) ConnectivitySer expire 4 lines
07-03 05:11:55.894   600  2379 I chatty  : uid=1000(system) Binder:600_E expire 6 lines
07-03 05:11:55.932   600   625 I chatty  : uid=1000(system) PackageManager expire 28 lines
07-03 05:11:55.934   600   610 I chatty  : uid=1000(system) Binder:600_1 expire 7 lines
07-03 05:11:56.356   600   661 I chatty  : uid=1000(system) Binder:600_3 expire 4 lines
07-03 05:11:56.422   600  1693 I chatty  : uid=1000(system) Binder:600_A expire 2 lines
07-03 05:11:57.660   600   874 I chatty  : uid=1000(system) Binder:600_5 expire 6 lines
07-03 05:11:57.665   600  1310 I chatty  : uid=1000(system) Binder:600_8 expire 3 lines
07-03 05:11:57.722   600  1694 I chatty  : uid=1000(system) Binder:600_B expire 5 lines
07-03 05:11:57.818   600  2376 I chatty  : uid=1000(system) Binder:600_C expire 8 lines
07-03 05:11:58.137  6157  6157 W ContextImpl: Calling a method in the system process without a qualified user: android.app.ContextImpl.startService:1357 android.content.ContextWrapper.startService:613 android.content.ContextWrapper.startService:613 com.android.keychain.KeyChainBroadcastReceiver.onReceive:12 android.app.ActivityThread.handleReceiver:3040 
07-03 05:11:58.272   600  1161 I chatty  : uid=1000(system) Binder:600_7 expire 4 lines
07-03 05:11:58.346   600  2380 I chatty  : uid=1000(system) Binder:600_F expire 7 lines
07-03 05:11:58.397   600   611 I chatty  : uid=1000(system) Binder:600_2 expire 1 line
07-03 05:11:59.047   187   193 D VoldCryptCmdListener: cryptfs getpwtype
07-03 05:11:59.088   600   600 I chatty  : uid=1000 system_server expire 15 lines
07-03 05:12:00.314  1052  1052 E ActivityThread: Failed to find provider info for com.qihoo360.apm.apmdatamanager.ApmDataProvider
07-03 05:12:00.330  1052  1052 E ActivityThread: Failed to find provider info for com.qihoo360.apm.apmdatamanager.ApmDataProvider
07-03 05:12:00.368  1052  2788 E ActivityThread: Failed to find provider info for com.qihoo360.apm.apmdatamanager.ApmDataProvider
07-03 05:12:00.429   600   612 I chatty  : uid=1000(system) android.bg expire 1 line
07-03 05:12:00.729   600  2378 I chatty  : uid=1000(system) Binder:600_D expire 4 lines
07-03 05:12:01.668   600  5132 I chatty  : uid=1000(system) Binder:600_10 expire 2 lines
07-03 05:12:02.148   600  1160 I chatty  : uid=1000(system) Binder:600_6 expire 4 lines
07-03 05:12:03.920   187   193 D VoldCryptCmdListener: cryptfs getpwtype
07-03 05:12:13.389   600   613 I chatty  : uid=1000(system) ActivityManager expire 10 lines
07-03 05:12:28.321   600   634 I chatty  : uid=1000(system) AlarmManager expire 4 lines
07-03 05:12:52.716   187   193 D VoldCryptCmdListener: cryptfs getpwtype
07-03 05:13:15.997   600  1316 I chatty  : uid=1000(system) Binder:600_9 expire 3 lines
07-03 05:14:58.420   600   625 I chatty  : uid=1000(system) PackageManager expire 20 lines
07-03 05:14:58.840  6157  6157 W ContextImpl: Calling a method in the system process without a qualified user: android.app.ContextImpl.startService:1357 android.content.ContextWrapper.startService:613 android.content.ContextWrapper.startService:613 com.android.keychain.KeyChainBroadcastReceiver.onReceive:12 android.app.ActivityThread.handleReceiver:3040 
07-03 05:14:59.868   600   600 I chatty  : uid=1000 system_server expire 13 lines
07-03 05:15:28.682  6157  6157 W ContextImpl: Calling a method in the system process without a qualified user: android.app.ContextImpl.startService:1357 android.content.ContextWrapper.startService:613 android.content.ContextWrapper.startService:613 com.android.keychain.KeyChainBroadcastReceiver.onReceive:12 android.app.ActivityThread.handleReceiver:3040 
07-03 05:15:28.899   600   600 I chatty  : uid=1000 system_server expire 25 lines
07-03 05:15:31.722   187   193 D VoldCryptCmdListener: cryptfs getpwtype
07-03 05:15:37.463   600   616 I chatty  : uid=1000(system) batterystats-sy expire 1 line
07-03 05:15:38.479   600   613 I chatty  : uid=1000(system) ActivityManager expire 13 lines
07-03 05:16:48.662   600   625 I chatty  : uid=1000(system) PackageManager expire 14 lines
07-03 05:17:15.276   600   625 W PackageManager: Unknown permission com.amazon.device.messaging.permission.RECEIVE in package com.facebook.katana
07-03 05:17:15.276   600   625 W PackageManager: Unknown permission com.nokia.pushnotifications.permission.RECEIVE in package com.facebook.katana
07-03 05:17:15.675   600   625 I ActivityManager: Force stopping com.facebook.katana appid=10935 user=0: pkg removed
07-03 05:17:15.912   600  2380 W ActivityManager: Unable to start service Intent { act=service_action_LOOPER_VALUE pkg=com.qihoo.gameassist } U=0: not found
07-03 05:17:16.015   600  5132 W ActivityManager: Unable to start service Intent { act=service_action_LOOPER_VALUE pkg=com.qihoo.gameassist } U=0: not found
07-03 05:17:16.101  6157  6157 W ContextImpl: Calling a method in the system process without a qualified user: android.app.ContextImpl.startService:1357 android.content.ContextWrapper.startService:613 android.content.ContextWrapper.startService:613 com.android.keychain.KeyChainBroadcastReceiver.onReceive:12 android.app.ActivityThread.handleReceiver:3040 
07-03 05:17:16.601   600  1310 I ActivityManager: Start proc 7039:com.facebook.katana/u0a935 for broadcast com.facebook.katana/com.facebook.feed.platformads.AppInstallReceiver
07-03 05:17:17.632   600   600 V NotificationService: pkg=com.qihoo.appstore canInterrupt=false intercept=true
07-03 05:17:17.638   600   600 V NotificationService: pkg=com.qihoo.appstore canInterrupt=false intercept=true
07-03 05:17:17.644   600   600 V NotificationService: pkg=com.qihoo.appstore canInterrupt=false intercept=true
07-03 05:17:17.649   600   600 V NotificationService: pkg=com.qihoo.appstore canInterrupt=false intercept=true
07-03 05:17:17.652   600   600 V NotificationService: pkg=com.android.vending canInterrupt=false intercept=true
07-03 05:17:18.881   600   600 V NotificationService: pkg=com.android.providers.downloads canInterrupt=false intercept=true
07-03 05:17:19.894   600   600 V NotificationService: pkg=com.android.providers.downloads canInterrupt=false intercept=true
07-03 05:17:20.051   600   600 V NotificationService: pkg=com.android.providers.downloads canInterrupt=false intercept=true
07-03 05:17:24.218   600  5132 W ActivityManager: Permission Denial: Accessing service ComponentInfo{com.facebook.katana/com.facebook.offline.mode.helper.DisableOfflineModeGCMService} from pid=1046, uid=10009 that is not exported from uid 10935
07-03 05:17:24.702   600  2376 I ActivityManager: Start proc 7157:com.facebook.katana:notification/u0a935 for service com.facebook.katana/com.facebook.rti.push.service.FbnsService
07-03 05:17:28.116   600   613 W BroadcastQueue: Permission Denial: broadcasting Intent { act=android.net.conn.CONNECTIVITY_CHANGE flg=0x4000010 (has extras) } from null (pid=-1, uid=-1) requires com.facebook.permission.prod.FB_APP_COMMUNICATION due to registered receiver BroadcastFilter{ef3350c u0 ReceiverList{1c9983f 7039 com.facebook.katana/10935/u0 remote:7498c5e}}
07-03 05:17:28.116   600   613 W BroadcastQueue: Permission Denial: broadcasting Intent { act=android.net.conn.INET_CONDITION_ACTION flg=0x4000010 (has extras) } from null (pid=-1, uid=-1) requires com.facebook.permission.prod.FB_APP_COMMUNICATION due to registered receiver BroadcastFilter{ef3350c u0 ReceiverList{1c9983f 7039 com.facebook.katana/10935/u0 remote:7498c5e}}
07-03 05:17:28.129   600   613 W BroadcastQueue: Permission Denial: broadcasting Intent { act=android.net.conn.CONNECTIVITY_CHANGE flg=0x4000010 (has extras) } from null (pid=-1, uid=-1) requires com.facebook.permission.prod.FB_APP_COMMUNICATION due to registered receiver BroadcastFilter{e04c936 u0 ReceiverList{5159ad1 7039 com.facebook.katana/10935/u0 remote:22495f8}}
07-03 05:17:29.746   600   600 V NotificationService: pkg=com.android.vending canInterrupt=false intercept=true
07-03 05:17:33.952   600   613 I ActivityManager: Force stopping com.google.android.calendar appid=10032 user=-1: installPackageLI
07-03 05:17:33.969   600   625 W PackageManager: Trying to update system app code path from /data/app/com.google.android.calendar-2 to /data/app/com.google.android.calendar-1
07-03 05:17:33.970   600   625 W PackageManager: Code path for com.google.android.calendar changing from /data/app/com.google.android.calendar-2 to /data/app/com.google.android.calendar-1
07-03 05:17:33.970   600   625 W PackageManager: Resource path for com.google.android.calendar changing from /data/app/com.google.android.calendar-2 to /data/app/com.google.android.calendar-1
07-03 05:17:33.970   600   625 W PackageManager: Non-privileged app; cap priority to 0; package: com.google.android.calendar activity: com.android.calendar.event.LaunchInfoActivity origPrio: 50
07-03 05:17:33.970   600   625 W PackageManager: Non-privileged app; cap priority to 0; package: com.google.android.calendar activity: com.android.calendar.event.LaunchInfoActivity origPrio: 50
07-03 05:17:34.082   600   625 W PackageManager: Unknown permission com.google.android.gm.exchange.BIND in package com.google.android.calendar
07-03 05:17:34.306   600   625 I ActivityManager: Force stopping com.google.android.calendar appid=10032 user=0: pkg removed
07-03 05:17:34.359   600  1693 W ActivityManager: Unable to start service Intent { act=service_action_LOOPER_VALUE pkg=com.qihoo.gameassist } U=0: not found
07-03 05:17:34.372  6157  6157 W ContextImpl: Calling a method in the system process without a qualified user: android.app.ContextImpl.startService:1357 android.content.ContextWrapper.startService:613 android.content.ContextWrapper.startService:613 com.android.keychain.KeyChainBroadcastReceiver.onReceive:12 android.app.ActivityThread.handleReceiver:3040 
07-03 05:17:34.473   600  1316 W ActivityManager: Unable to start service Intent { act=service_action_LOOPER_VALUE pkg=com.qihoo.gameassist } U=0: not found
07-03 05:17:35.141   600   778 I ActivityManager: Start proc 7261:com.google.android.calendar/u0a32 for broadcast com.google.android.calendar/.alerts.AlertReceiver
07-03 05:17:35.786   600  1161 I ActivityManager: Start proc 7289:com.android.providers.calendar/u0a2 for content provider com.android.providers.calendar/.CalendarProvider2
07-03 05:17:35.930   600  1316 D CryptdConnector: SND -> {37 cryptfs getpwtype}
07-03 05:17:35.938   187   193 D VoldCryptCmdListener: cryptfs getpwtype
07-03 05:17:35.944   600   639 D CryptdConnector: RCV <- {213 37 default}
07-03 05:17:35.977   600   600 V NotificationService: pkg=com.qihoo.appstore canInterrupt=false intercept=true
07-03 05:17:35.983   600   600 V NotificationService: pkg=com.qihoo.appstore canInterrupt=false intercept=true
07-03 05:17:35.989   600   600 V NotificationService: pkg=com.qihoo.appstore canInterrupt=false intercept=true
07-03 05:17:35.995   600   600 V NotificationService: pkg=com.qihoo.appstore canInterrupt=false intercept=true
07-03 05:17:36.001   600   600 V NotificationService: pkg=com.qihoo.appstore canInterrupt=false intercept=true
07-03 05:17:36.007   600   600 V NotificationService: pkg=com.qihoo.appstore canInterrupt=false intercept=true
07-03 05:17:36.011   600   600 V NotificationService: pkg=com.android.vending canInterrupt=false intercept=true
07-03 05:17:37.422   600   616 E BatteryStatsService: modem info is invalid: ModemActivityInfo{ mTimestamp=0 mSleepTimeMs=0 mIdleTimeMs=0 mTxTimeMs[]=[0, 0, 0, 0, 0] mRxTimeMs=0 mEnergyUsed=0}
07-03 05:17:37.510   600   600 V NotificationService: pkg=com.android.providers.downloads canInterrupt=false intercept=true
07-03 05:17:38.632   600   600 V NotificationService: pkg=com.android.providers.downloads canInterrupt=false intercept=true
07-03 05:17:38.720   600   600 V NotificationService: pkg=com.android.providers.downloads canInterrupt=false intercept=true
07-03 05:17:38.787   600   600 V NotificationService: pkg=com.android.providers.downloads canInterrupt=false intercept=true
07-03 05:17:39.562   600   613 I ActivityManager: Waited long enough for: ServiceRecord{7daa3d9 u0 com.facebook.katana/com.facebook.rti.orca.MainService}
07-03 05:17:39.703   600   613 I ActivityManager: Waited long enough for: ServiceRecord{e8db6f u0 com.facebook.katana/com.facebook.rti.push.service.FbnsService}
07-03 05:17:49.615   600   600 V NotificationService: pkg=com.android.vending canInterrupt=false intercept=true
07-03 05:17:57.992   600   613 I ActivityManager: Force stopping com.google.android.apps.photos appid=10064 user=-1: installPackageLI
07-03 05:17:57.992   600   613 I ActivityManager: Killing 6410:com.google.android.apps.photos/u0a64 (adj 900): stop com.google.android.apps.photos
07-03 05:17:57.992   600   613 D ActivityManager: cleanUpApplicationRecord -- 6410
07-03 05:17:58.021   600   625 W PackageManager: Trying to update system app code path from /data/app/com.google.android.apps.photos-2 to /data/app/com.google.android.apps.photos-1
07-03 05:17:58.021   600   625 W PackageManager: Code path for com.google.android.apps.photos changing from /data/app/com.google.android.apps.photos-2 to /data/app/com.google.android.apps.photos-1
07-03 05:17:58.021   600   625 W PackageManager: Resource path for com.google.android.apps.photos changing from /data/app/com.google.android.apps.photos-2 to /data/app/com.google.android.apps.photos-1
07-03 05:17:58.639   600   625 W PackageManager: Not granting permission android.permission.WRITE_MEDIA_STORAGE to package com.google.android.apps.photos (protectionLevel=18 flags=0x3859bec5)
07-03 05:17:58.892   600   625 I ActivityManager: Force stopping com.google.android.apps.photos appid=10064 user=0: pkg removed
07-03 05:17:58.956   600   778 W ActivityManager: Unable to start service Intent { act=service_action_LOOPER_VALUE pkg=com.qihoo.gameassist } U=0: not found
07-03 05:17:58.977  6157  6157 W ContextImpl: Calling a method in the system process without a qualified user: android.app.ContextImpl.startService:1357 android.content.ContextWrapper.startService:613 android.content.ContextWrapper.startService:613 com.android.keychain.KeyChainBroadcastReceiver.onReceive:12 android.app.ActivityThread.handleReceiver:3040 
07-03 05:17:59.059   600  1161 W ActivityManager: Unable to start service Intent { act=service_action_LOOPER_VALUE pkg=com.qihoo.gameassist } U=0: not found
07-03 05:17:59.208   600   600 V NotificationService: pkg=com.qihoo.appstore canInterrupt=false intercept=true
07-03 05:17:59.220   600   600 V NotificationService: pkg=com.qihoo.appstore canInterrupt=false intercept=true
07-03 05:17:59.228   600   600 V NotificationService: pkg=com.qihoo.appstore canInterrupt=false intercept=true
07-03 05:17:59.233   600   600 V NotificationService: pkg=com.qihoo.appstore canInterrupt=false intercept=true
07-03 05:17:59.283   600   600 V NotificationService: pkg=com.android.vending canInterrupt=false intercept=true
07-03 05:17:59.426   600   600 V NotificationService: pkg=com.qihoo.appstore canInterrupt=false intercept=true
07-03 05:17:59.436   600   600 V NotificationService: pkg=com.qihoo.appstore canInterrupt=false intercept=true
07-03 05:17:59.884   600  2379 I ActivityManager: Start proc 7379:com.google.android.apps.photos/u0a64 for broadcast com.google.android.apps.photos/.backgroundsignin.BackgroundSignInBroadcastReceiver
07-03 05:18:00.369   600   874 D CryptdConnector: SND -> {38 cryptfs getpwtype}
07-03 05:18:00.370   187   193 D VoldCryptCmdListener: cryptfs getpwtype
07-03 05:18:00.371   600   639 D CryptdConnector: RCV <- {213 38 default}
07-03 05:18:01.900   600   600 V NotificationService: pkg=com.android.providers.downloads canInterrupt=false intercept=true
07-03 05:18:02.730   600  2376 I ActivityManager: Start proc 7446:com.google.android.gms.ui/u0a9 for service com.google.android.gms/.chimera.UiIntentOperationService
07-03 05:18:03.304   600   600 V NotificationService: pkg=com.android.providers.downloads canInterrupt=false intercept=true
07-03 05:18:03.510   600   600 V NotificationService: pkg=com.android.providers.downloads canInterrupt=false intercept=true
07-03 05:18:05.641   600   600 V NotificationService: pkg=com.android.providers.downloads canInterrupt=false intercept=true
07-03 05:18:07.026   600   600 V NotificationService: pkg=com.android.providers.downloads canInterrupt=false intercept=true
07-03 05:18:12.041   600   600 V NotificationService: pkg=com.android.vending canInterrupt=false intercept=true
07-03 05:18:12.643   600   625 W PackageParser: Ignoring duplicate uses-permissions/uses-permissions-sdk-m: android.permission.ACCESS_NETWORK_STATE in package: org.mozilla.firefox at: Binary XML file line #43
07-03 05:18:12.643   600   625 W PackageParser: Ignoring duplicate uses-permissions/uses-permissions-sdk-m: android.permission.ACCESS_FINE_LOCATION in package: org.mozilla.firefox at: Binary XML file line #58
07-03 05:18:12.643   600   625 W PackageParser: Ignoring duplicate uses-permissions/uses-permissions-sdk-m: android.permission.ACCESS_NETWORK_STATE in package: org.mozilla.firefox at: Binary XML file line #59
07-03 05:18:12.643   600   625 W PackageParser: Ignoring duplicate uses-permissions/uses-permissions-sdk-m: android.permission.INTERNET in package: org.mozilla.firefox at: Binary XML file line #60
07-03 05:18:13.788   600   611 I ActivityManager: Killing 6805:com.google.android.GoogleCamera/u0a45 (adj 906): empty #17
07-03 05:18:13.812   600  1161 D ActivityManager: cleanUpApplicationRecord -- 6805
07-03 05:18:15.896   600   613 I ActivityManager: Force stopping org.mozilla.firefox appid=10771 user=-1: installPackageLI
07-03 05:18:15.896   600   613 I ActivityManager: Killing 4015:org.mozilla.firefox/u0a771 (adj 500): stop org.mozilla.firefox
07-03 05:18:15.896   600   613 D ActivityManager: cleanUpApplicationRecord -- 4015
07-03 05:18:15.896   600   613 W ActivityManager: Scheduling restart of crashed service org.mozilla.firefox/org.mozilla.mozstumbler.service.stumblerthread.StumblerService in 1004628ms
07-03 05:18:15.898   600   613 I ActivityManager:   Force stopping service ServiceRecord{9d88ebc u0 org.mozilla.firefox/org.mozilla.mozstumbler.service.stumblerthread.StumblerService}
07-03 05:18:16.011   600   625 I PackageManager: Package org.mozilla.firefox codePath changed from /data/app/org.mozilla.firefox-1 to /data/app/org.mozilla.firefox-2; Retaining data and using new
07-03 05:18:16.011   600   625 W PackageManager: Code path for org.mozilla.firefox changing from /data/app/org.mozilla.firefox-1 to /data/app/org.mozilla.firefox-2
07-03 05:18:16.011   600   625 W PackageManager: Resource path for org.mozilla.firefox changing from /data/app/org.mozilla.firefox-1 to /data/app/org.mozilla.firefox-2
07-03 05:18:16.012   600   625 W PackageManager: Non-privileged app; cap priority to 0; package: org.mozilla.firefox activity: org.mozilla.firefox.App origPrio: 999
07-03 05:18:16.307   600   625 I ActivityManager: Force stopping org.mozilla.firefox appid=10771 user=0: pkg removed
07-03 05:18:16.370   600  1310 W ActivityManager: Unable to start service Intent { act=service_action_LOOPER_VALUE pkg=com.qihoo.gameassist } U=0: not found
07-03 05:18:16.421   600  2378 W ActivityManager: Unable to start service Intent { act=service_action_LOOPER_VALUE pkg=com.qihoo.gameassist } U=0: not found
07-03 05:18:16.509  6157  6157 W ContextImpl: Calling a method in the system process without a qualified user: android.app.ContextImpl.startService:1357 android.content.ContextWrapper.startService:613 android.content.ContextWrapper.startService:613 com.android.keychain.KeyChainBroadcastReceiver.onReceive:12 android.app.ActivityThread.handleReceiver:3040 
07-03 05:18:16.576   600   600 V NotificationService: pkg=com.qihoo.appstore canInterrupt=false intercept=true
07-03 05:18:16.582   600   600 V NotificationService: pkg=com.qihoo.appstore canInterrupt=false intercept=true
07-03 05:18:16.586   600   600 V NotificationService: pkg=com.qihoo.appstore canInterrupt=false intercept=true
07-03 05:18:16.590   600   600 V NotificationService: pkg=com.qihoo.appstore canInterrupt=false intercept=true
07-03 05:18:16.712   600   600 V NotificationService: pkg=com.qihoo.appstore canInterrupt=false intercept=true
07-03 05:18:16.715   600   600 V NotificationService: pkg=com.android.vending canInterrupt=false intercept=true
07-03 05:18:16.726   600   600 V NotificationService: pkg=com.qihoo.appstore canInterrupt=false intercept=true
07-03 05:18:17.566   600  2376 I ActivityManager: Start proc 7525:org.mozilla.firefox/u0a771 for broadcast org.mozilla.firefox/org.mozilla.gecko.notifications.WhatsNewReceiver
07-03 05:18:18.488   600   600 V NotificationService: pkg=com.android.providers.downloads canInterrupt=false intercept=true
07-03 05:18:19.294   600   600 V NotificationService: pkg=com.android.providers.downloads canInterrupt=false intercept=true
07-03 05:18:19.520   600   600 V NotificationService: pkg=com.android.providers.downloads canInterrupt=false intercept=true
07-03 05:18:22.870   600   600 V NotificationService: pkg=com.android.providers.downloads canInterrupt=false intercept=true
07-03 05:18:23.704   600   600 V NotificationService: pkg=com.android.providers.downloads canInterrupt=false intercept=true
07-03 05:18:27.850   600  1160 I ActivityManager: Killing 6863:com.android.chrome/u0a35 (adj 906): empty #17
07-03 05:18:27.870   600  2379 D ConnectivityService: ConnectivityService NetworkRequestInfo binderDied(NetworkRequest [ LISTEN id=13, [ Capabilities: INTERNET&NOT_RESTRICTED&TRUSTED&FOREGROUND] ], android.os.BinderProxy@2abf536)
07-03 05:18:27.870   600   778 D ActivityManager: cleanUpApplicationRecord -- 6863
07-03 05:18:27.908   600   649 E ConnectivityService: RemoteException caught trying to send a callback msg for NetworkRequest [ LISTEN id=13, [ Capabilities: INTERNET&NOT_RESTRICTED&TRUSTED&FOREGROUND] ]
