07-03 07:36:17.285  1052  1052 E ActivityThread: Failed to find provider info for com.qihoo360.apm.apmdatamanager.ApmDataProvider
07-03 07:36:17.295  1052  1052 E ActivityThread: Failed to find provider info for com.qihoo360.apm.apmdatamanager.ApmDataProvider
07-03 07:36:17.308  1052  1052 E ActivityThread: Failed to find provider info for com.qihoo360.apm.apmdatamanager.ApmDataProvider
07-03 07:36:17.318  1052  1052 E ActivityThread: Failed to find provider info for com.qihoo360.apm.apmdatamanager.ApmDataProvider
07-03 07:36:17.381   600   649 D ConnectivityService: Setting DNS servers for network 103 to [/192.168.15.11, /182.92.170.82, /14.215.128.159, /202.106.0.20]
07-03 07:36:17.425  1052  1052 E ActivityThread: Failed to find provider info for com.qihoo360.apm.apmdatamanager.ApmDataProvider
07-03 07:36:17.429   600   649 D ConnectivityService: Switching to new default network: NetworkAgentInfo{ ni{[type: WIFI[], state: CONNECTED/CONNECTED, reason: (unspecified), extra: "Zenjoy", failover: false, available: true, roaming: false, metered: false]}  network{103}  nethandle{442398067422}  lp{{InterfaceName: wlan0 LinkAddresses: [fe80::b6ce:f6ff:fe9e:4157/64,192.168.10.178/23,]  Routes: [fe80::/64 -> :: wlan0,192.168.10.0/23 -> 0.0.0.0 wlan0,0.0.0.0/0 -> 192.168.11.254 wlan0,] DnsAddresses: [192.168.15.11,182.92.170.82,14.215.128.159,202.106.0.20,] Domains: zenjoy.net MTU: 0 TcpBufferSizes: 524288,1048576,2097152,262144,524288,1048576}}  nc{[ Transports: WIFI Capabilities: NOT_METERED&INTERNET&NOT_RESTRICTED&TRUSTED&NOT_VPN&FOREGROUND LinkUpBandwidth>=1048576Kbps LinkDnBandwidth>=1048576Kbps SignalStrength: -57]}  Score{20}  everValidated{false}  lastValidated{false}  created{true} lingering{false} explicitlySelected{false} acceptUnvalidated{false} everCaptivePortalDetected{false} lastCaptivePortalDetected{false} }
07-03 07:36:17.432  1052  1052 E ActivityThread: Failed to find provider info for com.qihoo360.apm.apmdatamanager.ApmDataProvider
07-03 07:36:17.637  1052  1052 E ActivityThread: Failed to find provider info for com.qihoo360.apm.apmdatamanager.ApmDataProvider
07-03 07:36:17.641  1052  1052 E ActivityThread: Failed to find provider info for com.qihoo360.apm.apmdatamanager.ApmDataProvider
07-03 07:36:17.649   600   649 D ConnectivityService: Sending CONNECTED broadcast for type 1 NetworkAgentInfo [WIFI () - 103] isDefaultNetwork=true
07-03 07:36:17.948  1052  1052 E ActivityThread: Failed to find provider info for com.qihoo360.apm.apmdatamanager.ApmDataProvider
07-03 07:36:17.955  1052  1052 E ActivityThread: Failed to find provider info for com.qihoo360.apm.apmdatamanager.ApmDataProvider
07-03 07:36:17.978  1052  2788 E ActivityThread: Failed to find provider info for com.qihoo360.apm.apmdatamanager.ApmDataProvider
07-03 07:36:19.305   600   610 D ConnectivityService: reportNetworkConnectivity(103, true) by 10009
07-03 07:36:19.315   600  5132 D ConnectivityService: reportNetworkConnectivity(103, true) by 10009
07-03 07:36:19.320   600  1310 D ConnectivityService: reportNetworkConnectivity(103, true) by 10009
07-03 07:36:21.889   600   649 D NetworkNotificationManager: clearNotification id=103
07-03 07:36:21.889   600   649 D ConnectivityService: NetworkAgentInfo [WIFI () - 103] validation passed
07-03 07:36:21.970   600   649 D NetworkNotificationManager: clearNotification id=103
07-03 07:36:21.971   600   649 D ConnectivityService: NetworkAgentInfo [WIFI () - 103] validation passed
07-03 07:36:24.949  1052  2788 E ActivityThread: Failed to find provider info for com.qihoo360.apm.apmdatamanager.ApmDataProvider
07-03 07:37:19.887   600  2380 I ActivityManager: START u0 {flg=0x10804000 cmp=com.android.systemui/.recents.RecentsActivity} from uid 10023 on display 0
07-03 07:37:20.889   600   611 I ActivityManager: START u0 {act=android.intent.action.MAIN cat=[android.intent.category.HOME] flg=0x10200000 cmp=com.google.android.googlequicksearchbox/com.google.android.launcher.GEL} from uid 10023 on display 0
07-03 07:37:20.944   600  1693 I ActivityManager: Killing 11111:com.newstart.dragonio/u0a996 (adj 1001): remove task
07-03 07:37:21.227   600   661 D ConnectivityService: ConnectivityService NetworkRequestInfo binderDied(NetworkRequest [ LISTEN id=18, [ Capabilities: INTERNET&NOT_RESTRICTED&TRUSTED&FOREGROUND] ], android.os.BinderProxy@b70d95c)
07-03 07:37:21.227   600   610 D ConnectivityService: ConnectivityService NetworkRequestInfo binderDied(NetworkRequest [ LISTEN id=19, [ Capabilities: INTERNET&NOT_RESTRICTED&TRUSTED&FOREGROUND] ], android.os.BinderProxy@a6ec465)
07-03 07:37:21.227   600   661 I WindowManager: WIN DEATH: Window{c1e953a u0 SurfaceView - com.newstart.dragonio/com.zentertain.newstart.Main}
07-03 07:37:21.231   600  1161 D ActivityManager: cleanUpApplicationRecord -- 11111
07-03 07:37:21.240   600  2379 I WindowManager: WIN DEATH: Window{4895631 u0 com.newstart.dragonio/com.zentertain.newstart.Main}
07-03 07:37:21.241   600   649 E ConnectivityService: RemoteException caught trying to send a callback msg for NetworkRequest [ LISTEN id=18, [ Capabilities: INTERNET&NOT_RESTRICTED&TRUSTED&FOREGROUND] ]
07-03 07:37:21.243   600   649 E ConnectivityService: RemoteException caught trying to send a callback msg for NetworkRequest [ LISTEN id=19, [ Capabilities: INTERNET&NOT_RESTRICTED&TRUSTED&FOREGROUND] ]
07-03 07:37:21.263   600  1161 W ActivityManager: Scheduling restart of crashed service com.newstart.dragonio/net.zenjoy.lockscreen.LockService in 1000ms
07-03 07:37:22.279   600   613 I ActivityManager: Start proc 12596:com.newstart.dragonio/u0a996 for service com.newstart.dragonio/net.zenjoy.lockscreen.LockService
07-03 07:37:22.330   600   600 V NotificationService: pkg=com.newstart.dragonio canInterrupt=false intercept=true
07-03 07:37:22.790   600   600 V NotificationService: pkg=com.newstart.dragonio canInterrupt=false intercept=true
07-03 07:37:22.809   600   600 V NotificationService: pkg=com.newstart.dragonio canInterrupt=false intercept=true
07-03 07:37:24.811   600  1693 I ActivityManager: START u0 {flg=0x10000000 cmp=com.newstart.dragonio/com.zentertain.newstart.Main} from uid 2000 on display 0
07-03 07:37:25.353   600  1316 W ActivityManager: Unable to start service Intent { act=com.enhance.gameservice.IGameTuningService pkg=com.enhance.gameservice } U=0: not found
07-03 07:37:34.008   600   610 W InputManager: Input event injection from pid 8450 failed.
07-03 07:37:37.430   600   616 E BatteryStatsService: modem info is invalid: ModemActivityInfo{ mTimestamp=0 mSleepTimeMs=0 mIdleTimeMs=0 mTxTimeMs[]=[0, 0, 0, 0, 0] mRxTimeMs=0 mEnergyUsed=0}
07-03 07:37:41.287   600  2379 W InputManager: Input event injection from pid 8450 failed.
07-03 07:37:45.740   600   616 E BatteryStatsService: modem info is invalid: ModemActivityInfo{ mTimestamp=0 mSleepTimeMs=0 mIdleTimeMs=0 mTxTimeMs[]=[0, 0, 0, 0, 0] mRxTimeMs=0 mEnergyUsed=0}
07-03 07:37:48.210   600  1160 W InputManager: Input event injection from pid 8450 failed.
07-03 07:37:48.383  1052  1052 E ActivityThread: Failed to find provider info for com.qihoo360.apm.apmdatamanager.ApmDataProvider
07-03 07:37:48.400  1052  1052 E ActivityThread: Failed to find provider info for com.qihoo360.apm.apmdatamanager.ApmDataProvider
07-03 07:37:48.412  1052  2788 E ActivityThread: Failed to find provider info for com.qihoo360.apm.apmdatamanager.ApmDataProvider
07-03 07:37:48.412  1052  1052 E ActivityThread: Failed to find provider info for com.qihoo360.apm.apmdatamanager.ApmDataProvider
07-03 07:37:48.416  1052  1052 E ActivityThread: Failed to find provider info for com.qihoo360.apm.apmdatamanager.ApmDataProvider
07-03 07:37:48.883  1052  2788 E ActivityThread: Failed to find provider info for com.qihoo360.apm.apmdatamanager.ApmDataProvider
07-03 07:38:54.107   600   613 I ProcessStatsService: Prepared write state in 6ms
07-03 07:39:05.301   600   778 W ActivityManager: Unable to start service Intent { act=service_action_LOOPER_VALUE pkg=com.qihoo.gameassist } U=0: not found
07-03 07:39:21.206   600   600 V NotificationService: pkg=com.qihoo.appstore canInterrupt=false intercept=true
07-03 07:39:21.218   600   600 V NotificationService: pkg=com.qihoo.appstore canInterrupt=false intercept=true
07-03 07:40:10.382   600   610 I ActivityManager: START u0 {flg=0x10804000 cmp=com.android.systemui/.recents.RecentsActivity} from uid 10023 on display 0
07-03 07:40:11.728   600  1160 I ActivityManager: Process com.google.android.talk (pid 11829) has died
07-03 07:40:11.729   600  1160 D ActivityManager: cleanUpApplicationRecord -- 11829
07-03 07:40:12.508   600   778 I ActivityManager: START u0 {act=android.intent.action.MAIN cat=[android.intent.category.HOME] flg=0x10200000 cmp=com.google.android.googlequicksearchbox/com.google.android.launcher.GEL} from uid 10023 on display 0
07-03 07:40:12.749   600   610 I WindowManager: WIN DEATH: Window{fe9dda9 u0 com.newstart.dragonio/com.zentertain.newstart.Main}
07-03 07:40:12.751   600  1316 D ConnectivityService: ConnectivityService NetworkRequestInfo binderDied(NetworkRequest [ LISTEN id=21, [ Capabilities: INTERNET&NOT_RESTRICTED&TRUSTED&FOREGROUND] ], android.os.BinderProxy@9ed974a)
07-03 07:40:12.757   600   649 E ConnectivityService: RemoteException caught trying to send a callback msg for NetworkRequest [ LISTEN id=21, [ Capabilities: INTERNET&NOT_RESTRICTED&TRUSTED&FOREGROUND] ]
07-03 07:40:12.783   600 13072 I ActivityManager: Process com.newstart.dragonio (pid 12596) has died
07-03 07:40:12.784   600 13072 D ActivityManager: cleanUpApplicationRecord -- 12596
07-03 07:40:12.791   600 13072 W ActivityManager: Scheduling restart of crashed service com.newstart.dragonio/net.zenjoy.lockscreen.LockService in 1000ms
07-03 07:40:12.806   600   661 I WindowManager: WIN DEATH: Window{d524663 u0 com.newstart.dragonio/com.zentertain.newstart.Main}
07-03 07:40:12.813   600   874 I WindowManager: WIN DEATH: Window{6e197d7 u0 com.newstart.dragonio/com.zentertain.newstart.Main}
07-03 07:40:12.817   600  1693 I WindowManager: WIN DEATH: Window{111aacf u0 com.newstart.dragonio/com.zentertain.newstart.Main}
07-03 07:40:12.830   600  2378 I WindowManager: WIN DEATH: Window{f2824eb u0 com.newstart.dragonio/com.zentertain.newstart.Main}
07-03 07:40:12.834   600  1160 I WindowManager: WIN DEATH: Window{9d9ab65 u0 com.newstart.dragonio/com.zentertain.newstart.Main}
07-03 07:40:12.837   600   611 I WindowManager: WIN DEATH: Window{eeab243 u0 com.newstart.dragonio/com.zentertain.newstart.Main}
07-03 07:40:12.840   600  1161 I WindowManager: WIN DEATH: Window{faae21d u0 com.newstart.dragonio/com.zentertain.newstart.Main}
07-03 07:40:12.846   600   778 I WindowManager: WIN DEATH: Window{43e98e1 u0 com.newstart.dragonio/com.zentertain.newstart.Main}
07-03 07:40:12.849   600  5132 I WindowManager: WIN DEATH: Window{9e224c7 u0 com.newstart.dragonio/com.zentertain.newstart.Main}
07-03 07:40:12.853   600  1316 I WindowManager: WIN DEATH: Window{9988319 u0 com.newstart.dragonio/com.zentertain.newstart.Main}
07-03 07:40:12.856   600  1694 I WindowManager: WIN DEATH: Window{a18e5bf u0 com.newstart.dragonio/com.zentertain.newstart.Main}
07-03 07:40:12.858   600  2379 I WindowManager: WIN DEATH: Window{32537d5 u0 com.newstart.dragonio/com.zentertain.newstart.Main}
07-03 07:40:12.862   600  2380 I WindowManager: WIN DEATH: Window{f161bc1 u0 com.newstart.dragonio/com.zentertain.newstart.Main}
07-03 07:40:12.867   600  1310 I WindowManager: WIN DEATH: Window{801edb u0 com.newstart.dragonio/com.zentertain.newstart.Main}
07-03 07:40:12.870   600  2376 I WindowManager: WIN DEATH: Window{2c192a7 u0 com.newstart.dragonio/com.zentertain.newstart.Main}
07-03 07:40:12.885   600 13074 I WindowManager: WIN DEATH: Window{17445d6 u0 com.newstart.dragonio/com.zentertain.newstart.Main}
07-03 07:40:12.885   600 13074 W WindowManager: Force-removing child win Window{b7e26bb u0 SurfaceView - com.newstart.dragonio/com.zentertain.newstart.Main} from container Window{17445d6 u0 com.newstart.dragonio/com.zentertain.newstart.Main}
07-03 07:40:12.916   600 13071 W WindowManager: Failed looking up window
07-03 07:40:12.916   600 13071 W WindowManager: java.lang.IllegalArgumentException: Requested window android.os.BinderProxy@b00b02d does not exist
07-03 07:40:12.916   600 13071 W WindowManager: 	at com.android.server.wm.WindowManagerService.windowForClientLocked(WindowManagerService.java:9415)
07-03 07:40:12.916   600 13071 W WindowManager: 	at com.android.server.wm.WindowManagerService.windowForClientLocked(WindowManagerService.java:9406)
07-03 07:40:12.916   600 13071 W WindowManager: 	at com.android.server.wm.WindowState$DeathRecipient.binderDied(WindowState.java:1800)
07-03 07:40:12.916   600 13071 W WindowManager: 	at android.os.BinderProxy.sendDeathNotice(Binder.java:688)
07-03 07:40:12.916   600 13071 I WindowManager: WIN DEATH: null
07-03 07:40:12.935   600 13075 I WindowManager: WIN DEATH: Window{327b2fd u0 com.newstart.dragonio/com.zentertain.newstart.Main}
07-03 07:40:13.806   600   613 I ActivityManager: Start proc 13088:com.newstart.dragonio/u0a996 for service com.newstart.dragonio/net.zenjoy.lockscreen.LockService
07-03 07:40:13.869   600   600 V NotificationService: pkg=com.newstart.dragonio canInterrupt=false intercept=true
07-03 07:40:16.357   600  2378 I ActivityManager: START u0 {flg=0x10000000 cmp=com.newstart.dragonio/com.zentertain.newstart.Main} from uid 2000 on display 0
07-03 07:40:16.582   600  1316 W ActivityManager: Unable to start service Intent { act=com.enhance.gameservice.IGameTuningService pkg=com.enhance.gameservice } U=0: not found
07-03 07:40:24.485   600 13078 W InputManager: Input event injection from pid 8450 failed.
07-03 07:40:31.558   600  2378 W InputManager: Input event injection from pid 8450 failed.
07-03 07:40:38.474   600  1693 W InputManager: Input event injection from pid 8450 failed.
07-03 07:41:37.380   600   616 E BatteryStatsService: modem info is invalid: ModemActivityInfo{ mTimestamp=0 mSleepTimeMs=0 mIdleTimeMs=0 mTxTimeMs[]=[0, 0, 0, 0, 0] mRxTimeMs=0 mEnergyUsed=0}
07-03 07:44:21.487   600   600 V NotificationService: pkg=com.qihoo.appstore canInterrupt=false intercept=true
07-03 07:44:21.502   600   600 V NotificationService: pkg=com.qihoo.appstore canInterrupt=false intercept=true
07-03 07:44:37.385   600   616 E BatteryStatsService: modem info is invalid: ModemActivityInfo{ mTimestamp=0 mSleepTimeMs=0 mIdleTimeMs=0 mTxTimeMs[]=[0, 0, 0, 0, 0] mRxTimeMs=0 mEnergyUsed=0}
07-03 07:44:37.752   600 13078 I ActivityManager: START u0 {flg=0x10804000 cmp=com.android.systemui/.recents.RecentsActivity} from uid 10023 on display 0
07-03 07:44:38.509   600   661 I ActivityManager: START u0 {act=android.intent.action.MAIN cat=[android.intent.category.HOME] flg=0x10200000 cmp=com.google.android.googlequicksearchbox/com.google.android.launcher.GEL} from uid 10023 on display 0
07-03 07:44:39.190   600  1310 D ConnectivityService: ConnectivityService NetworkRequestInfo binderDied(NetworkRequest [ LISTEN id=22, [ Capabilities: INTERNET&NOT_RESTRICTED&TRUSTED&FOREGROUND] ], android.os.BinderProxy@81cdbd6)
07-03 07:44:39.190   600  1310 I WindowManager: WIN DEATH: Window{16baa27 u0 com.newstart.dragonio/com.zentertain.newstart.Main}
07-03 07:44:39.190   600  1310 W WindowManager: Force-removing child win Window{cc8fe57 u0 SurfaceView - com.newstart.dragonio/com.zentertain.newstart.Main} from container Window{16baa27 u0 com.newstart.dragonio/com.zentertain.newstart.Main}
07-03 07:44:39.192   600   649 E ConnectivityService: RemoteException caught trying to send a callback msg for NetworkRequest [ LISTEN id=22, [ Capabilities: INTERNET&NOT_RESTRICTED&TRUSTED&FOREGROUND] ]
07-03 07:44:39.194   600  1161 I ActivityManager: Process com.newstart.dragonio (pid 13088) has died
07-03 07:44:39.194   600  1161 D ActivityManager: cleanUpApplicationRecord -- 13088
07-03 07:44:39.197   600  1161 W ActivityManager: Scheduling restart of crashed service com.newstart.dragonio/net.zenjoy.lockscreen.LockService in 1402ms
07-03 07:44:39.201   600 13073 W WindowManager: Failed looking up window
07-03 07:44:39.201   600 13073 W WindowManager: java.lang.IllegalArgumentException: Requested window android.os.BinderProxy@e231972 does not exist
07-03 07:44:39.201   600 13073 W WindowManager: 	at com.android.server.wm.WindowManagerService.windowForClientLocked(WindowManagerService.java:9415)
07-03 07:44:39.201   600 13073 W WindowManager: 	at com.android.server.wm.WindowManagerService.windowForClientLocked(WindowManagerService.java:9406)
07-03 07:44:39.201   600 13073 W WindowManager: 	at com.android.server.wm.WindowState$DeathRecipient.binderDied(WindowState.java:1800)
07-03 07:44:39.201   600 13073 W WindowManager: 	at android.os.BinderProxy.sendDeathNotice(Binder.java:688)
07-03 07:44:39.201   600 13073 I WindowManager: WIN DEATH: null
07-03 07:44:40.635   600   613 I ActivityManager: Start proc 13598:com.newstart.dragonio/u0a996 for service com.newstart.dragonio/net.zenjoy.lockscreen.LockService
07-03 07:44:40.689   600   600 V NotificationService: pkg=com.newstart.dragonio canInterrupt=false intercept=true
07-03 07:44:43.363   600   611 I ActivityManager: START u0 {flg=0x10000000 cmp=com.newstart.dragonio/com.zentertain.newstart.Main} from uid 2000 on display 0
07-03 07:44:43.522   600   778 W ActivityManager: Unable to start service Intent { act=com.enhance.gameservice.IGameTuningService pkg=com.enhance.gameservice } U=0: not found
07-03 07:44:52.570   600 13071 W InputManager: Input event injection from pid 8450 failed.
07-03 07:45:00.699   600   874 W InputManager: Input event injection from pid 8450 failed.
07-03 07:47:36.708  1052  1052 E ActivityThread: Failed to find provider info for com.qihoo360.apm.apmdatamanager.ApmDataProvider
07-03 07:47:36.717  1052  1052 E ActivityThread: Failed to find provider info for com.qihoo360.apm.apmdatamanager.ApmDataProvider
07-03 07:47:36.725  1052  2788 E ActivityThread: Failed to find provider info for com.qihoo360.apm.apmdatamanager.ApmDataProvider
07-03 07:47:36.731  1052  1052 E ActivityThread: Failed to find provider info for com.qihoo360.apm.apmdatamanager.ApmDataProvider
07-03 07:47:37.359  1052  1052 E ActivityThread: Failed to find provider info for com.qihoo360.apm.apmdatamanager.ApmDataProvider
07-03 07:47:37.372   600   616 E BatteryStatsService: modem info is invalid: ModemActivityInfo{ mTimestamp=0 mSleepTimeMs=0 mIdleTimeMs=0 mTxTimeMs[]=[0, 0, 0, 0, 0] mRxTimeMs=0 mEnergyUsed=0}
07-03 07:47:37.373  1052  1052 E ActivityThread: Failed to find provider info for com.qihoo360.apm.apmdatamanager.ApmDataProvider
07-03 07:47:37.379  1052  1052 E ActivityThread: Failed to find provider info for com.qihoo360.apm.apmdatamanager.ApmDataProvider
07-03 07:47:37.559  1052  2788 E ActivityThread: Failed to find provider info for com.qihoo360.apm.apmdatamanager.ApmDataProvider
07-03 07:48:13.107   600   649 D ConnectivityService: NetworkAgentInfo [WIFI () - 103] EVENT_NETWORK_INFO_CHANGED, going from CONNECTED to DISCONNECTED
07-03 07:48:13.107   600   649 D ConnectivityService: NetworkAgentInfo [WIFI () - 103] got DISCONNECTED, was satisfying 7
07-03 07:48:13.138  1052  1052 E ActivityThread: Failed to find provider info for com.qihoo360.apm.apmdatamanager.ApmDataProvider
07-03 07:48:13.170  1052  1052 E ActivityThread: Failed to find provider info for com.qihoo360.apm.apmdatamanager.ApmDataProvider
07-03 07:48:13.177  1052  2788 E ActivityThread: Failed to find provider info for com.qihoo360.apm.apmdatamanager.ApmDataProvider
07-03 07:48:13.201  1052  1052 E ActivityThread: Failed to find provider info for com.qihoo360.apm.apmdatamanager.ApmDataProvider
07-03 07:48:13.207  1052  1052 E ActivityThread: Failed to find provider info for com.qihoo360.apm.apmdatamanager.ApmDataProvider
07-03 07:48:13.222  1052  1052 E ActivityThread: Failed to find provider info for com.qihoo360.apm.apmdatamanager.ApmDataProvider
07-03 07:48:13.235  1052  1052 E ActivityThread: Failed to find provider info for com.qihoo360.apm.apmdatamanager.ApmDataProvider
07-03 07:48:13.366   600   649 D ConnectivityService: Sending DISCONNECTED broadcast for type 1 NetworkAgentInfo [WIFI () - 103] isDefaultNetwork=true
07-03 07:48:15.830  1052  1052 E ActivityThread: Failed to find provider info for com.qihoo360.apm.apmdatamanager.ApmDataProvider
07-03 07:48:15.840  1052  1052 E ActivityThread: Failed to find provider info for com.qihoo360.apm.apmdatamanager.ApmDataProvider
07-03 07:48:15.980  1052  1052 E ActivityThread: Failed to find provider info for com.qihoo360.apm.apmdatamanager.ApmDataProvider
07-03 07:48:15.999  1052  1052 E ActivityThread: Failed to find provider info for com.qihoo360.apm.apmdatamanager.ApmDataProvider
07-03 07:48:16.061  1052  1052 E ActivityThread: Failed to find provider info for com.qihoo360.apm.apmdatamanager.ApmDataProvider
07-03 07:48:16.071  1052  1052 E ActivityThread: Failed to find provider info for com.qihoo360.apm.apmdatamanager.ApmDataProvider
07-03 07:48:16.080  1052  1052 E ActivityThread: Failed to find provider info for com.qihoo360.apm.apmdatamanager.ApmDataProvider
07-03 07:48:16.100   600   645 D ConnectivityService: registerNetworkAgent NetworkAgentInfo{ ni{[type: WIFI[], state: CONNECTING/CONNECTING, reason: (unspecified), extra: "Zenjoy", failover: false, available: true, roaming: false, metered: false]}  network{104}  nethandle{446693034718}  lp{{LinkAddresses: []  Routes: [] DnsAddresses: [] Domains: null MTU: 0}}  nc{[ Transports: WIFI Capabilities: NOT_METERED&INTERNET&NOT_RESTRICTED&TRUSTED&NOT_VPN LinkUpBandwidth>=1048576Kbps LinkDnBandwidth>=1048576Kbps]}  Score{20}  everValidated{false}  lastValidated{false}  created{false} lingering{false} explicitlySelected{false} acceptUnvalidated{false} everCaptivePortalDetected{false} lastCaptivePortalDetected{false} }
07-03 07:48:16.100   600   649 D ConnectivityService: NetworkAgentInfo [WIFI () - 104] EVENT_NETWORK_INFO_CHANGED, going from null to CONNECTING
07-03 07:48:16.123  1052  1052 E ActivityThread: Failed to find provider info for com.qihoo360.apm.apmdatamanager.ApmDataProvider
07-03 07:48:16.142  1052  1052 E ActivityThread: Failed to find provider info for com.qihoo360.apm.apmdatamanager.ApmDataProvider
07-03 07:48:16.162  1052  1052 E ActivityThread: Failed to find provider info for com.qihoo360.apm.apmdatamanager.ApmDataProvider
07-03 07:48:16.182  1052  2788 E ActivityThread: Failed to find provider info for com.qihoo360.apm.apmdatamanager.ApmDataProvider
07-03 07:48:16.187  1052  1052 E ActivityThread: Failed to find provider info for com.qihoo360.apm.apmdatamanager.ApmDataProvider
07-03 07:48:16.197  1052  1052 E ActivityThread: Failed to find provider info for com.qihoo360.apm.apmdatamanager.ApmDataProvider
07-03 07:48:16.202  1052  1052 E ActivityThread: Failed to find provider info for com.qihoo360.apm.apmdatamanager.ApmDataProvider
07-03 07:48:16.203  1052  2788 E ActivityThread: Failed to find provider info for com.qihoo360.apm.apmdatamanager.ApmDataProvider
07-03 07:48:16.210  1052  1052 E ActivityThread: Failed to find provider info for com.qihoo360.apm.apmdatamanager.ApmDataProvider
07-03 07:48:16.221  1052  1052 E ActivityThread: Failed to find provider info for com.qihoo360.apm.apmdatamanager.ApmDataProvider
07-03 07:48:16.228  1052  1052 E ActivityThread: Failed to find provider info for com.qihoo360.apm.apmdatamanager.ApmDataProvider
07-03 07:48:16.319   600   649 D ConnectivityService: NetworkAgentInfo [WIFI () - 104] EVENT_NETWORK_INFO_CHANGED, going from CONNECTING to CONNECTED
07-03 07:48:16.321   600   649 D ConnectivityService: Adding iface wlan0 to network 104
07-03 07:48:16.348  1052  1052 E ActivityThread: Failed to find provider info for com.qihoo360.apm.apmdatamanager.ApmDataProvider
07-03 07:48:16.367  1052  1052 E ActivityThread: Failed to find provider info for com.qihoo360.apm.apmdatamanager.ApmDataProvider
07-03 07:48:16.377  1052  1052 E ActivityThread: Failed to find provider info for com.qihoo360.apm.apmdatamanager.ApmDataProvider
07-03 07:48:16.401  1052  1052 E ActivityThread: Failed to find provider info for com.qihoo360.apm.apmdatamanager.ApmDataProvider
07-03 07:48:16.487   600   649 D ConnectivityService: Setting DNS servers for network 104 to [/192.168.15.11, /182.92.170.82, /14.215.128.159, /202.106.0.20]
07-03 07:48:16.509  1052  1052 E ActivityThread: Failed to find provider info for com.qihoo360.apm.apmdatamanager.ApmDataProvider
07-03 07:48:16.520  1052  1052 E ActivityThread: Failed to find provider info for com.qihoo360.apm.apmdatamanager.ApmDataProvider
07-03 07:48:16.547   600   649 D ConnectivityService: Switching to new default network: NetworkAgentInfo{ ni{[type: WIFI[], state: CONNECTED/CONNECTED, reason: (unspecified), extra: "Zenjoy", failover: false, available: true, roaming: false, metered: false]}  network{104}  nethandle{446693034718}  lp{{InterfaceName: wlan0 LinkAddresses: [fe80::b6ce:f6ff:fe9e:4157/64,192.168.10.178/23,]  Routes: [fe80::/64 -> :: wlan0,192.168.10.0/23 -> 0.0.0.0 wlan0,0.0.0.0/0 -> 192.168.11.254 wlan0,] DnsAddresses: [192.168.15.11,182.92.170.82,14.215.128.159,202.106.0.20,] Domains: zenjoy.net MTU: 0 TcpBufferSizes: 524288,1048576,2097152,262144,524288,1048576}}  nc{[ Transports: WIFI Capabilities: NOT_METERED&INTERNET&NOT_RESTRICTED&TRUSTED&NOT_VPN&FOREGROUND LinkUpBandwidth>=1048576Kbps LinkDnBandwidth>=1048576Kbps SignalStrength: -64]}  Score{20}  everValidated{false}  lastValidated{false}  created{true} lingering{false} explicitlySelected{false} acceptUnvalidated{false} everCaptivePortalDetected{false} lastCaptivePortalDetected{false} }
07-03 07:48:16.726  1052  1052 E ActivityThread: Failed to find provider info for com.qihoo360.apm.apmdatamanager.ApmDataProvider
07-03 07:48:16.728   600   649 D ConnectivityService: Sending CONNECTED broadcast for type 1 NetworkAgentInfo [WIFI () - 104] isDefaultNetwork=true
07-03 07:48:16.789  1052  1052 E ActivityThread: Failed to find provider info for com.qihoo360.apm.apmdatamanager.ApmDataProvider
07-03 07:48:16.807  1052  2788 E ActivityThread: Failed to find provider info for com.qihoo360.apm.apmdatamanager.ApmDataProvider
07-03 07:48:17.023   600   649 D NetworkNotificationManager: clearNotification id=104
07-03 07:48:17.023   600   649 D ConnectivityService: NetworkAgentInfo [WIFI () - 104] validation passed
07-03 07:48:20.023  1052  2788 E ActivityThread: Failed to find provider info for com.qihoo360.apm.apmdatamanager.ApmDataProvider
07-03 07:49:00.903  1052  1052 E ActivityThread: Failed to find provider info for com.qihoo360.apm.apmdatamanager.ApmDataProvider
07-03 07:49:21.599   600   600 V NotificationService: pkg=com.qihoo.appstore canInterrupt=false intercept=true
07-03 07:49:21.619   600   600 V NotificationService: pkg=com.qihoo.appstore canInterrupt=false intercept=true
07-03 07:51:12.858   600   649 D ConnectivityService: NetworkAgentInfo [WIFI () - 104] EVENT_NETWORK_INFO_CHANGED, going from CONNECTED to DISCONNECTED
07-03 07:51:12.858   600   649 D ConnectivityService: NetworkAgentInfo [WIFI () - 104] got DISCONNECTED, was satisfying 7
07-03 07:51:12.876  1052  1052 E ActivityThread: Failed to find provider info for com.qihoo360.apm.apmdatamanager.ApmDataProvider
07-03 07:51:12.903  1052  1052 E ActivityThread: Failed to find provider info for com.qihoo360.apm.apmdatamanager.ApmDataProvider
07-03 07:51:12.920  1052  2788 E ActivityThread: Failed to find provider info for com.qihoo360.apm.apmdatamanager.ApmDataProvider
07-03 07:51:12.942  1052  1052 E ActivityThread: Failed to find provider info for com.qihoo360.apm.apmdatamanager.ApmDataProvider
07-03 07:51:12.950  1052  1052 E ActivityThread: Failed to find provider info for com.qihoo360.apm.apmdatamanager.ApmDataProvider
07-03 07:51:12.956  1052  1052 E ActivityThread: Failed to find provider info for com.qihoo360.apm.apmdatamanager.ApmDataProvider
07-03 07:51:12.963  1052  1052 E ActivityThread: Failed to find provider info for com.qihoo360.apm.apmdatamanager.ApmDataProvider
07-03 07:51:13.229   600   649 D ConnectivityService: Sending DISCONNECTED broadcast for type 1 NetworkAgentInfo [WIFI () - 104] isDefaultNetwork=true
07-03 07:51:15.603  1052  1052 E ActivityThread: Failed to find provider info for com.qihoo360.apm.apmdatamanager.ApmDataProvider
07-03 07:51:15.615  1052  1052 E ActivityThread: Failed to find provider info for com.qihoo360.apm.apmdatamanager.ApmDataProvider
07-03 07:51:15.751  1052  1052 E ActivityThread: Failed to find provider info for com.qihoo360.apm.apmdatamanager.ApmDataProvider
07-03 07:51:15.762  1052  1052 E ActivityThread: Failed to find provider info for com.qihoo360.apm.apmdatamanager.ApmDataProvider
07-03 07:51:15.844  1052  1052 E ActivityThread: Failed to find provider info for com.qihoo360.apm.apmdatamanager.ApmDataProvider
07-03 07:51:15.859  1052  1052 E ActivityThread: Failed to find provider info for com.qihoo360.apm.apmdatamanager.ApmDataProvider
07-03 07:51:15.869   600   645 D ConnectivityService: registerNetworkAgent NetworkAgentInfo{ ni{[type: WIFI[], state: CONNECTING/CONNECTING, reason: (unspecified), extra: "Zenjoy", failover: false, available: true, roaming: false, metered: false]}  network{105}  nethandle{450988002014}  lp{{LinkAddresses: []  Routes: [] DnsAddresses: [] Domains: null MTU: 0}}  nc{[ Transports: WIFI Capabilities: NOT_METERED&INTERNET&NOT_RESTRICTED&TRUSTED&NOT_VPN LinkUpBandwidth>=1048576Kbps LinkDnBandwidth>=1048576Kbps]}  Score{20}  everValidated{false}  lastValidated{false}  created{false} lingering{false} explicitlySelected{false} acceptUnvalidated{false} everCaptivePortalDetected{false} lastCaptivePortalDetected{false} }
07-03 07:51:15.870   600   649 D ConnectivityService: NetworkAgentInfo [WIFI () - 105] EVENT_NETWORK_INFO_CHANGED, going from null to CONNECTING
07-03 07:51:15.875  1052  1052 E ActivityThread: Failed to find provider info for com.qihoo360.apm.apmdatamanager.ApmDataProvider
07-03 07:51:15.891  1052  1052 E ActivityThread: Failed to find provider info for com.qihoo360.apm.apmdatamanager.ApmDataProvider
07-03 07:51:15.899  1052  1052 E ActivityThread: Failed to find provider info for com.qihoo360.apm.apmdatamanager.ApmDataProvider
07-03 07:51:15.911  1052  1052 E ActivityThread: Failed to find provider info for com.qihoo360.apm.apmdatamanager.ApmDataProvider
07-03 07:51:15.945  1052  2788 E ActivityThread: Failed to find provider info for com.qihoo360.apm.apmdatamanager.ApmDataProvider
07-03 07:51:15.949  1052  1052 E ActivityThread: Failed to find provider info for com.qihoo360.apm.apmdatamanager.ApmDataProvider
07-03 07:51:15.953  1052  1052 E ActivityThread: Failed to find provider info for com.qihoo360.apm.apmdatamanager.ApmDataProvider
07-03 07:51:15.962  1052  2788 E ActivityThread: Failed to find provider info for com.qihoo360.apm.apmdatamanager.ApmDataProvider
07-03 07:51:15.967  1052  1052 E ActivityThread: Failed to find provider info for com.qihoo360.apm.apmdatamanager.ApmDataProvider
07-03 07:51:15.972  1052  1052 E ActivityThread: Failed to find provider info for com.qihoo360.apm.apmdatamanager.ApmDataProvider
07-03 07:51:15.977  1052  1052 E ActivityThread: Failed to find provider info for com.qihoo360.apm.apmdatamanager.ApmDataProvider
07-03 07:51:15.982  1052  1052 E ActivityThread: Failed to find provider info for com.qihoo360.apm.apmdatamanager.ApmDataProvider
07-03 07:51:16.106   600   649 D ConnectivityService: NetworkAgentInfo [WIFI () - 105] EVENT_NETWORK_INFO_CHANGED, going from CONNECTING to CONNECTED
07-03 07:51:16.110   600   649 D ConnectivityService: Adding iface wlan0 to network 105
07-03 07:51:16.128  1052  1052 E ActivityThread: Failed to find provider info for com.qihoo360.apm.apmdatamanager.ApmDataProvider
07-03 07:51:16.148  1052  1052 E ActivityThread: Failed to find provider info for com.qihoo360.apm.apmdatamanager.ApmDataProvider
07-03 07:51:16.158  1052  1052 E ActivityThread: Failed to find provider info for com.qihoo360.apm.apmdatamanager.ApmDataProvider
07-03 07:51:16.169  1052  1052 E ActivityThread: Failed to find provider info for com.qihoo360.apm.apmdatamanager.ApmDataProvider
07-03 07:51:16.270   600   649 D ConnectivityService: Setting DNS servers for network 105 to [/192.168.15.11, /182.92.170.82, /14.215.128.159, /202.106.0.20]
07-03 07:51:16.285  1052  1052 E ActivityThread: Failed to find provider info for com.qihoo360.apm.apmdatamanager.ApmDataProvider
07-03 07:51:16.294  1052  1052 E ActivityThread: Failed to find provider info for com.qihoo360.apm.apmdatamanager.ApmDataProvider
07-03 07:51:16.320   600   649 D ConnectivityService: Switching to new default network: NetworkAgentInfo{ ni{[type: WIFI[], state: CONNECTED/CONNECTED, reason: (unspecified), extra: "Zenjoy", failover: false, available: true, roaming: false, metered: false]}  network{105}  nethandle{450988002014}  lp{{InterfaceName: wlan0 LinkAddresses: [fe80::b6ce:f6ff:fe9e:4157/64,192.168.10.178/23,]  Routes: [fe80::/64 -> :: wlan0,192.168.10.0/23 -> 0.0.0.0 wlan0,0.0.0.0/0 -> 192.168.11.254 wlan0,] DnsAddresses: [192.168.15.11,182.92.170.82,14.215.128.159,202.106.0.20,] Domains: zenjoy.net MTU: 0 TcpBufferSizes: 524288,1048576,2097152,262144,524288,1048576}}  nc{[ Transports: WIFI Capabilities: NOT_METERED&INTERNET&NOT_RESTRICTED&TRUSTED&NOT_VPN&FOREGROUND LinkUpBandwidth>=1048576Kbps LinkDnBandwidth>=1048576Kbps SignalStrength: -64]}  Score{20}  everValidated{false}  lastValidated{false}  created{true} lingering{false} explicitlySelected{false} acceptUnvalidated{false} everCaptivePortalDetected{false} lastCaptivePortalDetected{false} }
07-03 07:51:16.500  1052  1052 E ActivityThread: Failed to find provider info for com.qihoo360.apm.apmdatamanager.ApmDataProvider
07-03 07:51:16.507  1052  1052 E ActivityThread: Failed to find provider info for com.qihoo360.apm.apmdatamanager.ApmDataProvider
07-03 07:51:16.600   600   649 D ConnectivityService: Sending CONNECTED broadcast for type 1 NetworkAgentInfo [WIFI () - 105] isDefaultNetwork=true
07-03 07:51:16.819  1052  1052 E ActivityThread: Failed to find provider info for com.qihoo360.apm.apmdatamanager.ApmDataProvider
07-03 07:51:16.825  1052  1052 E ActivityThread: Failed to find provider info for com.qihoo360.apm.apmdatamanager.ApmDataProvider
07-03 07:51:16.836  1052  2788 E ActivityThread: Failed to find provider info for com.qihoo360.apm.apmdatamanager.ApmDataProvider
07-03 07:51:17.112   600   649 D NetworkNotificationManager: clearNotification id=105
07-03 07:51:17.112   600   649 D ConnectivityService: NetworkAgentInfo [WIFI () - 105] validation passed
07-03 07:51:19.478  1052  1052 E ActivityThread: Failed to find provider info for com.qihoo360.apm.apmdatamanager.ApmDataProvider
07-03 07:51:19.506  1052  1052 E ActivityThread: Failed to find provider info for com.qihoo360.apm.apmdatamanager.ApmDataProvider
07-03 07:51:19.540  1052  2788 E ActivityThread: Failed to find provider info for com.qihoo360.apm.apmdatamanager.ApmDataProvider
07-03 07:51:19.546  1052  2788 E ActivityThread: Failed to find provider info for com.qihoo360.apm.apmdatamanager.ApmDataProvider
07-03 07:51:37.376   600   616 E BatteryStatsService: modem info is invalid: ModemActivityInfo{ mTimestamp=0 mSleepTimeMs=0 mIdleTimeMs=0 mTxTimeMs[]=[0, 0, 0, 0, 0] mRxTimeMs=0 mEnergyUsed=0}
07-03 07:54:21.820   600   600 V NotificationService: pkg=com.qihoo.appstore canInterrupt=false intercept=true
07-03 07:54:21.838   600   600 V NotificationService: pkg=com.qihoo.appstore canInterrupt=false intercept=true
07-03 07:54:37.372   600   616 E BatteryStatsService: modem info is invalid: ModemActivityInfo{ mTimestamp=0 mSleepTimeMs=0 mIdleTimeMs=0 mTxTimeMs[]=[0, 0, 0, 0, 0] mRxTimeMs=0 mEnergyUsed=0}
07-03 07:54:49.798   600 13075 I ActivityManager: START u0 {flg=0x10000000 cmp=com.newstart.dragonio/com.zentertain.newstart.Main} from uid 2000 on display 0
07-03 07:54:54.490   600  2378 I ActivityManager: START u0 {flg=0x10804000 cmp=com.android.systemui/.recents.RecentsActivity} from uid 10023 on display 0
07-03 07:54:55.521   600 13071 I ActivityManager: START u0 {act=android.intent.action.MAIN cat=[android.intent.category.HOME] flg=0x10200000 cmp=com.google.android.googlequicksearchbox/com.google.android.launcher.GEL} from uid 10023 on display 0
07-03 07:54:55.794   600 13078 D ConnectivityService: ConnectivityService NetworkRequestInfo binderDied(NetworkRequest [ LISTEN id=23, [ Capabilities: INTERNET&NOT_RESTRICTED&TRUSTED&FOREGROUND] ], android.os.BinderProxy@9c76f0a)
07-03 07:54:55.795   600 13078 D ConnectivityService: ConnectivityService NetworkRequestInfo binderDied(NetworkRequest [ LISTEN id=24, [ Capabilities: INTERNET&NOT_RESTRICTED&TRUSTED&FOREGROUND] ], android.os.BinderProxy@97b837b)
07-03 07:54:55.799   600   778 I ActivityManager: Process com.newstart.dragonio (pid 13598) has died
07-03 07:54:55.799   600   778 D ActivityManager: cleanUpApplicationRecord -- 13598
07-03 07:54:55.803   600   778 W ActivityManager: Scheduling restart of crashed service com.newstart.dragonio/net.zenjoy.lockscreen.LockService in 1000ms
07-03 07:54:55.811   600   649 E ConnectivityService: RemoteException caught trying to send a callback msg for NetworkRequest [ LISTEN id=23, [ Capabilities: INTERNET&NOT_RESTRICTED&TRUSTED&FOREGROUND] ]
07-03 07:54:55.814   600   649 E ConnectivityService: RemoteException caught trying to send a callback msg for NetworkRequest [ LISTEN id=24, [ Capabilities: INTERNET&NOT_RESTRICTED&TRUSTED&FOREGROUND] ]
07-03 07:54:55.815   600   874 I WindowManager: WIN DEATH: Window{b198491 u0 com.newstart.dragonio/com.zentertain.newstart.Main}
07-03 07:54:55.816   600   874 W WindowManager: Force-removing child win Window{7c8a598 u0 SurfaceView - com.newstart.dragonio/com.zentertain.newstart.Main} from container Window{b198491 u0 com.newstart.dragonio/com.zentertain.newstart.Main}
07-03 07:54:55.826   600 13077 W WindowManager: Failed looking up window
07-03 07:54:55.826   600 13077 W WindowManager: java.lang.IllegalArgumentException: Requested window android.os.BinderProxy@8365e64 does not exist
07-03 07:54:55.826   600 13077 W WindowManager: 	at com.android.server.wm.WindowManagerService.windowForClientLocked(WindowManagerService.java:9415)
07-03 07:54:55.826   600 13077 W WindowManager: 	at com.android.server.wm.WindowManagerService.windowForClientLocked(WindowManagerService.java:9406)
07-03 07:54:55.826   600 13077 W WindowManager: 	at com.android.server.wm.WindowState$DeathRecipient.binderDied(WindowState.java:1800)
07-03 07:54:55.826   600 13077 W WindowManager: 	at android.os.BinderProxy.sendDeathNotice(Binder.java:688)
07-03 07:54:55.826   600 13077 I WindowManager: WIN DEATH: null
07-03 07:54:56.818   600   613 I ActivityManager: Start proc 14316:com.newstart.dragonio/u0a996 for service com.newstart.dragonio/net.zenjoy.lockscreen.LockService
07-03 07:54:56.881   600   600 V NotificationService: pkg=com.newstart.dragonio canInterrupt=false intercept=true
07-03 07:55:00.164   600 13074 I ActivityManager: START u0 {act=android.intent.action.MAIN cat=[android.intent.category.LAUNCHER] flg=0x10200000 cmp=com.newstart.dragonio/com.zentertain.newstart.Main (has extras)} from uid 10025 on display 0
07-03 07:55:00.352   600  1160 W ActivityManager: Unable to start service Intent { act=com.enhance.gameservice.IGameTuningService pkg=com.enhance.gameservice } U=0: not found
07-03 07:55:03.304 14316 14316 W ViewRootImpl[Main]: Dropping event due to root view being removed: MotionEvent { action=ACTION_MOVE, actionButton=0, id[0]=0, x[0]=926.9713, y[0]=174.75464, toolType[0]=TOOL_TYPE_FINGER, buttonState=0, metaState=0, flags=0x1, edgeFlags=0x0, pointerCount=1, historySize=0, eventTime=10036675, downTime=10036665, deviceId=1, source=0x1002 }
07-03 07:55:03.305 14316 14316 W ViewRootImpl[Main]: Dropping event due to root view being removed: MotionEvent { action=ACTION_UP, actionButton=0, id[0]=0, x[0]=926.9713, y[0]=174.75464, toolType[0]=TOOL_TYPE_FINGER, buttonState=0, metaState=0, flags=0x1, edgeFlags=0x0, pointerCount=1, historySize=0, eventTime=10036677, downTime=10036665, deviceId=1, source=0x1002 }
07-03 07:55:03.305 14316 14316 W ViewRootImpl[Main]: Dropping event due to root view being removed: MotionEvent { action=ACTION_DOWN, actionButton=0, id[0]=0, x[0]=908.31274, y[0]=473.15747, toolType[0]=TOOL_TYPE_FINGER, buttonState=0, metaState=0, flags=0x1, edgeFlags=0x0, pointerCount=1, historySize=0, eventTime=10036839, downTime=10036839, deviceId=1, source=0x1002 }
07-03 07:55:03.305 14316 14316 W ViewRootImpl[Main]: Dropping event due to root view being removed: MotionEvent { action=ACTION_MOVE, actionButton=0, id[0]=0, x[0]=911.8668, y[0]=486.65308, toolType[0]=TOOL_TYPE_FINGER, buttonState=0, metaState=0, flags=0x1, edgeFlags=0x0, pointerCount=1, historySize=3, eventTime=10036872, downTime=10036839, deviceId=1, source=0x1002 }
07-03 07:55:03.305 14316 14316 W ViewRootImpl[Main]: Dropping event due to root view being removed: MotionEvent { action=ACTION_POINTER_DOWN(1), actionButton=0, id[0]=0, x[0]=911.8668, y[0]=486.65308, toolType[0]=TOOL_TYPE_FINGER, id[1]=1, x[1]=935.85645, y[1]=197.74713, toolType[1]=TOOL_TYPE_FINGER, buttonState=0, metaState=0, flags=0x1, edgeFlags=0x0, pointerCount=2, historySize=0, eventTime=10036872, downTime=10036839, deviceId=1, source=0x1002 }
07-03 07:55:03.305 14316 14316 W ViewRootImpl[Main]: Dropping event due to root view being removed: MotionEvent { action=ACTION_MOVE, actionButton=0, id[0]=0, x[0]=911.8668, y[0]=486.65308, toolType[0]=TOOL_TYPE_FINGER, id[1]=1, x[1]=935.85645, y[1]=197.74713, toolType[1]=TOOL_TYPE_FINGER, buttonState=0, metaState=0, flags=0x1, edgeFlags=0x0, pointerCount=2, historySize=0, eventTime=10036885, downTime=10036839, deviceId=1, source=0x1002 }
07-03 07:55:03.306 14316 14316 W ViewRootImpl[Main]: Dropping event due to root view being removed: MotionEvent { action=ACTION_POINTER_UP(0), actionButton=0, id[0]=0, x[0]=911.8668, y[0]=486.65308, toolType[0]=TOOL_TYPE_FINGER, id[1]=1, x[1]=935.85645, y[1]=197.74713, toolType[1]=TOOL_TYPE_FINGER, buttonState=0, metaState=0, flags=0x1, edgeFlags=0x0, pointerCount=2, historySize=0, eventTime=10036895, downTime=10036839, deviceId=1, source=0x1002 }
07-03 07:55:03.306 14316 14316 W ViewRootImpl[Main]: Dropping event due to root view being removed: MotionEvent { action=ACTION_UP, actionButton=0, id[0]=1, x[0]=935.85645, y[0]=197.74713, toolType[0]=TOOL_TYPE_FINGER, buttonState=0, metaState=0, flags=0x1, edgeFlags=0x0, pointerCount=1, historySize=0, eventTime=10036895, downTime=10036839, deviceId=1, source=0x1002 }
07-03 07:55:03.306 14316 14316 W ViewRootImpl[Main]: Dropping event due to root view being removed: MotionEvent { action=ACTION_DOWN, actionButton=0, id[0]=0, x[0]=1019.37573, y[0]=188.25024, toolType[0]=TOOL_TYPE_FINGER, buttonState=0, metaState=0, flags=0x1, edgeFlags=0x0, pointerCount=1, historySize=0, eventTime=10037006, downTime=10037006, deviceId=1, source=0x1002 }
07-03 07:55:03.306 14316 14316 W ViewRootImpl[Main]: Dropping event due to root view being removed: MotionEvent { action=ACTION_MOVE, actionButton=0, id[0]=0, x[0]=1025.5952, y[0]=180.2528, toolType[0]=TOOL_TYPE_FINGER, buttonState=0, metaState=0, flags=0x1, edgeFlags=0x0, pointerCount=1, historySize=3, eventTime=10037064, downTime=10037006, deviceId=1, source=0x1002 }
07-03 07:55:03.306 14316 14316 W ViewRootImpl[Main]: Dropping event due to root view being removed: MotionEvent { action=ACTION_UP, actionButton=0, id[0]=0, x[0]=1025.5952, y[0]=180.2528, toolType[0]=TOOL_TYPE_FINGER, buttonState=0, metaState=0, flags=0x1, edgeFlags=0x0, pointerCount=1, historySize=0, eventTime=10037073, downTime=10037006, deviceId=1, source=0x1002 }
07-03 07:55:03.307 14316 14316 W ViewRootImpl[Main]: Dropping event due to root view being removed: MotionEvent { action=ACTION_DOWN, actionButton=0, id[0]=1, x[0]=1018.4872, y[0]=452.1643, toolType[0]=TOOL_TYPE_FINGER, buttonState=0, metaState=0, flags=0x1, edgeFlags=0x0, pointerCount=1, historySize=0, eventTime=10037073, downTime=10037073, deviceId=1, source=0x1002 }
07-03 07:55:03.307 14316 14316 W ViewRootImpl[Main]: Dropping event due to root view being removed: MotionEvent { action=ACTION_MOVE, actionButton=0, id[0]=1, x[0]=1018.4872, y[0]=452.1643, toolType[0]=TOOL_TYPE_FINGER, buttonState=0, metaState=0, flags=0x1, edgeFlags=0x0, pointerCount=1, historySize=3, eventTime=10037113, downTime=10037073, deviceId=1, source=0x1002 }
07-03 07:55:03.308 14316 14316 W ViewRootImpl[Main]: Dropping event due to root view being removed: MotionEvent { action=ACTION_UP, actionButton=0, id[0]=1, x[0]=1018.4872, y[0]=452.1643, toolType[0]=TOOL_TYPE_FINGER, buttonState=0, metaState=0, flags=0x1, edgeFlags=0x0, pointerCount=1, historySize=0, eventTime=10037120, downTime=10037073, deviceId=1, source=0x1002 }
07-03 07:55:03.342 14316 14316 W ViewRootImpl[Main]: Dropping event due to root view being removed: MotionEvent { action=ACTION_POINTER_DOWN(1), actionButton=0, id[0]=0, x[0]=1039.8113, y[0]=510.64526, toolType[0]=TOOL_TYPE_FINGER, id[1]=1, x[1]=1038.9227, y[1]=248.23071, toolType[1]=TOOL_TYPE_FINGER, buttonState=0, metaState=0, flags=0x0, edgeFlags=0x0, pointerCount=2, historySize=0, eventTime=10037234, downTime=10037234, deviceId=1, source=0x1002 }
07-03 07:55:03.343 14316 14316 W ViewRootImpl[Main]: Dropping event due to root view being removed: MotionEvent { action=ACTION_MOVE, actionButton=0, id[0]=0, x[0]=1039.8113, y[0]=510.64526, toolType[0]=TOOL_TYPE_FINGER, id[1]=1, x[1]=1038.9227, y[1]=248.23071, toolType[1]=TOOL_TYPE_FINGER, buttonState=0, metaState=0, flags=0x0, edgeFlags=0x0, pointerCount=2, historySize=0, eventTime=10037241, downTime=10037234, deviceId=1, source=0x1002 }
07-03 07:55:03.343 14316 14316 W ViewRootImpl[Main]: Dropping event due to root view being removed: MotionEvent { action=ACTION_POINTER_UP(0), actionButton=0, id[0]=0, x[0]=1039.8113, y[0]=510.64526, toolType[0]=TOOL_TYPE_FINGER, id[1]=1, x[1]=1035.3688, y[1]=236.23462, toolType[1]=TOOL_TYPE_FINGER, buttonState=0, metaState=0, flags=0x0, edgeFlags=0x0, pointerCount=2, historySize=0, eventTime=10037249, downTime=10037234, deviceId=1, source=0x1002 }
07-03 07:55:03.343 14316 14316 W ViewRootImpl[Main]: Dropping event due to root view being removed: MotionEvent { action=ACTION_MOVE, actionButton=0, id[0]=1, x[0]=1035.3688, y[0]=236.23462, toolType[0]=TOOL_TYPE_FINGER, buttonState=0, metaState=0, flags=0x0, edgeFlags=0x0, pointerCount=1, historySize=0, eventTime=10037249, downTime=10037234, deviceId=1, source=0x1002 }
07-03 07:55:03.343 14316 14316 W ViewRootImpl[Main]: Dropping event due to root view being removed: MotionEvent { action=ACTION_UP, actionButton=0, id[0]=1, x[0]=1035.3688, y[0]=236.23462, toolType[0]=TOOL_TYPE_FINGER, buttonState=0, metaState=0, flags=0x0, edgeFlags=0x0, pointerCount=1, historySize=0, eventTime=10037256, downTime=10037234, deviceId=1, source=0x1002 }
07-03 07:55:03.344 14316 14316 W ViewRootImpl[Main]: Dropping event due to root view being removed: MotionEvent { action=ACTION_DOWN, actionButton=0, id[0]=0, x[0]=1065.5779, y[0]=209.74323, toolType[0]=TOOL_TYPE_FINGER, buttonState=0, metaState=0, flags=0x0, edgeFlags=0x0, pointerCount=1, historySize=0, eventTime=10037409, downTime=10037409, deviceId=1, source=0x1002 }
07-03 07:55:03.344 14316 14316 W ViewRootImpl[Main]: Dropping event due to root view being removed: MotionEvent { action=ACTION_UP, actionButton=0, id[0]=0, x[0]=1065.5779, y[0]=209.74323, toolType[0]=TOOL_TYPE_FINGER, buttonState=0, metaState=0, flags=0x0, edgeFlags=0x0, pointerCount=1, historySize=0, eventTime=10037416, downTime=10037409, deviceId=1, source=0x1002 }
07-03 07:55:03.344 14316 14316 W ViewRootImpl[Main]: Dropping event due to root view being removed: MotionEvent { action=ACTION_DOWN, actionButton=0, id[0]=0, x[0]=1039.8113, y[0]=494.6505, toolType[0]=TOOL_TYPE_FINGER, buttonState=0, metaState=0, flags=0x0, edgeFlags=0x0, pointerCount=1, historySize=0, eventTime=10037564, downTime=10037564, deviceId=1, source=0x1002 }
07-03 07:55:03.344 14316 14316 W ViewRootImpl[Main]: Dropping event due to root view being removed: MotionEvent { action=ACTION_POINTER_DOWN(1), actionButton=0, id[0]=0, x[0]=1039.8113, y[0]=494.6505, toolType[0]=TOOL_TYPE_FINGER, id[1]=1, x[1]=1042.4768, y[1]=226.73767, toolType[1]=TOOL_TYPE_FINGER, buttonState=0, metaState=0, flags=0x0, edgeFlags=0x0, pointerCount=2, historySize=0, eventTime=10037564, downTime=10037564, deviceId=1, source=0x1002 }
07-03 07:55:03.344 14316 14316 W ViewRootImpl[Main]: Dropping event due to root view being removed: MotionEvent { action=ACTION_POINTER_UP(1), actionButton=0, id[0]=0, x[0]=1039.8113, y[0]=494.6505, toolType[0]=TOOL_TYPE_FINGER, id[1]=1, x[1]=1042.4768, y[1]=226.73767, toolType[1]=TOOL_TYPE_FINGER, buttonState=0, metaState=0, flags=0x0, edgeFlags=0x0, pointerCount=2, historySize=0, eventTime=10037570, downTime=10037564, deviceId=1, source=0x1002 }
07-03 07:55:03.345 14316 14316 W ViewRootImpl[Main]: Dropping event due to root view being removed: MotionEvent { action=ACTION_MOVE, actionButton=0, id[0]=0, x[0]=1039.8113, y[0]=494.6505, toolType[0]=TOOL_TYPE_FINGER, buttonState=0, metaState=0, flags=0x0, edgeFlags=0x0, pointerCount=1, historySize=0, eventTime=10037570, downTime=10037564, deviceId=1, source=0x1002 }
07-03 07:55:03.345 14316 14316 W ViewRootImpl[Main]: Dropping event due to root view being removed: MotionEvent { action=ACTION_UP, actionButton=0, id[0]=0, x[0]=1039.8113, y[0]=494.6505, toolType[0]=TOOL_TYPE_FINGER, buttonState=0, metaState=0, flags=0x0, edgeFlags=0x0, pointerCount=1, historySize=0, eventTime=10037577, downTime=10037564, deviceId=1, source=0x1002 }
