07-03 06:10:37.464   600  1160 D ConnectivityService: ConnectivityService NetworkRequestInfo binderDied(NetworkRequest [ LISTEN id=14, [ Capabilities: INTERNET&NOT_RESTRICTED&TRUSTED] ], android.os.BinderProxy@d6745b0)
07-03 06:10:37.471   600   649 E ConnectivityService: RemoteException caught trying to send a callback msg for NetworkRequest [ LISTEN id=14, [ Capabilities: INTERNET&NOT_RESTRICTED&TRUSTED] ]
07-03 06:10:46.064   600   610 I Telecom : PhoneAccountRegistrar: SimCallManager queried, returning: null: TSI.gSCM@ABU
07-03 06:12:09.973   600   613 I ActivityManager: Start proc 10194:com.google.android.apps.docs/u0a39 for broadcast com.google.android.apps.docs/.notification.guns.GcmBroadcastReceiver
07-03 06:12:10.123   600  1161 I ActivityManager: Start proc 10212:com.google.android.videos/u0a74 for service com.google.android.videos/.service.drm.RefreshLicenseTaskService
07-03 06:12:10.245   600   612 E SyncManager: Job params not found for 104209
07-03 06:12:10.286   600   612 E SyncManager: Job params not found for 101228
07-03 06:12:10.857   600  1161 D CryptdConnector: SND -> {47 cryptfs getpwtype}
07-03 06:12:10.858   187   193 D VoldCryptCmdListener: cryptfs getpwtype
07-03 06:12:10.858   600   639 D CryptdConnector: RCV <- {213 47 default}
07-03 06:12:13.366   600   600 V NotificationService: pkg=com.google.android.apps.docs canInterrupt=false intercept=true
07-03 06:12:37.400   600  2378 I ActivityManager: Killing 8131:com.android.chrome/u0a35 (adj 906): empty for 3086s
07-03 06:12:37.442   600  2380 D ConnectivityService: ConnectivityService NetworkRequestInfo binderDied(NetworkRequest [ LISTEN id=15, [ Capabilities: INTERNET&NOT_RESTRICTED&TRUSTED&FOREGROUND] ], android.os.BinderProxy@cb4468d)
07-03 06:12:37.445   600  1310 D ActivityManager: cleanUpApplicationRecord -- 8131
07-03 06:12:37.449   600   649 E ConnectivityService: RemoteException caught trying to send a callback msg for NetworkRequest [ LISTEN id=15, [ Capabilities: INTERNET&NOT_RESTRICTED&TRUSTED&FOREGROUND] ]
07-03 06:14:13.719   600   600 V NotificationService: pkg=com.qihoo.appstore canInterrupt=false intercept=true
07-03 06:14:13.740   600   600 V NotificationService: pkg=com.qihoo.appstore canInterrupt=false intercept=true
07-03 06:14:37.433   600   616 E BatteryStatsService: modem info is invalid: ModemActivityInfo{ mTimestamp=0 mSleepTimeMs=0 mIdleTimeMs=0 mTxTimeMs[]=[0, 0, 0, 0, 0] mRxTimeMs=0 mEnergyUsed=0}
07-03 06:17:23.156   600   622 I PowerManagerService: Going to sleep due to screen timeout (uid 1000)...
07-03 06:17:23.171   600   622 I PowerManagerService: Sleeping (uid 1000)...
07-03 06:17:23.733   600   620 I DisplayManagerService: Display device changed state: "", OFF
07-03 06:17:23.734   600   620 W LocalDisplayAdapter: Unable to find color mode 0, ignoring request.
07-03 06:19:13.837   600   600 V NotificationService: pkg=com.qihoo.appstore canInterrupt=false intercept=true
07-03 06:19:13.852   600   600 V NotificationService: pkg=com.qihoo.appstore canInterrupt=false intercept=true
07-03 06:20:13.004   600   636 I PowerManagerService: Waking up from sleep (uid 1000)...
07-03 06:20:13.012   600   622 I DisplayPowerController: Blocking screen on until initial contents have been drawn.
07-03 06:20:13.022   600   622 W LocalDisplayAdapter: Unable to find color mode 0, ignoring request.
07-03 06:20:13.095   600   620 I DisplayManagerService: Display device changed state: "", ON
07-03 06:20:13.104   600   620 W LocalDisplayAdapter: Unable to find color mode 0, ignoring request.
07-03 06:20:13.279   600   600 V NotificationService: pkg=com.biglemon.cookingjoy canInterrupt=false intercept=true
07-03 06:20:13.296   600   600 V NotificationService: pkg=com.newstart.cookingjourney2 canInterrupt=false intercept=true
07-03 06:20:13.314   600   600 V NotificationService: pkg=com.newstart.cookingjourney2 canInterrupt=false intercept=true
07-03 06:20:13.323   600   600 V NotificationService: pkg=com.biglemon.cookingjoy canInterrupt=false intercept=true
07-03 06:20:13.402   600   600 V NotificationService: pkg=com.qihoo.appstore canInterrupt=false intercept=true
07-03 06:20:13.416   600   600 V NotificationService: pkg=com.qihoo.appstore canInterrupt=false intercept=true
07-03 06:20:13.503   600   600 V NotificationService: pkg=com.qihoo.appstore canInterrupt=false intercept=true
07-03 06:20:13.518   600   600 V NotificationService: pkg=com.qihoo.appstore canInterrupt=false intercept=true
07-03 06:20:13.682   600   622 I DisplayPowerController: Unblocked screen on after 670 ms
07-03 06:20:13.710   600  1160 I ActivityManager: START u0 {flg=0x10000000 cmp=com.zentertain.vegasgrandslots/net.zenjoy.lockscreen.SpeedChargingActivity} from uid 10951 on display 0
07-03 06:20:13.781   600   600 V NotificationService: pkg=com.newstart.dragonio canInterrupt=false intercept=true
07-03 06:20:13.791   600   600 V NotificationService: pkg=com.newstart.dragonio canInterrupt=false intercept=true
07-03 06:20:13.825   600   610 W LocalDisplayAdapter: Unable to find color mode 0, ignoring request.
07-03 06:20:13.838   600   610 I ActivityManager: Config changes=480 {1.0 ?mcc?mnc [zh_CN] ldltr sw768dp w768dp h952dp 320dpi xlrg port finger -keyb/v/h -nav/h s.9}
07-03 06:20:13.979   600   600 V NotificationService: pkg=com.zentertain.bigcasino canInterrupt=false intercept=true
07-03 06:20:14.056   600   600 V NotificationService: pkg=com.zentertain.doublexcasino canInterrupt=false intercept=true
07-03 06:20:14.081   600   600 V NotificationService: pkg=com.zentertain.doublexcasino canInterrupt=false intercept=true
07-03 06:20:14.138   600   600 V NotificationService: pkg=com.zentertain.bigcasino canInterrupt=false intercept=true
07-03 06:20:14.248   600   600 V NotificationService: pkg=com.zentertain.vegasgrandslots canInterrupt=false intercept=true
07-03 06:20:14.286   600   600 V NotificationService: pkg=com.zentertain.vegasgrandslots canInterrupt=false intercept=true
07-03 06:20:14.471   600   600 V NotificationService: pkg=com.zentertain.doublexcasino canInterrupt=false intercept=true
07-03 06:20:14.481   600   600 V NotificationService: pkg=com.zentertain.doublexcasino canInterrupt=false intercept=true
07-03 06:20:14.686   600  1160 I ActivityManager: START u0 {flg=0x10000000 cmp=com.zentertain.vegasgrandslots/net.zenjoy.lockscreen.SpeedChargingActivity} from uid 10951 on display 0
07-03 06:20:15.006   600   620 I WindowManager: Screen frozen for +1s223ms due to Window{e7e7207 u0 com.zentertain.vegasgrandslots/net.zenjoy.lockscreen.SpeedChargingActivity}
07-03 06:20:15.017   600   600 V NotificationService: pkg=com.zentertain.vegasgrandslots canInterrupt=false intercept=true
07-03 06:20:15.113   600   600 V NotificationService: pkg=com.zentertain.vegasgrandslots canInterrupt=false intercept=true
07-03 06:20:17.997   600   610 W LocalDisplayAdapter: Unable to find color mode 0, ignoring request.
07-03 06:20:18.021   600   610 I ActivityManager: Config changes=480 {1.0 ?mcc?mnc [zh_CN] ldltr sw768dp w1024dp h696dp 320dpi xlrg land finger -keyb/v/h -nav/h s.10}
07-03 06:20:18.041   600   610 I WindowManager: Failed to capture screenshot of Token{20b5ba9 ActivityRecord{337f330 u0 com.zentertain.vegasgrandslots/net.zenjoy.lockscreen.SpeedChargingActivity t551 f}} appWin=Window{d0d7fe7 u0 SurfaceView - com.zentertain.vegasgrandslots/net.zenjoy.lockscreen.SpeedChargingActivity} drawState=4
07-03 06:20:18.540  1052  1052 E ActivityThread: Failed to find provider info for com.qihoo360.apm.apmdatamanager.ApmDataProvider
07-03 06:20:18.553  1052  1052 E ActivityThread: Failed to find provider info for com.qihoo360.apm.apmdatamanager.ApmDataProvider
07-03 06:20:18.563  1052  2788 E ActivityThread: Failed to find provider info for com.qihoo360.apm.apmdatamanager.ApmDataProvider
07-03 06:20:18.720   600   620 I WindowManager: Screen frozen for +738ms due to Window{5b3f489 u0 com.newstart.dragonio/com.zentertain.newstart.Main}
07-03 06:21:00.998   600  5132 I ActivityManager: START u0 {flg=0x10000000 cmp=com.newstart.dragonio/com.zentertain.newstart.Main} from uid 2000 on display 0
07-03 06:22:16.100   600  2379 I ActivityManager: Killing 8212:com.google.android.apps.docs.editors.slides/u0a42 (adj 906): empty for 3613s
07-03 06:22:16.137   600  1693 D ActivityManager: cleanUpApplicationRecord -- 8212
07-03 06:22:29.056   600   612 I UsageStatsService: User[0] Flushing usage stats to disk
07-03 06:23:10.058   600  1693 I ActivityManager: START u0 {flg=0x10000000 cmp=com.newstart.dragonio/com.zentertain.newstart.Main} from uid 2000 on display 0
07-03 06:23:56.481   600   600 V NotificationService: pkg=com.google.android.apps.docs canInterrupt=false intercept=true
07-03 06:24:13.969   600   600 V NotificationService: pkg=com.qihoo.appstore canInterrupt=false intercept=true
07-03 06:24:14.004   600   600 V NotificationService: pkg=com.qihoo.appstore canInterrupt=false intercept=true
07-03 06:24:14.827   600  1161 I ActivityManager: START u0 {flg=0x10000000 cmp=com.newstart.dragonio/com.zentertain.newstart.Main} from uid 2000 on display 0
07-03 06:24:49.155   600   661 I ActivityManager: START u0 {flg=0x10000000 cmp=com.newstart.dragonio/com.zentertain.newstart.Main} from uid 2000 on display 0
07-03 06:25:37.367   600   616 E BatteryStatsService: modem info is invalid: ModemActivityInfo{ mTimestamp=0 mSleepTimeMs=0 mIdleTimeMs=0 mTxTimeMs[]=[0, 0, 0, 0, 0] mRxTimeMs=0 mEnergyUsed=0}
07-03 06:26:54.735   600  1316 I ActivityManager: START u0 {flg=0x10000000 cmp=com.newstart.dragonio/com.zentertain.newstart.Main} from uid 2000 on display 0
07-03 06:27:19.712   600   649 D ConnectivityService: NetworkAgentInfo [WIFI () - 100] EVENT_NETWORK_INFO_CHANGED, going from CONNECTED to DISCONNECTED
07-03 06:27:19.733   600   649 D ConnectivityService: NetworkAgentInfo [WIFI () - 100] got DISCONNECTED, was satisfying 6
07-03 06:27:19.775  1052  1052 E ActivityThread: Failed to find provider info for com.qihoo360.apm.apmdatamanager.ApmDataProvider
07-03 06:27:19.789  1052  1052 E ActivityThread: Failed to find provider info for com.qihoo360.apm.apmdatamanager.ApmDataProvider
07-03 06:27:19.808  1052  2788 E ActivityThread: Failed to find provider info for com.qihoo360.apm.apmdatamanager.ApmDataProvider
07-03 06:27:19.819  1052  1052 E ActivityThread: Failed to find provider info for com.qihoo360.apm.apmdatamanager.ApmDataProvider
07-03 06:27:19.824  1052  1052 E ActivityThread: Failed to find provider info for com.qihoo360.apm.apmdatamanager.ApmDataProvider
07-03 06:27:19.833  1052  1052 E ActivityThread: Failed to find provider info for com.qihoo360.apm.apmdatamanager.ApmDataProvider
07-03 06:27:19.842  1052  1052 E ActivityThread: Failed to find provider info for com.qihoo360.apm.apmdatamanager.ApmDataProvider
07-03 06:27:19.981   600   649 D ConnectivityService: Sending DISCONNECTED broadcast for type 1 NetworkAgentInfo [WIFI () - 100] isDefaultNetwork=true
07-03 06:27:20.929   600  1160 I ActivityManager: Start proc 10937:com.sohu.inputmethod.sogou/u0a890 for broadcast com.sohu.inputmethod.sogou/com.sohu.inputmethod.settings.status.TrafficMonitorReceiver
07-03 06:27:21.824   600  1310 I ActivityManager: Start proc 10962:com.sohu.inputmethod.sogou:classic/u0a890 for broadcast com.sohu.inputmethod.sogou/com.sogou.androidtool.receiver.SupportReceiver
07-03 06:27:21.827   600  1310 I ActivityManager: Killing 6706:com.google.android.googlequicksearchbox:search/u0a25 (adj 906): empty for 3804s
07-03 06:27:22.412  1052  1052 E ActivityThread: Failed to find provider info for com.qihoo360.apm.apmdatamanager.ApmDataProvider
07-03 06:27:22.416  1052  1052 E ActivityThread: Failed to find provider info for com.qihoo360.apm.apmdatamanager.ApmDataProvider
07-03 06:27:22.531  1052  1052 E ActivityThread: Failed to find provider info for com.qihoo360.apm.apmdatamanager.ApmDataProvider
07-03 06:27:22.536  1052  1052 E ActivityThread: Failed to find provider info for com.qihoo360.apm.apmdatamanager.ApmDataProvider
07-03 06:27:22.617  1052  1052 E ActivityThread: Failed to find provider info for com.qihoo360.apm.apmdatamanager.ApmDataProvider
07-03 06:27:22.629  1052  1052 E ActivityThread: Failed to find provider info for com.qihoo360.apm.apmdatamanager.ApmDataProvider
07-03 06:27:22.641  1052  1052 E ActivityThread: Failed to find provider info for com.qihoo360.apm.apmdatamanager.ApmDataProvider
07-03 06:27:22.643   600   645 D ConnectivityService: registerNetworkAgent NetworkAgentInfo{ ni{[type: WIFI[], state: CONNECTING/CONNECTING, reason: (unspecified), extra: "Zenjoy", failover: false, available: true, roaming: false, metered: false]}  network{101}  nethandle{433808132830}  lp{{LinkAddresses: []  Routes: [] DnsAddresses: [] Domains: null MTU: 0}}  nc{[ Transports: WIFI Capabilities: NOT_METERED&INTERNET&NOT_RESTRICTED&TRUSTED&NOT_VPN LinkUpBandwidth>=1048576Kbps LinkDnBandwidth>=1048576Kbps]}  Score{20}  everValidated{false}  lastValidated{false}  created{false} lingering{false} explicitlySelected{false} acceptUnvalidated{false} everCaptivePortalDetected{false} lastCaptivePortalDetected{false} }
07-03 06:27:22.643   600   649 D ConnectivityService: NetworkAgentInfo [WIFI () - 101] EVENT_NETWORK_INFO_CHANGED, going from null to CONNECTING
07-03 06:27:22.656  1052  1052 E ActivityThread: Failed to find provider info for com.qihoo360.apm.apmdatamanager.ApmDataProvider
07-03 06:27:22.665  1052  1052 E ActivityThread: Failed to find provider info for com.qihoo360.apm.apmdatamanager.ApmDataProvider
07-03 06:27:22.679  1052  1052 E ActivityThread: Failed to find provider info for com.qihoo360.apm.apmdatamanager.ApmDataProvider
07-03 06:27:22.697  1052  2788 E ActivityThread: Failed to find provider info for com.qihoo360.apm.apmdatamanager.ApmDataProvider
07-03 06:27:22.709  1052  1052 E ActivityThread: Failed to find provider info for com.qihoo360.apm.apmdatamanager.ApmDataProvider
07-03 06:27:22.716  1052  1052 E ActivityThread: Failed to find provider info for com.qihoo360.apm.apmdatamanager.ApmDataProvider
07-03 06:27:22.721  1052  2788 E ActivityThread: Failed to find provider info for com.qihoo360.apm.apmdatamanager.ApmDataProvider
07-03 06:27:22.723  1052  1052 E ActivityThread: Failed to find provider info for com.qihoo360.apm.apmdatamanager.ApmDataProvider
07-03 06:27:22.727  1052  1052 E ActivityThread: Failed to find provider info for com.qihoo360.apm.apmdatamanager.ApmDataProvider
07-03 06:27:22.733  1052  1052 E ActivityThread: Failed to find provider info for com.qihoo360.apm.apmdatamanager.ApmDataProvider
07-03 06:27:22.737  1052  1052 E ActivityThread: Failed to find provider info for com.qihoo360.apm.apmdatamanager.ApmDataProvider
07-03 06:27:22.833   600   874 D ActivityManager: cleanUpApplicationRecord -- 6706
07-03 06:27:22.839   600   649 D ConnectivityService: NetworkAgentInfo [WIFI () - 101] EVENT_NETWORK_INFO_CHANGED, going from CONNECTING to CONNECTED
07-03 06:27:22.841   600   649 D ConnectivityService: Adding iface wlan0 to network 101
07-03 06:27:22.861  1052  1052 E ActivityThread: Failed to find provider info for com.qihoo360.apm.apmdatamanager.ApmDataProvider
07-03 06:27:22.865  1052  1052 E ActivityThread: Failed to find provider info for com.qihoo360.apm.apmdatamanager.ApmDataProvider
07-03 06:27:22.873  1052  1052 E ActivityThread: Failed to find provider info for com.qihoo360.apm.apmdatamanager.ApmDataProvider
07-03 06:27:22.881  1052  1052 E ActivityThread: Failed to find provider info for com.qihoo360.apm.apmdatamanager.ApmDataProvider
07-03 06:27:22.965   600   649 D ConnectivityService: Setting DNS servers for network 101 to [/192.168.15.11, /182.92.170.82, /14.215.128.159, /202.106.0.20]
07-03 06:27:22.985  1052  1052 E ActivityThread: Failed to find provider info for com.qihoo360.apm.apmdatamanager.ApmDataProvider
07-03 06:27:22.990  1052  1052 E ActivityThread: Failed to find provider info for com.qihoo360.apm.apmdatamanager.ApmDataProvider
07-03 06:27:23.005   600   649 D ConnectivityService: Switching to new default network: NetworkAgentInfo{ ni{[type: WIFI[], state: CONNECTED/CONNECTED, reason: (unspecified), extra: "Zenjoy", failover: false, available: true, roaming: false, metered: false]}  network{101}  nethandle{433808132830}  lp{{InterfaceName: wlan0 LinkAddresses: [fe80::b6ce:f6ff:fe9e:4157/64,192.168.10.178/23,]  Routes: [fe80::/64 -> :: wlan0,192.168.10.0/23 -> 0.0.0.0 wlan0,0.0.0.0/0 -> 192.168.11.254 wlan0,] DnsAddresses: [192.168.15.11,182.92.170.82,14.215.128.159,202.106.0.20,] Domains: zenjoy.net MTU: 0 TcpBufferSizes: 524288,1048576,2097152,262144,524288,1048576}}  nc{[ Transports: WIFI Capabilities: NOT_METERED&INTERNET&NOT_RESTRICTED&TRUSTED&NOT_VPN&FOREGROUND LinkUpBandwidth>=1048576Kbps LinkDnBandwidth>=1048576Kbps SignalStrength: -58]}  Score{20}  everValidated{false}  lastValidated{false}  created{true} lingering{false} explicitlySelected{false} acceptUnvalidated{false} everCaptivePortalDetected{false} lastCaptivePortalDetected{false} }
07-03 06:27:23.136   600   649 D ConnectivityService: Sending CONNECTED broadcast for type 1 NetworkAgentInfo [WIFI () - 101] isDefaultNetwork=true
07-03 06:27:23.354  1052  1052 E ActivityThread: Failed to find provider info for com.qihoo360.apm.apmdatamanager.ApmDataProvider
07-03 06:27:23.358  1052  1052 E ActivityThread: Failed to find provider info for com.qihoo360.apm.apmdatamanager.ApmDataProvider
07-03 06:27:23.365  1052  2788 E ActivityThread: Failed to find provider info for com.qihoo360.apm.apmdatamanager.ApmDataProvider
07-03 06:27:23.732   600   649 D NetworkNotificationManager: clearNotification id=101
07-03 06:27:23.732   600   649 D ConnectivityService: NetworkAgentInfo [WIFI () - 101] validation passed
07-03 06:27:26.014  1052  1052 E ActivityThread: Failed to find provider info for com.qihoo360.apm.apmdatamanager.ApmDataProvider
07-03 06:27:26.039  1052  1052 E ActivityThread: Failed to find provider info for com.qihoo360.apm.apmdatamanager.ApmDataProvider
07-03 06:27:26.051  1052  2788 E ActivityThread: Failed to find provider info for com.qihoo360.apm.apmdatamanager.ApmDataProvider
07-03 06:27:28.523  1052  1052 E ActivityThread: Failed to find provider info for com.qihoo360.apm.apmdatamanager.ApmDataProvider
07-03 06:27:28.530  1052  1052 E ActivityThread: Failed to find provider info for com.qihoo360.apm.apmdatamanager.ApmDataProvider
07-03 06:27:28.535  1052  1052 E ActivityThread: Failed to find provider info for com.qihoo360.apm.apmdatamanager.ApmDataProvider
07-03 06:27:28.565  1052  2788 E ActivityThread: Failed to find provider info for com.qihoo360.apm.apmdatamanager.ApmDataProvider
07-03 06:27:37.372   600   616 E BatteryStatsService: modem info is invalid: ModemActivityInfo{ mTimestamp=0 mSleepTimeMs=0 mIdleTimeMs=0 mTxTimeMs[]=[0, 0, 0, 0, 0] mRxTimeMs=0 mEnergyUsed=0}
07-03 06:27:49.504  1052  1052 E ActivityThread: Failed to find provider info for com.qihoo360.apm.apmdatamanager.ApmDataProvider
07-03 06:29:14.089   600   600 V NotificationService: pkg=com.qihoo.appstore canInterrupt=false intercept=true
07-03 06:29:14.118   600   600 V NotificationService: pkg=com.qihoo.appstore canInterrupt=false intercept=true
07-03 06:29:37.371   600   616 E BatteryStatsService: modem info is invalid: ModemActivityInfo{ mTimestamp=0 mSleepTimeMs=0 mIdleTimeMs=0 mTxTimeMs[]=[0, 0, 0, 0, 0] mRxTimeMs=0 mEnergyUsed=0}
07-03 06:32:37.371   600   616 E BatteryStatsService: modem info is invalid: ModemActivityInfo{ mTimestamp=0 mSleepTimeMs=0 mIdleTimeMs=0 mTxTimeMs[]=[0, 0, 0, 0, 0] mRxTimeMs=0 mEnergyUsed=0}
07-03 06:33:55.404   600  1161 I ActivityManager: START u0 {flg=0x10000000 cmp=com.newstart.dragonio/com.zentertain.newstart.Main} from uid 2000 on display 0
07-03 06:34:00.178   600   874 I ActivityManager: START u0 {flg=0x10804000 cmp=com.android.systemui/.recents.RecentsActivity} from uid 10023 on display 0
07-03 06:34:01.254   600   874 I ActivityManager: START u0 {act=android.intent.action.MAIN cat=[android.intent.category.HOME] flg=0x10200000 cmp=com.google.android.googlequicksearchbox/com.google.android.launcher.GEL} from uid 10023 on display 0
07-03 06:34:01.481   600   874 D ConnectivityService: ConnectivityService NetworkRequestInfo binderDied(NetworkRequest [ LISTEN id=16, [ Capabilities: INTERNET&NOT_RESTRICTED&TRUSTED&FOREGROUND] ], android.os.BinderProxy@2d212a4)
07-03 06:34:01.483   600   610 D ConnectivityService: ConnectivityService NetworkRequestInfo binderDied(NetworkRequest [ LISTEN id=17, [ Capabilities: INTERNET&NOT_RESTRICTED&TRUSTED&FOREGROUND] ], android.os.BinderProxy@3f8180d)
07-03 06:34:01.484   600  2376 I ActivityManager: Process com.newstart.dragonio (pid 1766) has died
07-03 06:34:01.484   600  2376 D ActivityManager: cleanUpApplicationRecord -- 1766
07-03 06:34:01.485   600  1161 I WindowManager: WIN DEATH: Window{f0463c2 u0 SurfaceView - com.newstart.dragonio/com.zentertain.newstart.Main}
07-03 06:34:01.488   600   649 E ConnectivityService: RemoteException caught trying to send a callback msg for NetworkRequest [ LISTEN id=16, [ Capabilities: INTERNET&NOT_RESTRICTED&TRUSTED&FOREGROUND] ]
07-03 06:34:01.503   600  1310 I WindowManager: WIN DEATH: Window{5b3f489 u0 com.newstart.dragonio/com.zentertain.newstart.Main}
07-03 06:34:01.504   600   649 E ConnectivityService: RemoteException caught trying to send a callback msg for NetworkRequest [ LISTEN id=17, [ Capabilities: INTERNET&NOT_RESTRICTED&TRUSTED&FOREGROUND] ]
07-03 06:34:01.505   600  2376 W ActivityManager: Scheduling restart of crashed service com.newstart.dragonio/net.zenjoy.lockscreen.LockService in 1000ms
07-03 06:34:02.034   600  2376 I ActivityManager: Start proc 11097:com.google.android.googlequicksearchbox:search/u0a25 for service com.google.android.googlequicksearchbox/com.google.android.apps.gsa.search.core.service.SearchService
07-03 06:34:02.516   600   613 I ActivityManager: Start proc 11111:com.newstart.dragonio/u0a996 for service com.newstart.dragonio/net.zenjoy.lockscreen.LockService
07-03 06:34:02.579   600   600 V NotificationService: pkg=com.newstart.dragonio canInterrupt=false intercept=true
07-03 06:34:02.966   600  1694 I ActivityManager: Start proc 11138:com.google.android.partnersetup/u0a14 for content provider com.google.android.partnersetup/.RlzAppProvider
07-03 06:34:09.720   600  1161 I ActivityManager: START u0 {flg=0x10000000 cmp=com.newstart.dragonio/com.zentertain.newstart.Main} from uid 2000 on display 0
07-03 06:34:10.240   600  1316 W ActivityManager: Unable to start service Intent { act=com.enhance.gameservice.IGameTuningService pkg=com.enhance.gameservice } U=0: not found
07-03 06:34:19.201   600   600 V NotificationService: pkg=com.qihoo.appstore canInterrupt=false intercept=true
07-03 06:34:19.309   600   600 V NotificationService: pkg=com.qihoo.appstore canInterrupt=false intercept=true
07-03 06:34:22.009   600  1693 W InputManager: Input event injection from pid 8450 failed.
07-03 06:34:30.144   600   610 W InputManager: Input event injection from pid 8450 failed.
07-03 06:34:37.144   600  1160 W InputManager: Input event injection from pid 8450 failed.
07-03 06:37:37.416   600   616 E BatteryStatsService: modem info is invalid: ModemActivityInfo{ mTimestamp=0 mSleepTimeMs=0 mIdleTimeMs=0 mTxTimeMs[]=[0, 0, 0, 0, 0] mRxTimeMs=0 mEnergyUsed=0}
07-03 06:37:45.717   600   616 E BatteryStatsService: modem info is invalid: ModemActivityInfo{ mTimestamp=0 mSleepTimeMs=0 mIdleTimeMs=0 mTxTimeMs[]=[0, 0, 0, 0, 0] mRxTimeMs=0 mEnergyUsed=0}
07-03 06:38:23.692  1052  1052 E ActivityThread: Failed to find provider info for com.qihoo360.apm.apmdatamanager.ApmDataProvider
07-03 06:38:23.704  1052  1052 E ActivityThread: Failed to find provider info for com.qihoo360.apm.apmdatamanager.ApmDataProvider
07-03 06:38:23.720  1052  2788 E ActivityThread: Failed to find provider info for com.qihoo360.apm.apmdatamanager.ApmDataProvider
07-03 06:38:23.725  1052  1052 E ActivityThread: Failed to find provider info for com.qihoo360.apm.apmdatamanager.ApmDataProvider
07-03 06:38:23.736  1052  1052 E ActivityThread: Failed to find provider info for com.qihoo360.apm.apmdatamanager.ApmDataProvider
07-03 06:38:24.148  1052  2788 E ActivityThread: Failed to find provider info for com.qihoo360.apm.apmdatamanager.ApmDataProvider
07-03 06:38:40.474   600   613 I ProcessStatsService: Prepared write state in 15ms
07-03 06:38:56.908   600   610 W ActivityManager: Unable to start service Intent { act=service_action_LOOPER_VALUE pkg=com.qihoo.gameassist } U=0: not found
07-03 06:39:19.281   600   600 V NotificationService: pkg=com.qihoo.appstore canInterrupt=false intercept=true
07-03 06:39:19.302   600   600 V NotificationService: pkg=com.qihoo.appstore canInterrupt=false intercept=true
07-03 06:40:33.359   600   613 I ActivityManager: Killing 10131:com.google.android.talk/u0a55 (adj 906): empty for 1817s
07-03 06:40:33.546   600  1693 D ActivityManager: cleanUpApplicationRecord -- 10131
07-03 06:42:11.132   600  5132 I ActivityManager: Killing 10212:com.google.android.videos/u0a74 (adj 906): empty for 1800s
07-03 06:42:11.184   600   610 D ActivityManager: cleanUpApplicationRecord -- 10212
07-03 06:44:19.363   600  1316 I ActivityManager: Killing 1499:android.process.acore/u0a4 (adj 906): empty for 1805s
07-03 06:44:19.381   600   600 V NotificationService: pkg=com.qihoo.appstore canInterrupt=false intercept=true
07-03 06:44:19.410   600   600 V NotificationService: pkg=com.qihoo.appstore canInterrupt=false intercept=true
07-03 06:44:19.519   600  1310 D ActivityManager: cleanUpApplicationRecord -- 1499
07-03 06:44:37.396   600   616 E BatteryStatsService: modem info is invalid: ModemActivityInfo{ mTimestamp=0 mSleepTimeMs=0 mIdleTimeMs=0 mTxTimeMs[]=[0, 0, 0, 0, 0] mRxTimeMs=0 mEnergyUsed=0}
07-03 06:44:59.142   600   612 I UsageStatsService: User[0] Flushing usage stats to disk
07-03 06:47:19.078  1052  1052 E ActivityThread: Failed to find provider info for com.qihoo360.apm.apmdatamanager.ApmDataProvider
07-03 06:47:19.103  1052  1052 E ActivityThread: Failed to find provider info for com.qihoo360.apm.apmdatamanager.ApmDataProvider
07-03 06:47:19.119  1052  2788 E ActivityThread: Failed to find provider info for com.qihoo360.apm.apmdatamanager.ApmDataProvider
07-03 06:47:19.131  1052  1052 E ActivityThread: Failed to find provider info for com.qihoo360.apm.apmdatamanager.ApmDataProvider
07-03 06:47:20.252  1052  2788 E ActivityThread: Failed to find provider info for com.qihoo360.apm.apmdatamanager.ApmDataProvider
07-03 06:48:37.360   600   616 E BatteryStatsService: modem info is invalid: ModemActivityInfo{ mTimestamp=0 mSleepTimeMs=0 mIdleTimeMs=0 mTxTimeMs[]=[0, 0, 0, 0, 0] mRxTimeMs=0 mEnergyUsed=0}
07-03 06:49:19.685   600   600 V NotificationService: pkg=com.qihoo.appstore canInterrupt=false intercept=true
07-03 06:49:19.702   600   600 V NotificationService: pkg=com.qihoo.appstore canInterrupt=false intercept=true
07-03 06:51:37.372   600   616 E BatteryStatsService: modem info is invalid: ModemActivityInfo{ mTimestamp=0 mSleepTimeMs=0 mIdleTimeMs=0 mTxTimeMs[]=[0, 0, 0, 0, 0] mRxTimeMs=0 mEnergyUsed=0}
07-03 06:54:19.895   600   600 V NotificationService: pkg=com.qihoo.appstore canInterrupt=false intercept=true
07-03 06:54:19.912   600   600 V NotificationService: pkg=com.qihoo.appstore canInterrupt=false intercept=true
07-03 06:54:37.381   600   616 E BatteryStatsService: modem info is invalid: ModemActivityInfo{ mTimestamp=0 mSleepTimeMs=0 mIdleTimeMs=0 mTxTimeMs[]=[0, 0, 0, 0, 0] mRxTimeMs=0 mEnergyUsed=0}
07-03 06:58:37.365   600   616 E BatteryStatsService: modem info is invalid: ModemActivityInfo{ mTimestamp=0 mSleepTimeMs=0 mIdleTimeMs=0 mTxTimeMs[]=[0, 0, 0, 0, 0] mRxTimeMs=0 mEnergyUsed=0}
07-03 06:59:20.141   600   600 V NotificationService: pkg=com.qihoo.appstore canInterrupt=false intercept=true
07-03 06:59:20.166   600   600 V NotificationService: pkg=com.qihoo.appstore canInterrupt=false intercept=true
07-03 07:00:00.108   600   600 D ConditionProviders.SCP: onReceive ScheduleConditionProvider.EVALUATE
07-03 07:00:00.108   600   600 D ConditionProviders.SCP: notifyCondition condition://android/schedule?days=6.7&start=23.30&end=10.0 STATE_FALSE reason=!meetsSchedule
07-03 07:00:00.114   600   600 D ConditionProviders.SCP: notifyCondition condition://android/schedule?days=1.2.3.4.5&start=22.0&end=7.0 STATE_FALSE reason=!meetsSchedule
07-03 07:00:00.115   600   600 D ConditionProviders.SCP: Scheduling evaluate for Mon Jul 03 10:00:00 GMT+09:00 2017 (1499043600000), in +2h59m59s892ms, now=Mon Jul 03 07:00:00 GMT+09:00 2017 (1499032800108)
07-03 07:01:37.430   600   616 E BatteryStatsService: modem info is invalid: ModemActivityInfo{ mTimestamp=0 mSleepTimeMs=0 mIdleTimeMs=0 mTxTimeMs[]=[0, 0, 0, 0, 0] mRxTimeMs=0 mEnergyUsed=0}
07-03 07:04:20.418   600   600 V NotificationService: pkg=com.qihoo.appstore canInterrupt=false intercept=true
07-03 07:04:20.438   600   600 V NotificationService: pkg=com.qihoo.appstore canInterrupt=false intercept=true
07-03 07:07:45.764   600   616 E BatteryStatsService: modem info is invalid: ModemActivityInfo{ mTimestamp=0 mSleepTimeMs=0 mIdleTimeMs=0 mTxTimeMs[]=[0, 0, 0, 0, 0] mRxTimeMs=0 mEnergyUsed=0}
07-03 07:08:04.037  1052  1052 E ActivityThread: Failed to find provider info for com.qihoo360.apm.apmdatamanager.ApmDataProvider
07-03 07:08:04.053  1052  1052 E ActivityThread: Failed to find provider info for com.qihoo360.apm.apmdatamanager.ApmDataProvider
07-03 07:08:04.064  1052  2788 E ActivityThread: Failed to find provider info for com.qihoo360.apm.apmdatamanager.ApmDataProvider
07-03 07:08:04.070  1052  1052 E ActivityThread: Failed to find provider info for com.qihoo360.apm.apmdatamanager.ApmDataProvider
07-03 07:08:04.077  1052  1052 E ActivityThread: Failed to find provider info for com.qihoo360.apm.apmdatamanager.ApmDataProvider
07-03 07:08:04.646  1052  1052 E ActivityThread: Failed to find provider info for com.qihoo360.apm.apmdatamanager.ApmDataProvider
07-03 07:08:04.654  1052  1052 E ActivityThread: Failed to find provider info for com.qihoo360.apm.apmdatamanager.ApmDataProvider
07-03 07:08:04.666  1052  1052 E ActivityThread: Failed to find provider info for com.qihoo360.apm.apmdatamanager.ApmDataProvider
07-03 07:08:04.709  1052  2788 E ActivityThread: Failed to find provider info for com.qihoo360.apm.apmdatamanager.ApmDataProvider
07-03 07:08:41.171   600   613 I ProcessStatsService: Prepared write state in 15ms
07-03 07:08:45.750  1052  1052 E ActivityThread: Failed to find provider info for com.qihoo360.apm.apmdatamanager.ApmDataProvider
07-03 07:08:51.282   600   610 W AlarmManager: Suspiciously short interval 3000 millis; expanding to 60 seconds
07-03 07:08:52.294   600  2379 W AlarmManager: Suspiciously short interval 3000 millis; expanding to 60 seconds
07-03 07:08:57.298   600   634 W ActivityManager: Unable to start service Intent { flg=0x4 pkg=com.zentertain.doublexcasino cmp=com.zentertain.doublexcasino/net.zenjoy.lockscreen.LockService$InitLockScreenTask (has extras) } U=0: not found
07-03 07:08:57.300   600   634 W ActivityManager: Unable to start service Intent { flg=0x4 pkg=com.zentertain.vegasgrandslots cmp=com.zentertain.vegasgrandslots/net.zenjoy.lockscreen.LockService$InitLockScreenTask (has extras) } U=0: not found
07-03 07:09:01.191   600  1694 W ActivityManager: Unable to start service Intent { act=service_action_LOOPER_VALUE pkg=com.qihoo.gameassist } U=0: not found
07-03 07:09:20.543   600   600 V NotificationService: pkg=com.qihoo.appstore canInterrupt=false intercept=true
07-03 07:09:20.558   600   600 V NotificationService: pkg=com.qihoo.appstore canInterrupt=false intercept=true
07-03 07:10:37.396   600   616 E BatteryStatsService: modem info is invalid: ModemActivityInfo{ mTimestamp=0 mSleepTimeMs=0 mIdleTimeMs=0 mTxTimeMs[]=[0, 0, 0, 0, 0] mRxTimeMs=0 mEnergyUsed=0}
07-03 07:11:13.038   600  2380 I ActivityManager: Start proc 11829:com.google.android.talk/u0a55 for service com.google.android.talk/com.google.android.apps.hangouts.concurrent.impl.GcmTriggeredNotifier
07-03 07:11:13.500   600   661 E BatteryStatsService: modem info is invalid: ModemActivityInfo{ mTimestamp=0 mSleepTimeMs=0 mIdleTimeMs=0 mTxTimeMs[]=[0, 0, 0, 0, 0] mRxTimeMs=0 mEnergyUsed=0}
07-03 07:11:13.719   600  5132 D CryptdConnector: SND -> {48 cryptfs getpwtype}
07-03 07:11:13.725   187   193 D VoldCryptCmdListener: cryptfs getpwtype
07-03 07:11:13.728   600   639 D CryptdConnector: RCV <- {213 48 default}
07-03 07:11:43.746   600  2380 I Telecom : PhoneAccountRegistrar: SimCallManager queried, returning: null: TSI.gSCM@ABk
07-03 07:11:56.808   600  5132 I ActivityManager: Killing 8975:com.google.android.apps.walletnfcrel/u0a77 (adj 906): empty for 3365s
07-03 07:11:56.880   600   610 D ActivityManager: cleanUpApplicationRecord -- 8975
07-03 07:14:20.711   600   600 V NotificationService: pkg=com.qihoo.appstore canInterrupt=false intercept=true
07-03 07:14:20.758   600   600 V NotificationService: pkg=com.qihoo.appstore canInterrupt=false intercept=true
07-03 07:14:20.841   600   653 I ActivityManager: Start proc 11915:android.process.acore/u0a4 for content provider com.android.providers.contacts/.ContactsProvider2
07-03 07:14:46.602   600   613 I ActivityManager: Killing 10194:com.google.android.apps.docs/u0a39 (adj 906): empty for 3049s
07-03 07:14:46.724   600  1693 D ActivityManager: cleanUpApplicationRecord -- 10194
07-03 07:15:52.400   600   778 I ActivityManager: Start proc 11941:com.google.android.apps.walletnfcrel/u0a77 for service com.google.android.apps.walletnfcrel/com.google.commerce.tapandpay.android.handsfree.ble.BleScanTaskService
07-03 07:15:53.135   600   778 D CryptdConnector: SND -> {49 cryptfs getpwtype}
07-03 07:15:53.137   187   193 D VoldCryptCmdListener: cryptfs getpwtype
07-03 07:15:53.137   600   639 D CryptdConnector: RCV <- {213 49 default}
07-03 07:16:24.107   600  1160 I ActivityManager: Killing 10937:com.sohu.inputmethod.sogou/u0a890 (adj 906): empty for 2940s
07-03 07:16:24.147   600  2376 D ActivityManager: cleanUpApplicationRecord -- 10937
07-03 07:19:20.777   600   600 V NotificationService: pkg=com.qihoo.appstore canInterrupt=false intercept=true
07-03 07:19:20.793   600   600 V NotificationService: pkg=com.qihoo.appstore canInterrupt=false intercept=true
07-03 07:19:37.388   600   616 E BatteryStatsService: modem info is invalid: ModemActivityInfo{ mTimestamp=0 mSleepTimeMs=0 mIdleTimeMs=0 mTxTimeMs[]=[0, 0, 0, 0, 0] mRxTimeMs=0 mEnergyUsed=0}
07-03 07:24:20.858   600   600 V NotificationService: pkg=com.qihoo.appstore canInterrupt=false intercept=true
07-03 07:24:20.878   600   600 V NotificationService: pkg=com.qihoo.appstore canInterrupt=false intercept=true
07-03 07:29:20.975   600   600 V NotificationService: pkg=com.qihoo.appstore canInterrupt=false intercept=true
07-03 07:29:20.994   600   600 V NotificationService: pkg=com.qihoo.appstore canInterrupt=false intercept=true
07-03 07:29:37.414   600   616 E BatteryStatsService: modem info is invalid: ModemActivityInfo{ mTimestamp=0 mSleepTimeMs=0 mIdleTimeMs=0 mTxTimeMs[]=[0, 0, 0, 0, 0] mRxTimeMs=0 mEnergyUsed=0}
07-03 07:30:55.146   600  2379 I ActivityManager: START u0 {flg=0x10000000 cmp=com.newstart.dragonio/com.zentertain.newstart.Main} from uid 2000 on display 0
07-03 07:31:06.176   600  1694 I ActivityManager: Process com.google.android.gm (pid 8237) has died
07-03 07:31:06.176   600  1694 D ActivityManager: cleanUpApplicationRecord -- 8237
07-03 07:31:13.045   600   612 I UsageStatsService: User[0] Flushing usage stats to disk
07-03 07:32:37.380   600   616 E BatteryStatsService: modem info is invalid: ModemActivityInfo{ mTimestamp=0 mSleepTimeMs=0 mIdleTimeMs=0 mTxTimeMs[]=[0, 0, 0, 0, 0] mRxTimeMs=0 mEnergyUsed=0}
07-03 07:33:14.333   600   649 D ConnectivityService: NetworkAgentInfo [WIFI () - 101] EVENT_NETWORK_INFO_CHANGED, going from CONNECTED to DISCONNECTED
07-03 07:33:14.336   600   649 D ConnectivityService: NetworkAgentInfo [WIFI () - 101] got DISCONNECTED, was satisfying 7
07-03 07:33:14.406  1052  1052 E ActivityThread: Failed to find provider info for com.qihoo360.apm.apmdatamanager.ApmDataProvider
07-03 07:33:14.426  1052  1052 E ActivityThread: Failed to find provider info for com.qihoo360.apm.apmdatamanager.ApmDataProvider
07-03 07:33:14.454  1052  1052 E ActivityThread: Failed to find provider info for com.qihoo360.apm.apmdatamanager.ApmDataProvider
07-03 07:33:14.455  1052  2788 E ActivityThread: Failed to find provider info for com.qihoo360.apm.apmdatamanager.ApmDataProvider
07-03 07:33:14.467  1052  1052 E ActivityThread: Failed to find provider info for com.qihoo360.apm.apmdatamanager.ApmDataProvider
07-03 07:33:14.480  1052  1052 E ActivityThread: Failed to find provider info for com.qihoo360.apm.apmdatamanager.ApmDataProvider
07-03 07:33:14.485  1052  1052 E ActivityThread: Failed to find provider info for com.qihoo360.apm.apmdatamanager.ApmDataProvider
07-03 07:33:14.686   600   649 D ConnectivityService: Sending DISCONNECTED broadcast for type 1 NetworkAgentInfo [WIFI () - 101] isDefaultNetwork=true
07-03 07:33:15.660   600   611 I ActivityManager: Start proc 12344:com.sohu.inputmethod.sogou/u0a890 for broadcast com.sohu.inputmethod.sogou/com.sohu.inputmethod.settings.status.TrafficMonitorReceiver
07-03 07:33:17.035  1052  1052 E ActivityThread: Failed to find provider info for com.qihoo360.apm.apmdatamanager.ApmDataProvider
07-03 07:33:17.042  1052  1052 E ActivityThread: Failed to find provider info for com.qihoo360.apm.apmdatamanager.ApmDataProvider
07-03 07:33:17.195  1052  1052 E ActivityThread: Failed to find provider info for com.qihoo360.apm.apmdatamanager.ApmDataProvider
07-03 07:33:17.200  1052  1052 E ActivityThread: Failed to find provider info for com.qihoo360.apm.apmdatamanager.ApmDataProvider
07-03 07:33:17.284  1052  1052 E ActivityThread: Failed to find provider info for com.qihoo360.apm.apmdatamanager.ApmDataProvider
07-03 07:33:17.291  1052  1052 E ActivityThread: Failed to find provider info for com.qihoo360.apm.apmdatamanager.ApmDataProvider
07-03 07:33:17.311  1052  1052 E ActivityThread: Failed to find provider info for com.qihoo360.apm.apmdatamanager.ApmDataProvider
07-03 07:33:17.312   600   645 D ConnectivityService: registerNetworkAgent NetworkAgentInfo{ ni{[type: WIFI[], state: CONNECTING/CONNECTING, reason: (unspecified), extra: "Zenjoy", failover: false, available: true, roaming: false, metered: false]}  network{102}  nethandle{438103100126}  lp{{LinkAddresses: []  Routes: [] DnsAddresses: [] Domains: null MTU: 0}}  nc{[ Transports: WIFI Capabilities: NOT_METERED&INTERNET&NOT_RESTRICTED&TRUSTED&NOT_VPN LinkUpBandwidth>=1048576Kbps LinkDnBandwidth>=1048576Kbps]}  Score{20}  everValidated{false}  lastValidated{false}  created{false} lingering{false} explicitlySelected{false} acceptUnvalidated{false} everCaptivePortalDetected{false} lastCaptivePortalDetected{false} }
07-03 07:33:17.312   600   649 D ConnectivityService: NetworkAgentInfo [WIFI () - 102] EVENT_NETWORK_INFO_CHANGED, going from null to CONNECTING
07-03 07:33:17.322  1052  1052 E ActivityThread: Failed to find provider info for com.qihoo360.apm.apmdatamanager.ApmDataProvider
07-03 07:33:17.349  1052  1052 E ActivityThread: Failed to find provider info for com.qihoo360.apm.apmdatamanager.ApmDataProvider
07-03 07:33:17.357  1052  1052 E ActivityThread: Failed to find provider info for com.qihoo360.apm.apmdatamanager.ApmDataProvider
07-03 07:33:17.375  1052  2788 E ActivityThread: Failed to find provider info for com.qihoo360.apm.apmdatamanager.ApmDataProvider
07-03 07:33:17.375  1052  1052 E ActivityThread: Failed to find provider info for com.qihoo360.apm.apmdatamanager.ApmDataProvider
07-03 07:33:17.389  1052  1052 E ActivityThread: Failed to find provider info for com.qihoo360.apm.apmdatamanager.ApmDataProvider
07-03 07:33:17.393  1052  2788 E ActivityThread: Failed to find provider info for com.qihoo360.apm.apmdatamanager.ApmDataProvider
07-03 07:33:17.396  1052  1052 E ActivityThread: Failed to find provider info for com.qihoo360.apm.apmdatamanager.ApmDataProvider
07-03 07:33:17.405  1052  1052 E ActivityThread: Failed to find provider info for com.qihoo360.apm.apmdatamanager.ApmDataProvider
07-03 07:33:17.413  1052  1052 E ActivityThread: Failed to find provider info for com.qihoo360.apm.apmdatamanager.ApmDataProvider
07-03 07:33:17.420  1052  1052 E ActivityThread: Failed to find provider info for com.qihoo360.apm.apmdatamanager.ApmDataProvider
07-03 07:33:17.500   600   649 D ConnectivityService: NetworkAgentInfo [WIFI () - 102] EVENT_NETWORK_INFO_CHANGED, going from CONNECTING to CONNECTED
07-03 07:33:17.503   600   649 D ConnectivityService: Adding iface wlan0 to network 102
07-03 07:33:17.517  1052  1052 E ActivityThread: Failed to find provider info for com.qihoo360.apm.apmdatamanager.ApmDataProvider
07-03 07:33:17.526  1052  1052 E ActivityThread: Failed to find provider info for com.qihoo360.apm.apmdatamanager.ApmDataProvider
07-03 07:33:17.535  1052  1052 E ActivityThread: Failed to find provider info for com.qihoo360.apm.apmdatamanager.ApmDataProvider
07-03 07:33:17.553  1052  1052 E ActivityThread: Failed to find provider info for com.qihoo360.apm.apmdatamanager.ApmDataProvider
07-03 07:33:17.626   600   649 D ConnectivityService: Setting DNS servers for network 102 to [/192.168.15.11, /182.92.170.82, /14.215.128.159, /202.106.0.20]
07-03 07:33:17.662  1052  1052 E ActivityThread: Failed to find provider info for com.qihoo360.apm.apmdatamanager.ApmDataProvider
07-03 07:33:17.666  1052  1052 E ActivityThread: Failed to find provider info for com.qihoo360.apm.apmdatamanager.ApmDataProvider
07-03 07:33:17.671   600   649 D ConnectivityService: Switching to new default network: NetworkAgentInfo{ ni{[type: WIFI[], state: CONNECTED/CONNECTED, reason: (unspecified), extra: "Zenjoy", failover: false, available: true, roaming: false, metered: false]}  network{102}  nethandle{438103100126}  lp{{InterfaceName: wlan0 LinkAddresses: [fe80::b6ce:f6ff:fe9e:4157/64,192.168.10.178/23,]  Routes: [fe80::/64 -> :: wlan0,192.168.10.0/23 -> 0.0.0.0 wlan0,0.0.0.0/0 -> 192.168.11.254 wlan0,] DnsAddresses: [192.168.15.11,182.92.170.82,14.215.128.159,202.106.0.20,] Domains: zenjoy.net MTU: 0 TcpBufferSizes: 524288,1048576,2097152,262144,524288,1048576}}  nc{[ Transports: WIFI Capabilities: NOT_METERED&INTERNET&NOT_RESTRICTED&TRUSTED&NOT_VPN&FOREGROUND LinkUpBandwidth>=1048576Kbps LinkDnBandwidth>=1048576Kbps SignalStrength: -59]}  Score{20}  everValidated{false}  lastValidated{false}  created{true} lingering{false} explicitlySelected{false} acceptUnvalidated{false} everCaptivePortalDetected{false} lastCaptivePortalDetected{false} }
07-03 07:33:17.870  1052  1052 E ActivityThread: Failed to find provider info for com.qihoo360.apm.apmdatamanager.ApmDataProvider
07-03 07:33:17.877   600   649 D ConnectivityService: Sending CONNECTED broadcast for type 1 NetworkAgentInfo [WIFI () - 102] isDefaultNetwork=true
07-03 07:33:17.915  1052  1052 E ActivityThread: Failed to find provider info for com.qihoo360.apm.apmdatamanager.ApmDataProvider
07-03 07:33:18.220  1052  1052 E ActivityThread: Failed to find provider info for com.qihoo360.apm.apmdatamanager.ApmDataProvider
07-03 07:33:18.223  1052  1052 E ActivityThread: Failed to find provider info for com.qihoo360.apm.apmdatamanager.ApmDataProvider
07-03 07:33:18.234  1052  2788 E ActivityThread: Failed to find provider info for com.qihoo360.apm.apmdatamanager.ApmDataProvider
07-03 07:33:18.678   600   649 D NetworkNotificationManager: clearNotification id=102
07-03 07:33:18.678   600   649 D ConnectivityService: NetworkAgentInfo [WIFI () - 102] validation passed
07-03 07:33:20.372  1052  2788 E ActivityThread: Failed to find provider info for com.qihoo360.apm.apmdatamanager.ApmDataProvider
07-03 07:33:20.670  1052  1052 E ActivityThread: Failed to find provider info for com.qihoo360.apm.apmdatamanager.ApmDataProvider
07-03 07:33:20.694  1052  1052 E ActivityThread: Failed to find provider info for com.qihoo360.apm.apmdatamanager.ApmDataProvider
07-03 07:33:20.701  1052  1052 E ActivityThread: Failed to find provider info for com.qihoo360.apm.apmdatamanager.ApmDataProvider
07-03 07:33:20.761  1052  1052 E ActivityThread: Failed to find provider info for com.qihoo360.apm.apmdatamanager.ApmDataProvider
07-03 07:33:20.795  1052  2788 E ActivityThread: Failed to find provider info for com.qihoo360.apm.apmdatamanager.ApmDataProvider
07-03 07:33:21.494   600  1694 I ActivityManager: Start proc 12416:com.google.android.videos/u0a74 for service com.google.android.videos/.service.drm.RefreshLicenseTaskService
07-03 07:33:22.611   600  1310 D CryptdConnector: SND -> {50 cryptfs getpwtype}
07-03 07:33:22.611   187   193 D VoldCryptCmdListener: cryptfs getpwtype
07-03 07:33:22.612   600   639 D CryptdConnector: RCV <- {213 50 default}
07-03 07:33:54.014   600  1161 I ActivityManager: Killing 11138:com.google.android.partnersetup/u0a14 (adj 906): empty for 3590s
07-03 07:33:54.353   600  1310 D ActivityManager: cleanUpApplicationRecord -- 11138
07-03 07:34:21.072   600   600 V NotificationService: pkg=com.qihoo.appstore canInterrupt=false intercept=true
07-03 07:34:21.090   600   600 V NotificationService: pkg=com.qihoo.appstore canInterrupt=false intercept=true
07-03 07:34:37.378   600   616 E BatteryStatsService: modem info is invalid: ModemActivityInfo{ mTimestamp=0 mSleepTimeMs=0 mIdleTimeMs=0 mTxTimeMs[]=[0, 0, 0, 0, 0] mRxTimeMs=0 mEnergyUsed=0}
07-03 07:36:14.069   600   649 D ConnectivityService: NetworkAgentInfo [WIFI () - 102] EVENT_NETWORK_INFO_CHANGED, going from CONNECTED to DISCONNECTED
07-03 07:36:14.069   600   649 D ConnectivityService: NetworkAgentInfo [WIFI () - 102] got DISCONNECTED, was satisfying 7
07-03 07:36:14.084  1052  1052 E ActivityThread: Failed to find provider info for com.qihoo360.apm.apmdatamanager.ApmDataProvider
07-03 07:36:14.130  1052  1052 E ActivityThread: Failed to find provider info for com.qihoo360.apm.apmdatamanager.ApmDataProvider
07-03 07:36:14.138  1052  2788 E ActivityThread: Failed to find provider info for com.qihoo360.apm.apmdatamanager.ApmDataProvider
07-03 07:36:14.157  1052  1052 E ActivityThread: Failed to find provider info for com.qihoo360.apm.apmdatamanager.ApmDataProvider
07-03 07:36:14.162  1052  1052 E ActivityThread: Failed to find provider info for com.qihoo360.apm.apmdatamanager.ApmDataProvider
07-03 07:36:14.171  1052  1052 E ActivityThread: Failed to find provider info for com.qihoo360.apm.apmdatamanager.ApmDataProvider
07-03 07:36:14.183  1052  1052 E ActivityThread: Failed to find provider info for com.qihoo360.apm.apmdatamanager.ApmDataProvider
07-03 07:36:14.320   600   649 D ConnectivityService: Sending DISCONNECTED broadcast for type 1 NetworkAgentInfo [WIFI () - 102] isDefaultNetwork=true
07-03 07:36:16.784  1052  1052 E ActivityThread: Failed to find provider info for com.qihoo360.apm.apmdatamanager.ApmDataProvider
07-03 07:36:16.792  1052  1052 E ActivityThread: Failed to find provider info for com.qihoo360.apm.apmdatamanager.ApmDataProvider
07-03 07:36:16.923  1052  1052 E ActivityThread: Failed to find provider info for com.qihoo360.apm.apmdatamanager.ApmDataProvider
07-03 07:36:16.930  1052  1052 E ActivityThread: Failed to find provider info for com.qihoo360.apm.apmdatamanager.ApmDataProvider
07-03 07:36:17.017  1052  1052 E ActivityThread: Failed to find provider info for com.qihoo360.apm.apmdatamanager.ApmDataProvider
07-03 07:36:17.029  1052  1052 E ActivityThread: Failed to find provider info for com.qihoo360.apm.apmdatamanager.ApmDataProvider
07-03 07:36:17.035   600   645 D ConnectivityService: registerNetworkAgent NetworkAgentInfo{ ni{[type: WIFI[], state: CONNECTING/CONNECTING, reason: (unspecified), extra: "Zenjoy", failover: false, available: true, roaming: false, metered: false]}  network{103}  nethandle{442398067422}  lp{{LinkAddresses: []  Routes: [] DnsAddresses: [] Domains: null MTU: 0}}  nc{[ Transports: WIFI Capabilities: NOT_METERED&INTERNET&NOT_RESTRICTED&TRUSTED&NOT_VPN LinkUpBandwidth>=1048576Kbps LinkDnBandwidth>=1048576Kbps]}  Score{20}  everValidated{false}  lastValidated{false}  created{false} lingering{false} explicitlySelected{false} acceptUnvalidated{false} everCaptivePortalDetected{false} lastCaptivePortalDetected{false} }
07-03 07:36:17.036   600   649 D ConnectivityService: NetworkAgentInfo [WIFI () - 103] EVENT_NETWORK_INFO_CHANGED, going from null to CONNECTING
07-03 07:36:17.043  1052  1052 E ActivityThread: Failed to find provider info for com.qihoo360.apm.apmdatamanager.ApmDataProvider
07-03 07:36:17.051  1052  1052 E ActivityThread: Failed to find provider info for com.qihoo360.apm.apmdatamanager.ApmDataProvider
07-03 07:36:17.062  1052  1052 E ActivityThread: Failed to find provider info for com.qihoo360.apm.apmdatamanager.ApmDataProvider
07-03 07:36:17.075  1052  1052 E ActivityThread: Failed to find provider info for com.qihoo360.apm.apmdatamanager.ApmDataProvider
07-03 07:36:17.093  1052  2788 E ActivityThread: Failed to find provider info for com.qihoo360.apm.apmdatamanager.ApmDataProvider
07-03 07:36:17.110  1052  1052 E ActivityThread: Failed to find provider info for com.qihoo360.apm.apmdatamanager.ApmDataProvider
07-03 07:36:17.114  1052  1052 E ActivityThread: Failed to find provider info for com.qihoo360.apm.apmdatamanager.ApmDataProvider
07-03 07:36:17.120  1052  2788 E ActivityThread: Failed to find provider info for com.qihoo360.apm.apmdatamanager.ApmDataProvider
07-03 07:36:17.127  1052  1052 E ActivityThread: Failed to find provider info for com.qihoo360.apm.apmdatamanager.ApmDataProvider
07-03 07:36:17.134  1052  1052 E ActivityThread: Failed to find provider info for com.qihoo360.apm.apmdatamanager.ApmDataProvider
07-03 07:36:17.258   600   649 D ConnectivityService: NetworkAgentInfo [WIFI () - 103] EVENT_NETWORK_INFO_CHANGED, going from CONNECTING to CONNECTED
07-03 07:36:17.265   600   649 D ConnectivityService: Adding iface wlan0 to network 103
